Component: ARM Compiler 5.06 update 2 (build 183) Tool: armlink [4d35b7]

==============================================================================

Section Cross References

    main.o(.text) refers to dflt_clz.o(x$fpl$dflt) for __aeabi_i2d
    main.o(.text) refers to ddiv.o(x$fpl$ddiv) for __aeabi_ddiv
    main.o(.text) refers to dmul.o(x$fpl$dmul) for __aeabi_dmul
    main.o(.text) refers to dfix.o(x$fpl$dfix) for __aeabi_d2iz
    main.o(.text) refers to sqrt.o(i.sqrt) for sqrt
    main.o(.text) refers to malloc.o(.text) for mymalloc
    main.o(.text) refers to daddsub_clz.o(x$fpl$dadd) for __aeabi_dadd
    main.o(.text) refers to dleqf.o(x$fpl$dleqf) for __aeabi_cdcmple
    main.o(.text) refers to daddsub_clz.o(x$fpl$dsub) for __aeabi_dsub
    main.o(.text) refers to delay.o(.text) for delay_init
    main.o(.text) refers to misc.o(.text) for NVIC_PriorityGroupConfig
    main.o(.text) refers to usart.o(.text) for uart_init
    main.o(.text) refers to led.o(.text) for LED_Init
    main.o(.text) refers to sram.o(.text) for FSMC_SRAM_Init
    main.o(.text) refers to timer.o(.text) for TIM3_PWM_Init
    main.o(.text) refers to stm32f10x_gpio.o(.text) for GPIO_ResetBits
    main.o(.text) refers to stm32f10x_tim.o(.text) for TIM_SetCompare2
    main.o(.text) refers to main.o(.data) for StaF
    main.o(.text) refers to main.o(.bss) for buffer
    main.o(.text) refers to system_stm32f10x.o(.data) for SystemCoreClock
    main.o(.text) refers to usmart_config.o(.data) for usmart_dev
    system_stm32f10x.o(.text) refers to system_stm32f10x.o(.data) for SystemCoreClock
    led.o(.text) refers to stm32f10x_rcc.o(.text) for RCC_APB2PeriphClockCmd
    led.o(.text) refers to stm32f10x_gpio.o(.text) for GPIO_Init
    key.o(.text) refers to stm32f10x_rcc.o(.text) for RCC_APB2PeriphClockCmd
    key.o(.text) refers to stm32f10x_gpio.o(.text) for GPIO_Init
    key.o(.text) refers to delay.o(.text) for delay_ms
    key.o(.text) refers to key.o(.data) for key_up
    timer.o(.text) refers to stm32f10x_rcc.o(.text) for RCC_APB1PeriphClockCmd
    timer.o(.text) refers to stm32f10x_tim.o(.text) for TIM_TimeBaseInit
    timer.o(.text) refers to misc.o(.text) for NVIC_Init
    timer.o(.text) refers to stm32f10x_usart.o(.text) for USART_SendData
    timer.o(.text) refers to stm32f10x_gpio.o(.text) for GPIO_PinRemapConfig
    timer.o(.text) refers to main.o(.bss) for buffer
    timer.o(.text) refers to timer.o(.data) for count
    timer.o(.text) refers to main.o(.data) for now_f
    sram.o(.text) refers to stm32f10x_rcc.o(.text) for RCC_APB2PeriphClockCmd
    sram.o(.text) refers to stm32f10x_gpio.o(.text) for GPIO_Init
    sram.o(.text) refers to stm32f10x_fsmc.o(.text) for FSMC_NORSRAMInit
    delay.o(.text) refers to misc.o(.text) for SysTick_CLKSourceConfig
    delay.o(.text) refers to system_stm32f10x.o(.data) for SystemCoreClock
    delay.o(.text) refers to delay.o(.data) for fac_us
    usart.o(.text) refers (Special) to use_no_semi_2.o(.text) for __use_no_semihosting
    usart.o(.text) refers to stm32f10x_rcc.o(.text) for RCC_APB2PeriphClockCmd
    usart.o(.text) refers to stm32f10x_gpio.o(.text) for GPIO_Init
    usart.o(.text) refers to misc.o(.text) for NVIC_Init
    usart.o(.text) refers to stm32f10x_usart.o(.text) for USART_Init
    usart.o(.text) refers to usart.o(.data) for USART_RX_STA
    usart.o(.text) refers to usart.o(.bss) for USART_RX_BUF
    usart.o(.bss) refers (Special) to use_no_semi_2.o(.text) for __use_no_semihosting
    usart.o(.data) refers (Special) to use_no_semi_2.o(.text) for __use_no_semihosting
    startup_stm32f10x_hd.o(STACK) refers (Special) to heapauxi.o(.text) for __use_two_region_memory
    startup_stm32f10x_hd.o(HEAP) refers (Special) to heapauxi.o(.text) for __use_two_region_memory
    startup_stm32f10x_hd.o(RESET) refers (Special) to heapauxi.o(.text) for __use_two_region_memory
    startup_stm32f10x_hd.o(RESET) refers to startup_stm32f10x_hd.o(STACK) for __initial_sp
    startup_stm32f10x_hd.o(RESET) refers to startup_stm32f10x_hd.o(.text) for Reset_Handler
    startup_stm32f10x_hd.o(RESET) refers to stm32f10x_it.o(.text) for NMI_Handler
    startup_stm32f10x_hd.o(RESET) refers to timer.o(.text) for TIM2_IRQHandler
    startup_stm32f10x_hd.o(RESET) refers to usmart.o(.text) for TIM4_IRQHandler
    startup_stm32f10x_hd.o(RESET) refers to usart.o(.text) for USART1_IRQHandler
    startup_stm32f10x_hd.o(.text) refers (Special) to heapauxi.o(.text) for __use_two_region_memory
    startup_stm32f10x_hd.o(.text) refers to system_stm32f10x.o(.text) for SystemInit
    startup_stm32f10x_hd.o(.text) refers to __main.o(!!!main) for __main
    startup_stm32f10x_hd.o(.text) refers to startup_stm32f10x_hd.o(HEAP) for Heap_Mem
    startup_stm32f10x_hd.o(.text) refers to startup_stm32f10x_hd.o(STACK) for Stack_Mem
    stm32f10x_gpio.o(.text) refers to stm32f10x_rcc.o(.text) for RCC_APB2PeriphResetCmd
    stm32f10x_rcc.o(.text) refers to stm32f10x_rcc.o(.data) for APBAHBPrescTable
[...]
    ../clib/printf.c                         0x00000000   Number         0  __printf_flags.o ABSOLUTE
    ../clib/printf.c                         0x00000000   Number         0  __printf_ss.o ABSOLUTE
    ../clib/printf.c                         0x00000000   Number         0  __printf_flags_ss.o ABSOLUTE
    ../clib/printf.c                         0x00000000   Number         0  __printf_wp.o ABSOLUTE
    ../clib/printf.c                         0x00000000   Number         0  _printf_intcommon.o ABSOLUTE
    ../clib/printf.c                         0x00000000   Number         0  __printf_flags_wp.o ABSOLUTE
    ../clib/printf.c                         0x00000000   Number         0  __printf_flags_ss_wp.o ABSOLUTE
    ../clib/printf.c                         0x00000000   Number         0  _printf_char_file.o ABSOLUTE
    ../clib/printf.c                         0x00000000   Number         0  _printf_char.o ABSOLUTE
    ../clib/printf_percent.s                 0x00000000   Number         0  _printf_x.o ABSOLUTE
    ../clib/printf_percent.s                 0x00000000   Number         0  _printf_percent_end.o ABSOLUTE
    ../clib/printf_percent.s                 0x00000000   Number         0  _printf_d.o ABSOLUTE
    ../clib/printf_percent.s                 0x00000000   Number         0  _printf_c.o ABSOLUTE
    ../clib/printf_percent.s                 0x00000000   Number         0  _printf_u.o ABSOLUTE
    ../clib/printf_percent.s                 0x00000000   Number         0  _printf_s.o ABSOLUTE
    ../clib/printf_percent.s                 0x00000000   Number         0  _printf_percent.o ABSOLUTE
    ../clib/signal.c                         0x00000000   Number         0  defsig_fpe_inner.o ABSOLUTE
    ../clib/signal.c                         0x00000000   Number         0  defsig_abrt_inner.o ABSOLUTE
    ../clib/signal.c                         0x00000000   Number         0  defsig_general.o ABSOLUTE
    ../clib/signal.c                         0x00000000   Number         0  __raise.o ABSOLUTE
    ../clib/signal.c                         0x00000000   Number         0  defsig_exit.o ABSOLUTE
    ../clib/signal.c                         0x00000000   Number         0  defsig_rtmem_formal.o ABSOLUTE
    ../clib/signal.c                         0x00000000   Number         0  defsig_rtmem_outer.o ABSOLUTE
    ../clib/signal.c                         0x00000000   Number         0  defsig_rtmem_inner.o ABSOLUTE
    ../clib/signal.c                         0x00000000   Number         0  defsig_other.o ABSOLUTE
    ../clib/signal.c                         0x00000000   Number         0  defsig_segv_inner.o ABSOLUTE
    ../clib/signal.c                         0x00000000   Number         0  defsig_cppl_inner.o ABSOLUTE
    ../clib/signal.c                         0x00000000   Number         0  defsig_pvfn_inner.o ABSOLUTE
    ../clib/signal.c                         0x00000000   Number         0  defsig_stak_inner.o ABSOLUTE
    ../clib/signal.c                         0x00000000   Number         0  defsig_rtred_inner.o ABSOLUTE
    ../clib/signal.s                         0x00000000   Number         0  defsig.o ABSOLUTE
    ../clib/stdio.c                          0x00000000   Number         0  ferror_locked.o ABSOLUTE
    ../clib/stdio.c                          0x00000000   Number         0  ferror.o ABSOLUTE
    ../clib/stdlib.c                         0x00000000   Number         0  exit.o ABSOLUTE
    ../fplib/daddsub.s                       0x00000000   Number         0  daddsub_clz.o ABSOLUTE
    ../fplib/dcmpi.s                         0x00000000   Number         0  dcmpi.o ABSOLUTE
    ../fplib/ddiv.s                          0x00000000   Number         0  ddiv.o ABSOLUTE
    ../fplib/dfix.s                          0x00000000   Number         0  dfix.o ABSOLUTE
    ../fplib/dflt.s                          0x00000000   Number         0  dflt_clz.o ABSOLUTE
    ../fplib/dleqf.s                         0x00000000   Number         0  dleqf.o ABSOLUTE
    ../fplib/dmul.s                          0x00000000   Number         0  dmul.o ABSOLUTE
    ../fplib/dnaninf.s                       0x00000000   Number         0  dnaninf.o ABSOLUTE
    ../fplib/dretinf.s                       0x00000000   Number         0  dretinf.o ABSOLUTE
    ../fplib/dsqrt.s                         0x00000000   Number         0  dsqrt_noumaal.o ABSOLUTE
    ../fplib/fpinit.s                        0x00000000   Number         0  fpinit.o ABSOLUTE
    ../fplib/usenofp.s                       0x00000000   Number         0  usenofp.o ABSOLUTE
    ../mathlib/sqrt.c                        0x00000000   Number         0  sqrt.o ABSOLUTE
    ../mathlib/sqrt.c                        0x00000000   Number         0  sqrt_x.o ABSOLUTE
    ..\CORE\core_cm3.c                       0x00000000   Number         0  core_cm3.o ABSOLUTE
    ..\CORE\startup_stm32f10x_hd.s           0x00000000   Number         0  startup_stm32f10x_hd.o ABSOLUTE
    ..\HARDWARE\KEY\key.c                    0x00000000   Number         0  key.o ABSOLUTE
    ..\HARDWARE\LED\led.c                    0x00000000   Number         0  led.o ABSOLUTE
    ..\HARDWARE\SRAM\sram.c                  0x00000000   Number         0  sram.o ABSOLUTE
    ..\HARDWARE\TIMER\timer.c                0x00000000   Number         0  timer.o ABSOLUTE
    ..\MALLOC\malloc.c                       0x00000000   Number         0  malloc.o ABSOLUTE
    ..\STM32F10x_FWLib\src\misc.c            0x00000000   Number         0  misc.o ABSOLUTE
    ..\STM32F10x_FWLib\src\stm32f10x_fsmc.c  0x00000000   Number         0  stm32f10x_fsmc.o ABSOLUTE
    ..\STM32F10x_FWLib\src\stm32f10x_gpio.c  0x00000000   Number         0  stm32f10x_gpio.o ABSOLUTE
    ..\STM32F10x_FWLib\src\stm32f10x_rcc.c   0x00000000   Number         0  stm32f10x_rcc.o ABSOLUTE
    ..\STM32F10x_FWLib\src\stm32f10x_tim.c   0x00000000   Number         0  stm32f10x_tim.o ABSOLUTE
    ..\STM32F10x_FWLib\src\stm32f10x_usart.c 0x00000000   Number         0  stm32f10x_usart.o ABSOLUTE
    ..\SYSTEM\delay\delay.c                  0x00000000   Number         0  delay.o ABSOLUTE
    ..\SYSTEM\sys\sys.c                      0x00000000   Number         0  sys.o ABSOLUTE
    ..\SYSTEM\usart\usart.c                  0x00000000   Number         0  usart.o ABSOLUTE
    ..\USMART\usmart.c                       0x00000000   Number         0  usmart.o ABSOLUTE
    ..\USMART\usmart_config.c                0x00000000   Number         0  usmart_config.o ABSOLUTE
    ..\USMART\usmart_str.c                   0x00000000   Number         0  usmart_str.o ABSOLUTE
    ..\\CORE\\core_cm3.c                     0x00000000   Number         0  core_cm3.o ABSOLUTE
    ..\\SYSTEM\\sys\\sys.c                   0x00000000   Number         0  sys.o ABSOLUTE
    dc.s                                     0x00000000   Number         0  dc.o ABSOLUTE
    main.c                                   0x00000000   Number         0  main.o ABSOLUTE
    stm32f10x_it.c                           0x00000000   Number         0  stm32f10x_it.o ABSOLUTE
    system_stm32f10x.c                       0x00000000   Number         0  system_stm32f10x.o ABSOLUTE
    RESET                                    0x08000000   Section      304  startup_stm32f10x_hd.o(RESET)
    !!!main                                  0x08000130   Section        8  __main.o(!!!main)
    !!!scatter                               0x08000138   Section       52  __scatter.o(!!!scatter)
    !!dczerorl2                              0x0800016c   Section       90  __dczerorl2.o(!!dczerorl2)
    !!handler_zi                             0x080001c8   Section       28  __scatter_zi.o(!!handler_zi)
    .ARM.Collect$$_printf_percent$$00000000  0x080001e4   Section        0  _printf_percent.o(.ARM.Collect$$_printf_percent$$00000000)
    .ARM.Collect$$_printf_percent$$00000009  0x080001e4   Section        6  _printf_d.o(.ARM.Collect$$_printf_percent$$00000009)
    .ARM.Collect$$_printf_percent$$0000000A  0x080001ea   Section        6  _printf_u.o(.ARM.Collect$$_printf_percent$$0000000A)
    .ARM.Collect$$_printf_percent$$0000000C  0x080001f0   Section        6  _printf_x.o(.ARM.Collect$$_printf_percent$$0000000C)
    .ARM.Collect$$_printf_percent$$00000013  0x080001f6   Section        6  _printf_c.o(.ARM.Collect$$_printf_percent$$00000013)
    .ARM.Collect$$_printf_percent$$00000014  0x080001fc   Section        6  _printf_s.o(.ARM.Collect$$_printf_percent$$00000014)
    .ARM.Collect$$_printf_percent$$00000017  0x08000202   Section        4  _printf_percent_end.o(.ARM.Collect$$_printf_percent$$00000017)
    .ARM.Collect$$libinit$$00000000          0x08000206   Section        2  libinit.o(.ARM.Collect$$libinit$$00000000)
    .ARM.Collect$$libinit$$00000002          0x08000208   Section        0  libinit2.o(.ARM.Collect$$libinit$$00000002)
    .ARM.Collect$$libinit$$00000004          0x08000208   Section        0  libinit2.o(.ARM.Collect$$libinit$$00000004)
    .ARM.Collect$$libinit$$0000000A          0x08000208   Section        0  libinit2.o(.ARM.Collect$$libinit$$0000000A)
    .ARM.Collect$$libinit$$0000000C          0x08000208   Section        0  libinit2.o(.ARM.Collect$$libinit$$0000000C)
    .ARM.Collect$$libinit$$0000000E          0x08000208   Section        0  libinit2.o(.ARM.Collect$$libinit$$0000000E)
    .ARM.Collect$$libinit$$00000011          0x08000208   Section        0  libinit2.o(.ARM.Collect$$libinit$$00000011)
    .ARM.Collect$$libinit$$00000013          0x08000208   Section        0  libinit2.o(.ARM.Collect$$libinit$$00000013)
    .ARM.Collect$$libinit$$00000015          0x08000208   Section        0  libinit2.o(.ARM.Collect$$libinit$$00000015)
    .ARM.Collect$$libinit$$00000017          0x08000208   Section        0  libinit2.o(.ARM.Collect$$libinit$$00000017)
    .ARM.Collect$$libinit$$00000019          0x08000208   Section        0  libinit2.o(.ARM.Collect$$libinit$$00000019)
    .ARM.Collect$$libinit$$0000001B          0x08000208   Section        0  libinit2.o(.ARM.Collect$$libinit$$0000001B)
    .ARM.Collect$$libinit$$0000001D          0x08000208   Section        0  libinit2.o(.ARM.Collect$$libinit$$0000001D)
    .ARM.Collect$$libinit$$0000001F          0x08000208   Section        0  libinit2.o(.ARM.Collect$$libinit$$0000001F)
    .ARM.Collect$$libinit$$00000021          0x08000208   Section        0  libinit2.o(.ARM.Collect$$libinit$$00000021)
    .ARM.Collect$$libinit$$00000023          0x08000208   Section        0  libinit2.o(.ARM.Collect$$libinit$$00000023)
    .ARM.Collect$$libinit$$00000025          0x08000208   Section        0  libinit2.o(.ARM.Collect$$libinit$$00000025)
    .ARM.Collect$$libinit$$0000002C          0x08000208   Section        0  libinit2.o(.ARM.Collect$$libinit$$0000002C)
    .ARM.Collect$$libinit$$0000002E          0x08000208   Section        0  libinit2.o(.ARM.Collect$$libinit$$0000002E)
    .ARM.Collect$$libinit$$00000030          0x08000208   Section        0  libinit2.o(.ARM.Collect$$libinit$$00000030)
    .ARM.Collect$$libinit$$00000032          0x08000208   Section        0  libinit2.o(.ARM.Collect$$libinit$$00000032)
    .ARM.Collect$$libinit$$00000033          0x08000208   Section        2  libinit2.o(.ARM.Collect$$libinit$$00000033)
    .ARM.Collect$$libshutdown$$00000000      0x0800020a   Section        2  libshutdown.o(.ARM.Collect$$libshutdown$$00000000)
    .ARM.Collect$$libshutdown$$00000002      0x0800020c   Section        0  libshutdown2.o(.ARM.Collect$$libshutdown$$00000002)
    .ARM.Collect$$libshutdown$$00000004      0x0800020c   Section        0  libshutdown2.o(.ARM.Collect$$libshutdown$$00000004)
    .ARM.Collect$$libshutdown$$00000007      0x0800020c   Section        0  libshutdown2.o(.ARM.Collect$$libshutdown$$00000007)
    .ARM.Collect$$libshutdown$$0000000A      0x0800020c   Section        0  libshutdown2.o(.ARM.Collect$$libshutdown$$0000000A)
    .ARM.Collect$$libshutdown$$0000000C      0x0800020c   Section        0  libshutdown2.o(.ARM.Collect$$libshutdown$$0000000C)
    .ARM.Collect$$libshutdown$$0000000F      0x0800020c   Section        0  libshutdown2.o(.ARM.Collect$$libshutdown$$0000000F)
    .ARM.Collect$$libshutdown$$00000010      0x0800020c   Section        2  libshutdown2.o(.ARM.Collect$$libshutdown$$00000010)
    .ARM.Collect$$rtentry$$00000000          0x0800020e   Section        0  __rtentry.o(.ARM.Collect$$rtentry$$00000000)
    .ARM.Collect$$rtentry$$00000002          0x0800020e   Section        0  __rtentry2.o(.ARM.Collect$$rtentry$$00000002)
    .ARM.Collect$$rtentry$$00000004          0x0800020e   Section        6  __rtentry4.o(.ARM.Collect$$rtentry$$00000004)
    .ARM.Collect$$rtentry$$00000009          0x08000214   Section        0  __rtentry2.o(.ARM.Collect$$rtentry$$00000009)
    .ARM.Collect$$rtentry$$0000000A          0x08000214   Section        4  __rtentry2.o(.ARM.Collect$$rtentry$$0000000A)
    .ARM.Collect$$rtentry$$0000000C          0x08000218   Section        0  __rtentry2.o(.ARM.Collect$$rtentry$$0000000C)
    .ARM.Collect$$rtentry$$0000000D          0x08000218   Section        8  __rtentry2.o(.ARM.Collect$$rtentry$$0000000D)
    .ARM.Collect$$rtexit$$00000000           0x08000220   Section        2  rtexit.o(.ARM.Collect$$rtexit$$00000000)
    .ARM.Collect$$rtexit$$00000002           0x08000222   Section        0  rtexit2.o(.ARM.Collect$$rtexit$$00000002)
    .ARM.Collect$$rtexit$$00000003           0x08000222   Section        4  rtexit2.o(.ARM.Collect$$rtexit$$00000003)
    .ARM.Collect$$rtexit$$00000004           0x08000226   Section        6  rtexit2.o(.ARM.Collect$$rtexit$$00000004)
    .text                                    0x0800022c   Section        0  main.o(.text)
    .text                                    0x0800053c   Section        0  stm32f10x_it.o(.text)
    .text                                    0x08000558   Section        0  system_stm32f10x.o(.text)
    SetSysClockTo72                          0x08000559   Thumb Code   214  system_stm32f10x.o(.text)
    SetSysClock                              0x0800062f   Thumb Code     8  system_stm32f10x.o(.text)
    .text                                    0x08000738   Section        0  led.o(.text)
    .text                                    0x080007c0   Section        0  timer.o(.text)
    .text                                    0x08000950   Section        0  sram.o(.text)
    .text                                    0x08000a68   Section        0  delay.o(.text)
    .text                                    0x08000b3c   Section        0  usart.o(.text)
    .text                                    0x08000c7c   Section       64  startup_stm32f10x_hd.o(.text)
    .text                                    0x08000cbc   Section        0  misc.o(.text)
    .text                                    0x08000d98   Section        0  stm32f10x_gpio.o(.text)
    .text                                    0x080010f4   Section        0  stm32f10x_rcc.o(.text)
    .text                                    0x08001498   Section        0  stm32f10x_tim.o(.text)
    TI4_Config                               0x0800193f   Thumb Code   130  stm32f10x_tim.o(.text)
    TI3_Config                               0x080019d3   Thumb Code   122  stm32f10x_tim.o(.text)
    TI2_Config                               0x08001a67   Thumb Code   130  stm32f10x_tim.o(.text)
    TI1_Config                               0x08001afb   Thumb Code   108  stm32f10x_tim.o(.text)
    .text                                    0x080022b4   Section        0  stm32f10x_usart.o(.text)
    .text                                    0x080026bc   Section        0  stm32f10x_fsmc.o(.text)
    .text                                    0x08002cc8   Section        0  usmart.o(.text)
    .text                                    0x08003900   Section        0  usmart_str.o(.text)
    .text                                    0x08003e28   Section        0  malloc.o(.text)
    .text                                    0x08004054   Section        2  use_no_semi_2.o(.text)
    .text                                    0x08004058   Section        0  noretval__2printf.o(.text)
    .text                                    0x08004070   Section        0  _printf_pad.o(.text)
    .text                                    0x080040be   Section        0  _printf_str.o(.text)
    .text                                    0x08004110   Section        0  _printf_dec.o(.text)
    .text                                    0x08004188   Section        0  _printf_hex_int.o(.text)
    .text                                    0x080041e0   Section        0  __printf_flags_ss_wp.o(.text)
    .text                                    0x08004368   Section        0  heapauxi.o(.text)
    .text                                    0x0800436e   Section        2  use_no_semi.o(.text)
    .text                                    0x08004370   Section        0  _rserrno.o(.text)
    .text                                    0x08004386   Section        0  _printf_intcommon.o(.text)
    .text                                    0x08004438   Section        0  _printf_char.o(.text)
    .text                                    0x08004464   Section        0  _printf_char_file.o(.text)
    .text                                    0x08004488   Section        8  rt_errno_addr_intlibspace.o(.text)
    .text                                    0x08004490   Section        0  _printf_char_common.o(.text)
    _printf_input_char                       0x08004491   Thumb Code    10  _printf_char_common.o(.text)
    .text                                    0x080044c0   Section        0  ferror.o(.text)
    .text                                    0x080044c8   Section        8  libspace.o(.text)
    .text                                    0x080044d0   Section       74  sys_stackheap_outer.o(.text)
    .text                                    0x0800451a   Section        0  exit.o(.text)
    i._is_digit                              0x0800452c   Section        0  __printf_wp.o(i._is_digit)
    i.sqrt                                   0x0800453a   Section        0  sqrt.o(i.sqrt)
    x$fpl$dadd                               0x08004588   Section      336  daddsub_clz.o(x$fpl$dadd)
    _dadd1                                   0x08004599   Thumb Code     0  daddsub_clz.o(x$fpl$dadd)
    x$fpl$dcmpinf                            0x080046d8   Section       24  dcmpi.o(x$fpl$dcmpinf)
    x$fpl$ddiv                               0x080046f0   Section      688  ddiv.o(x$fpl$ddiv)
    ddiv_entry                               0x080046f7   Thumb Code     0  ddiv.o(x$fpl$ddiv)
    x$fpl$dfix                               0x080049a0   Section       94  dfix.o(x$fpl$dfix)
    x$fpl$dflt                               0x080049fe   Section       46  dflt_clz.o(x$fpl$dflt)
    x$fpl$dleqf                              0x08004a2c   Section      120  dleqf.o(x$fpl$dleqf)
    x$fpl$dmul                               0x08004aa4   Section      340  dmul.o(x$fpl$dmul)
    x$fpl$dnaninf                            0x08004bf8   Section      156  dnaninf.o(x$fpl$dnaninf)
    x$fpl$dretinf                            0x08004c94   Section       12  dretinf.o(x$fpl$dretinf)
    x$fpl$dsqrt                              0x08004ca0   Section      460  dsqrt_noumaal.o(x$fpl$dsqrt)
    x$fpl$dsub                               0x08004e6c   Section      468  daddsub_clz.o(x$fpl$dsub)
    _dsub1                                   0x08004e7d   Thumb Code     0  daddsub_clz.o(x$fpl$dsub)
    .constdata                               0x08005040   Section       24  malloc.o(.constdata)
    x$fpl$usenofp                            0x08005040   Section        0  usenofp.o(x$fpl$usenofp)
    .constdata                               0x08005058   Section       40  _printf_hex_int.o(.constdata)
    uc_hextab                                0x08005058   Data          20  _printf_hex_int.o(.constdata)
    lc_hextab                                0x0800506c   Data          20  _printf_hex_int.o(.constdata)
    .constdata                               0x08005080   Section       17  __printf_flags_ss_wp.o(.constdata)
    maptable                                 0x08005080   Data          17  __printf_flags_ss_wp.o(.constdata)
    .conststring                             0x08005094   Section       40  usmart.o(.conststring)
    .conststring                             0x080050bc   Section      179  usmart_config.o(.conststring)
    .data                                    0x20000000   Section       72  main.o(.data)
    .data                                    0x20000048   Section       20  system_stm32f10x.o(.data)
    .data                                    0x2000005c   Section        4  timer.o(.data)
    .data                                    0x20000060   Section        4  delay.o(.data)
    fac_us                                   0x20000060   Data           1  delay.o(.data)
    fac_ms                                   0x20000062   Data           2  delay.o(.data)
    .data                                    0x20000064   Section        6  usart.o(.data)
    .data                                    0x2000006a   Section       20  stm32f10x_rcc.o(.data)
    APBAHBPrescTable                         0x2000006a   Data          16  stm32f10x_rcc.o(.data)
    ADCPrescTable                            0x2000007a   Data           4  stm32f10x_rcc.o(.data)
    .data                                    0x20000080   Section       28  usmart.o(.data)
    .data                                    0x2000009c   Section      300  usmart_config.o(.data)
    .data                                    0x200001c8   Section       28  malloc.o(.data)
    .bss                                     0x200001e4   Section     4000  main.o(.bss)
    .bss                                     0x20001184   Section      200  usart.o(.bss)
    .bss                                     0x20001260   Section    43520  malloc.o(.bss)
    .bss                                     0x2000bc60   Section       96  libspace.o(.bss)
    HEAP                                     0x2000bcc0   Section      512  startup_stm32f10x_hd.o(HEAP)
    Heap_Mem                                 0x2000bcc0   Data         512  startup_stm32f10x_hd.o(HEAP)
    STACK                                    0x2000bec0   Section     1024  startup_stm32f10x_hd.o(STACK)
    Stack_Mem                                0x2000bec0   Data        1024  startup_stm32f10x_hd.o(STACK)
    __initial_sp                             0x2000c2c0   Data           0  startup_stm32f10x_hd.o(STACK)
    .ARM.__AT_0x68000000                     0x68000000   Section    983040  malloc.o(.ARM.__AT_0x68000000)
    .ARM.__AT_0x680F0000                     0x680f0000   Section    61440  malloc.o(.ARM.__AT_0x680F0000)

    Global Symbols

    Symbol Name                              Value     Ov Type        Size  Object(Section)

    BuildAttributes$$THM_ISAv4$P$D$K$B$S$PE$A:L22UL41UL21$X:L11$S22US41US21$IEEE1$IW$USESV6$~STKCKD$USESV7$~SHL$OTIME$ROPI$IEEEJ$EBA8$UX$STANDARDLIB$REQ8$PRES8$EABIv2 0x00000000   Number         0  anon$$obj.o ABSOLUTE
    __ARM_use_no_argv                        0x00000000   Number         0  main.o ABSOLUTE
    _printf_flags                            0x00000000   Number         0  printf_stubs.o ABSOLUTE
    _printf_return_value                     0x00000000   Number         0  printf_stubs.o ABSOLUTE
    _printf_sizespec                         0x00000000   Number         0  printf_stubs.o ABSOLUTE
    _printf_widthprec                        0x00000000   Number         0  printf_stubs.o ABSOLUTE
    __ARM_exceptions_init                     - Undefined Weak Reference
    __alloca_initialize                       - Undefined Weak Reference
    __arm_preinit_                            - Undefined Weak Reference
    __cpp_initialize__aeabi_                  - Undefined Weak Reference
    __cxa_finalize                            - Undefined Weak Reference
    __rt_locale                               - Undefined Weak Reference
    __sigvec_lookup                           - Undefined Weak Reference
    _atexit_init                              - Undefined Weak Reference
    _call_atexit_fns                          - Undefined Weak Reference
    _clock_init                               - Undefined Weak Reference
    _fp_trap_init                             - Undefined Weak Reference
    _fp_trap_shutdown                         - Undefined Weak Reference
    _get_lc_collate                           - Undefined Weak Reference
    _get_lc_ctype                             - Undefined Weak Reference
    _get_lc_monetary                          - Undefined Weak Reference
    _get_lc_numeric                           - Undefined Weak Reference
    _get_lc_time                              - Undefined Weak Reference
    _getenv_init                              - Undefined Weak Reference
    _handle_redirection                       - Undefined Weak Reference
    _init_alloc                               - Undefined Weak Reference
    _init_user_alloc                          - Undefined Weak Reference
    _initio                                   - Undefined Weak Reference
    _mutex_acquire                            - Undefined Weak Reference
    _mutex_release                            - Undefined Weak Reference
    _printf_mbtowc                            - Undefined Weak Reference
    _printf_truncate_signed                   - Undefined Weak Reference
    _printf_truncate_unsigned                 - Undefined Weak Reference
    _rand_init                                - Undefined Weak Reference
    _signal_finish                            - Undefined Weak Reference
    _signal_init                              - Undefined Weak Reference
    _terminate_alloc                          - Undefined Weak Reference
    _terminate_user_alloc                     - Undefined Weak Reference
    _terminateio                              - Undefined Weak Reference
    __Vectors_Size                           0x00000130   Number         0  startup_stm32f10x_hd.o ABSOLUTE
    __Vectors                                0x08000000   Data           4  startup_stm32f10x_hd.o(RESET)
    __Vectors_End                            0x08000130   Data           0  startup_stm32f10x_hd.o(RESET)
    __main                                   0x08000131   Thumb Code     8  __main.o(!!!main)
    __scatterload                            0x08000139   Thumb Code     0  __scatter.o(!!!scatter)
    __scatterload_rt2                        0x08000139   Thumb Code    44  __scatter.o(!!!scatter)
    __scatterload_rt2_thumb_only             0x08000139   Thumb Code     0  __scatter.o(!!!scatter)
    __scatterload_null                       0x08000147   Thumb Code     0  __scatter.o(!!!scatter)
    __decompress                             0x0800016d   Thumb Code    90  __dczerorl2.o(!!dczerorl2)
    __decompress1                            0x0800016d   Thumb Code     0  __dczerorl2.o(!!dczerorl2)
    __scatterload_zeroinit                   0x080001c9   Thumb Code    28  __scatter_zi.o(!!handler_zi)
    _printf_d                                0x080001e5   Thumb Code     0  _printf_d.o(.ARM.Collect$$_printf_percent$$00000009)
    _printf_percent                          0x080001e5   Thumb Code     0  _printf_percent.o(.ARM.Collect$$_printf_percent$$00000000)
    _printf_u                                0x080001eb   Thumb Code     0  _printf_u.o(.ARM.Collect$$_printf_percent$$0000000A)
    _printf_x                                0x080001f1   Thumb Code     0  _printf_x.o(.ARM.Collect$$_printf_percent$$0000000C)
    _printf_c                                0x080001f7   Thumb Code     0  _printf_c.o(.ARM.Collect$$_printf_percent$$00000013)
    _printf_s                                0x080001fd   Thumb Code     0  _printf_s.o(.ARM.Collect$$_printf_percent$$00000014)
    _printf_percent_end                      0x08000203   Thumb Code     0  _printf_percent_end.o(.ARM.Collect$$_printf_percent$$00000017)
    __rt_lib_init                            0x08000207   Thumb Code     0  libinit.o(.ARM.Collect$$libinit$$00000000)
    __rt_lib_init_alloca_1                   0x08000209   Thumb Code     0  libinit2.o(.ARM.Collect$$libinit$$0000002E)
    __rt_lib_init_argv_1                     0x08000209   Thumb Code     0  libinit2.o(.ARM.Collect$$libinit$$0000002C)
    __rt_lib_init_atexit_1                   0x08000209   Thumb Code     0  libinit2.o(.ARM.Collect$$libinit$$0000001B)
    __rt_lib_init_clock_1                    0x08000209   Thumb Code     0  libinit2.o(.ARM.Collect$$libinit$$00000021)
    __rt_lib_init_cpp_1                      0x08000209   Thumb Code     0  libinit2.o(.ARM.Collect$$libinit$$00000032)
    __rt_lib_init_exceptions_1               0x08000209   Thumb Code     0  libinit2.o(.ARM.Collect$$libinit$$00000030)
    __rt_lib_init_fp_1                       0x08000209   Thumb Code     0  libinit2.o(.ARM.Collect$$libinit$$00000002)
    __rt_lib_init_fp_trap_1                  0x08000209   Thumb Code     0  libinit2.o(.ARM.Collect$$libinit$$0000001F)
    __rt_lib_init_getenv_1                   0x08000209   Thumb Code     0  libinit2.o(.ARM.Collect$$libinit$$00000023)
    __rt_lib_init_heap_1                     0x08000209   Thumb Code     0  libinit2.o(.ARM.Collect$$libinit$$0000000A)
    __rt_lib_init_lc_collate_1               0x08000209   Thumb Code     0  libinit2.o(.ARM.Collect$$libinit$$00000011)
    __rt_lib_init_lc_ctype_1                 0x08000209   Thumb Code     0  libinit2.o(.ARM.Collect$$libinit$$00000013)
    __rt_lib_init_lc_monetary_1              0x08000209   Thumb Code     0  libinit2.o(.ARM.Collect$$libinit$$00000015)
    __rt_lib_init_lc_numeric_1               0x08000209   Thumb Code     0  libinit2.o(.ARM.Collect$$libinit$$00000017)
    __rt_lib_init_lc_time_1                  0x08000209   Thumb Code     0  libinit2.o(.ARM.Collect$$libinit$$00000019)
    __rt_lib_init_preinit_1                  0x08000209   Thumb Code     0  libinit2.o(.ARM.Collect$$libinit$$00000004)
    __rt_lib_init_rand_1                     0x08000209   Thumb Code     0  libinit2.o(.ARM.Collect$$libinit$$0000000E)
    __rt_lib_init_return                     0x08000209   Thumb Code     0  libinit2.o(.ARM.Collect$$libinit$$00000033)
    __rt_lib_init_signal_1                   0x08000209   Thumb Code     0  libinit2.o(.ARM.Collect$$libinit$$0000001D)
    __rt_lib_init_stdio_1                    0x08000209   Thumb Code     0  libinit2.o(.ARM.Collect$$libinit$$00000025)
    __rt_lib_init_user_alloc_1               0x08000209   Thumb Code     0  libinit2.o(.ARM.Collect$$libinit$$0000000C)
    __rt_lib_shutdown                        0x0800020b   Thumb Code     0  libshutdown.o(.ARM.Collect$$libshutdown$$00000000)
    __rt_lib_shutdown_cpp_1                  0x0800020d   Thumb Code     0  libshutdown2.o(.ARM.Collect$$libshutdown$$00000002)
    __rt_lib_shutdown_fp_trap_1              0x0800020d   Thumb Code     0  libshutdown2.o(.ARM.Collect$$libshutdown$$00000007)
    __rt_lib_shutdown_heap_1                 0x0800020d   Thumb Code     0  libshutdown2.o(.ARM.Collect$$libshutdown$$0000000F)
    __rt_lib_shutdown_return                 0x0800020d   Thumb Code     0  libshutdown2.o(.ARM.Collect$$libshutdown$$00000010)
    __rt_lib_shutdown_signal_1               0x0800020d   Thumb Code     0  libshutdown2.o(.ARM.Collect$$libshutdown$$0000000A)
    __rt_lib_shutdown_stdio_1                0x0800020d   Thumb Code     0  libshutdown2.o(.ARM.Collect$$libshutdown$$00000004)
    __rt_lib_shutdown_user_alloc_1           0x0800020d   Thumb Code     0  libshutdown2.o(.ARM.Collect$$libshutdown$$0000000C)
    __rt_entry                               0x0800020f   Thumb Code     0  __rtentry.o(.ARM.Collect$$rtentry$$00000000)
    __rt_entry_presh_1                       0x0800020f   Thumb Code     0  __rtentry2.o(.ARM.Collect$$rtentry$$00000002)
    __rt_entry_sh                            0x0800020f   Thumb Code     0  __rtentry4.o(.ARM.Collect$$rtentry$$00000004)
    __rt_entry_li                            0x08000215   Thumb Code     0  __rtentry2.o(.ARM.Collect$$rtentry$$0000000A)
    __rt_entry_postsh_1                      0x08000215   Thumb Code     0  __rtentry2.o(.ARM.Collect$$rtentry$$00000009)
    __rt_entry_main                          0x08000219   Thumb Code     0  __rtentry2.o(.ARM.Collect$$rtentry$$0000000D)
    __rt_entry_postli_1                      0x08000219   Thumb Code     0  __rtentry2.o(.ARM.Collect$$rtentry$$0000000C)
    __rt_exit                                0x08000221   Thumb Code     0  rtexit.o(.ARM.Collect$$rtexit$$00000000)
    __rt_exit_ls                             0x08000223   Thumb Code     0  rtexit2.o(.ARM.Collect$$rtexit$$00000003)
    __rt_exit_prels_1                        0x08000223   Thumb Code     0  rtexit2.o(.ARM.Collect$$rtexit$$00000002)
    __rt_exit_exit                           0x08000227   Thumb Code     0  rtexit2.o(.ARM.Collect$$rtexit$$00000004)
    Band_ListCreat                           0x0800022d   Thumb Code   534  main.o(.text)
    main                                     0x08000443   Thumb Code   130  main.o(.text)
    TIM2_arr                                 0x080004c5   Thumb Code    12  main.o(.text)
    Mov_F                                    0x080004d1   Thumb Code     6  main.o(.text)
    Reset_data                               0x080004d7   Thumb Code    24  main.o(.text)
    NMI_Handler                              0x0800053d   Thumb Code     2  stm32f10x_it.o(.text)
    HardFault_Handler                        0x0800053f   Thumb Code     4  stm32f10x_it.o(.text)
    MemManage_Handler                        0x08000543   Thumb Code     4  stm32f10x_it.o(.text)
    BusFault_Handler                         0x08000547   Thumb Code     4  stm32f10x_it.o(.text)
    UsageFault_Handler                       0x0800054b   Thumb Code     4  stm32f10x_it.o(.text)
    SVC_Handler                              0x0800054f   Thumb Code     2  stm32f10x_it.o(.text)
    DebugMon_Handler                         0x08000551   Thumb Code     2  stm32f10x_it.o(.text)
    PendSV_Handler                           0x08000553   Thumb Code     2  stm32f10x_it.o(.text)
    SysTick_Handler                          0x08000555   Thumb Code     2  stm32f10x_it.o(.text)
    SystemInit                               0x08000637   Thumb Code    78  system_stm32f10x.o(.text)
    SystemCoreClockUpdate                    0x08000685   Thumb Code   142  system_stm32f10x.o(.text)
    LED_Init                                 0x08000739   Thumb Code   120  led.o(.text)
    TIM2_Int_Init                            0x080007c1   Thumb Code    94  timer.o(.text)
    TIM2_IRQHandler                          0x0800081f   Thumb Code   124  timer.o(.text)
    TIM3_PWM_Init                            0x0800089b   Thumb Code   140  timer.o(.text)
    FSMC_SRAM_Init                           0x08000951   Thumb Code   182  sram.o(.text)
    FSMC_SRAM_WriteBuffer                    0x08000a07   Thumb Code    24  sram.o(.text)
    FSMC_SRAM_ReadBuffer                     0x08000a1f   Thumb Code    22  sram.o(.text)
    fsmc_sram_test_write                     0x08000a35   Thumb Code    16  sram.o(.text)
    fsmc_sram_test_read                      0x08000a45   Thumb Code    20  sram.o(.text)
    delay_init                               0x08000a69   Thumb Code    50  delay.o(.text)
    delay_us                                 0x08000a9b   Thumb Code    72  delay.o(.text)
    delay_ms                                 0x08000ae3   Thumb Code    72  delay.o(.text)
    _sys_exit                                0x08000b3d   Thumb Code     6  usart.o(.text)
    fputc                                    0x08000b43   Thumb Code    24  usart.o(.text)
    uart_init                                0x08000b5b   Thumb Code   152  usart.o(.text)
    USART1_IRQHandler                        0x08000bf3   Thumb Code   122  usart.o(.text)
    Reset_Handler                            0x08000c7d   Thumb Code     8  startup_stm32f10x_hd.o(.text)
    ADC1_2_IRQHandler                        0x08000c97   Thumb Code     0  startup_stm32f10x_hd.o(.text)
    ADC3_IRQHandler                          0x08000c97   Thumb Code     0  startup_stm32f10x_hd.o(.text)
    CAN1_RX1_IRQHandler                      0x08000c97   Thumb Code     0  startup_stm32f10x_hd.o(.text)
    CAN1_SCE_IRQHandler                      0x08000c97   Thumb Code     0  startup_stm32f10x_hd.o(.text)
    DMA1_Channel1_IRQHandler                 0x08000c97   Thumb Code     0  startup_stm32f10x_hd.o(.text)
    DMA1_Channel2_IRQHandler                 0x08000c97   Thumb Code     0  startup_stm32f10x_hd.o(.text)
    DMA1_Channel3_IRQHandler                 0x08000c97   Thumb Code     0  startup_stm32f10x_hd.o(.text)
    DMA1_Channel4_IRQHandler                 0x08000c97   Thumb Code     0  startup_stm32f10x_hd.o(.text)
    DMA1_Channel5_IRQHandler                 0x08000c97   Thumb Code     0  startup_stm32f10x_hd.o(.text)
    DMA1_Channel6_IRQHandler                 0x08000c97   Thumb Code     0  startup_stm32f10x_hd.o(.text)
    DMA1_Channel7_IRQHandler                 0x08000c97   Thumb Code     0  startup_stm32f10x_hd.o(.text)
    DMA2_Channel1_IRQHandler                 0x08000c97   Thumb Code     0  startup_stm32f10x_hd.o(.text)
    DMA2_Channel2_IRQHandler                 0x08000c97   Thumb Code     0  startup_stm32f10x_hd.o(.text)
    DMA2_Channel3_IRQHandler                 0x08000c97   Thumb Code     0  startup_stm32f10x_hd.o(.text)
    DMA2_Channel4_5_IRQHandler               0x08000c97   Thumb Code     0  startup_stm32f10x_hd.o(.text)
    EXTI0_IRQHandler                         0x08000c97   Thumb Code     0  startup_stm32f10x_hd.o(.text)
    EXTI15_10_IRQHandler                     0x08000c97   Thumb Code     0  startup_stm32f10x_hd.o(.text)
    EXTI1_IRQHandler                         0x08000c97   Thumb Code     0  startup_stm32f10x_hd.o(.text)
    EXTI2_IRQHandler                         0x08000c97   Thumb Code     0  startup_stm32f10x_hd.o(.text)
    EXTI3_IRQHandler                         0x08000c97   Thumb Code     0  startup_stm32f10x_hd.o(.text)
    EXTI4_IRQHandler                         0x08000c97   Thumb Code     0  startup_stm32f10x_hd.o(.text)
    EXTI9_5_IRQHandler                       0x08000c97   Thumb Code     0  startup_stm32f10x_hd.o(.text)
    FLASH_IRQHandler                         0x08000c97   Thumb Code     0  startup_stm32f10x_hd.o(.text)
    FSMC_IRQHandler                          0x08000c97   Thumb Code     0  startup_stm32f10x_hd.o(.text)
    I2C1_ER_IRQHandler                       0x08000c97   Thumb Code     0  startup_stm32f10x_hd.o(.text)
    I2C1_EV_IRQHandler                       0x08000c97   Thumb Code     0  startup_stm32f10x_hd.o(.text)
    I2C2_ER_IRQHandler                       0x08000c97   Thumb Code     0  startup_stm32f10x_hd.o(.text)
    I2C2_EV_IRQHandler                       0x08000c97   Thumb Code     0  startup_stm32f10x_hd.o(.text)
    PVD_IRQHandler                           0x08000c97   Thumb Code     0  startup_stm32f10x_hd.o(.text)
    RCC_IRQHandler                           0x08000c97   Thumb Code     0  startup_stm32f10x_hd.o(.text)
    RTCAlarm_IRQHandler                      0x08000c97   Thumb Code     0  startup_stm32f10x_hd.o(.text)
    RTC_IRQHandler                           0x08000c97   Thumb Code     0  startup_stm32f10x_hd.o(.text)
    SDIO_IRQHandler                          0x08000c97   Thumb Code     0  startup_stm32f10x_hd.o(.text)
    SPI1_IRQHandler                          0x08000c97   Thumb Code     0  startup_stm32f10x_hd.o(.text)
    SPI2_IRQHandler                          0x08000c97   Thumb Code     0  startup_stm32f10x_hd.o(.text)
    SPI3_IRQHandler                          0x08000c97   Thumb Code     0  startup_stm32f10x_hd.o(.text)
    TAMPER_IRQHandler                        0x08000c97   Thumb Code     0  startup_stm32f10x_hd.o(.text)
    TIM1_BRK_IRQHandler                      0x08000c97   Thumb Code     0  startup_stm32f10x_hd.o(.text)
    TIM1_CC_IRQHandler                       0x08000c97   Thumb Code     0  startup_stm32f10x_hd.o(.text)
    TIM1_TRG_COM_IRQHandler                  0x08000c97   Thumb Code     0  startup_stm32f10x_hd.o(.text)
    TIM1_UP_IRQHandler                       0x08000c97   Thumb Code     0  startup_stm32f10x_hd.o(.text)
    TIM3_IRQHandler                          0x08000c97   Thumb Code     0  startup_stm32f10x_hd.o(.text)
    TIM5_IRQHandler                          0x08000c97   Thumb Code     0  startup_stm32f10x_hd.o(.text)
    TIM6_IRQHandler                          0x08000c97   Thumb Code     0  startup_stm32f10x_hd.o(.text)
    TIM7_IRQHandler                          0x08000c97   Thumb Code     0  startup_stm32f10x_hd.o(.text)
    TIM8_BRK_IRQHandler                      0x08000c97   Thumb Code     0  startup_stm32f10x_hd.o(.text)
    TIM8_CC_IRQHandler                       0x08000c97   Thumb Code     0  startup_stm32f10x_hd.o(.text)
    TIM8_TRG_COM_IRQHandler                  0x08000c97   Thumb Code     0  startup_stm32f10x_hd.o(.text)
    TIM8_UP_IRQHandler                       0x08000c97   Thumb Code     0  startup_stm32f10x_hd.o(.text)
    UART4_IRQHandler                         0x08000c97   Thumb Code     0  startup_stm32f10x_hd.o(.text)
    UART5_IRQHandler                         0x08000c97   Thumb Code     0  startup_stm32f10x_hd.o(.text)
    USART2_IRQHandler                        0x08000c97   Thumb Code     0  startup_stm32f10x_hd.o(.text)
    USART3_IRQHandler                        0x08000c97   Thumb Code     0  startup_stm32f10x_hd.o(.text)
    USBWakeUp_IRQHandler                     0x08000c97   Thumb Code     0  startup_stm32f10x_hd.o(.text)
    USB_HP_CAN1_TX_IRQHandler                0x08000c97   Thumb Code     0  startup_stm32f10x_hd.o(.text)
    USB_LP_CAN1_RX0_IRQHandler               0x08000c97   Thumb Code     0  startup_stm32f10x_hd.o(.text)
    WWDG_IRQHandler                          0x08000c97   Thumb Code     0  startup_stm32f10x_hd.o(.text)
    __user_initial_stackheap                 0x08000c99   Thumb Code     0  startup_stm32f10x_hd.o(.text)
    NVIC_PriorityGroupConfig                 0x08000cbd   Thumb Code    10  misc.o(.text)
    NVIC_Init                                0x08000cc7   Thumb Code   100  misc.o(.text)
    NVIC_SetVectorTable                      0x08000d2b   Thumb Code    14  misc.o(.text)
    NVIC_SystemLPConfig                      0x08000d39   Thumb Code    34  misc.o(.text)
    SysTick_CLKSourceConfig                  0x08000d5b   Thumb Code    40  misc.o(.text)
    GPIO_DeInit                              0x08000d99   Thumb Code   172  stm32f10x_gpio.o(.text)
    GPIO_AFIODeInit                          0x08000e45   Thumb Code    20  stm32f10x_gpio.o(.text)
    GPIO_Init                                0x08000e59   Thumb Code   278  stm32f10x_gpio.o(.text)
    GPIO_StructInit                          0x08000f6f   Thumb Code    16  stm32f10x_gpio.o(.text)
    GPIO_ReadInputDataBit                    0x08000f7f   Thumb Code    18  stm32f10x_gpio.o(.text)
    GPIO_ReadInputData                       0x08000f91   Thumb Code     8  stm32f10x_gpio.o(.text)
    GPIO_ReadOutputDataBit                   0x08000f99   Thumb Code    18  stm32f10x_gpio.o(.text)
    GPIO_ReadOutputData                      0x08000fab   Thumb Code     8  stm32f10x_gpio.o(.text)
    GPIO_SetBits                             0x08000fb3   Thumb Code     4  stm32f10x_gpio.o(.text)
    GPIO_ResetBits                           0x08000fb7   Thumb Code     4  stm32f10x_gpio.o(.text)
    GPIO_WriteBit                            0x08000fbb   Thumb Code    10  stm32f10x_gpio.o(.text)
    GPIO_Write                               0x08000fc5   Thumb Code     4  stm32f10x_gpio.o(.text)
    GPIO_PinLockConfig                       0x08000fc9   Thumb Code    18  stm32f10x_gpio.o(.text)
    GPIO_EventOutputConfig                   0x08000fdb   Thumb Code    26  stm32f10x_gpio.o(.text)
    GPIO_EventOutputCmd                      0x08000ff5   Thumb Code     6  stm32f10x_gpio.o(.text)
    GPIO_PinRemapConfig                      0x08000ffb   Thumb Code   138  stm32f10x_gpio.o(.text)
    GPIO_EXTILineConfig                      0x08001085   Thumb Code    66  stm32f10x_gpio.o(.text)
    GPIO_ETH_MediaInterfaceConfig            0x080010c7   Thumb Code     8  stm32f10x_gpio.o(.text)
    RCC_DeInit                               0x080010f5   Thumb Code    64  stm32f10x_rcc.o(.text)
    RCC_HSEConfig                            0x08001135   Thumb Code    70  stm32f10x_rcc.o(.text)
    RCC_GetFlagStatus                        0x0800117b   Thumb Code    56  stm32f10x_rcc.o(.text)
    RCC_WaitForHSEStartUp                    0x080011b3   Thumb Code    56  stm32f10x_rcc.o(.text)
    RCC_AdjustHSICalibrationValue            0x080011eb   Thumb Code    20  stm32f10x_rcc.o(.text)
    RCC_HSICmd                               0x080011ff   Thumb Code     6  stm32f10x_rcc.o(.text)
    RCC_PLLConfig                            0x08001205   Thumb Code    24  stm32f10x_rcc.o(.text)
    RCC_PLLCmd                               0x0800121d   Thumb Code     6  stm32f10x_rcc.o(.text)
    RCC_SYSCLKConfig                         0x08001223   Thumb Code    18  stm32f10x_rcc.o(.text)
    RCC_GetSYSCLKSource                      0x08001235   Thumb Code    10  stm32f10x_rcc.o(.text)
    RCC_HCLKConfig                           0x0800123f   Thumb Code    18  stm32f10x_rcc.o(.text)
    RCC_PCLK1Config                          0x08001251   Thumb Code    18  stm32f10x_rcc.o(.text)
    RCC_PCLK2Config                          0x08001263   Thumb Code    20  stm32f10x_rcc.o(.text)
    RCC_ITConfig                             0x08001277   Thumb Code    26  stm32f10x_rcc.o(.text)
    RCC_USBCLKConfig                         0x08001291   Thumb Code     8  stm32f10x_rcc.o(.text)
    RCC_ADCCLKConfig                         0x08001299   Thumb Code    18  stm32f10x_rcc.o(.text)
    RCC_LSEConfig                            0x080012ab   Thumb Code    50  stm32f10x_rcc.o(.text)
    RCC_LSICmd                               0x080012dd   Thumb Code     6  stm32f10x_rcc.o(.text)
    RCC_RTCCLKConfig                         0x080012e3   Thumb Code    12  stm32f10x_rcc.o(.text)
    RCC_RTCCLKCmd                            0x080012ef   Thumb Code     8  stm32f10x_rcc.o(.text)
    RCC_GetClocksFreq                        0x080012f7   Thumb Code   192  stm32f10x_rcc.o(.text)
    RCC_AHBPeriphClockCmd                    0x080013b7   Thumb Code    26  stm32f10x_rcc.o(.text)
    RCC_APB2PeriphClockCmd                   0x080013d1   Thumb Code    26  stm32f10x_rcc.o(.text)
    RCC_APB1PeriphClockCmd                   0x080013eb   Thumb Code    26  stm32f10x_rcc.o(.text)
    RCC_APB2PeriphResetCmd                   0x08001405   Thumb Code    26  stm32f10x_rcc.o(.text)
    RCC_APB1PeriphResetCmd                   0x0800141f   Thumb Code    26  stm32f10x_rcc.o(.text)
    RCC_BackupResetCmd                       0x08001439   Thumb Code     8  stm32f10x_rcc.o(.text)
    RCC_ClockSecuritySystemCmd               0x08001441   Thumb Code     6  stm32f10x_rcc.o(.text)
    RCC_MCOConfig                            0x08001447   Thumb Code     6  stm32f10x_rcc.o(.text)
    RCC_ClearFlag                            0x0800144d   Thumb Code    14  stm32f10x_rcc.o(.text)
    RCC_GetITStatus                          0x0800145b   Thumb Code    20  stm32f10x_rcc.o(.text)
    RCC_ClearITPendingBit                    0x0800146f   Thumb Code     6  stm32f10x_rcc.o(.text)
    TIM_DeInit                               0x08001499   Thumb Code   424  stm32f10x_tim.o(.text)
    TIM_TimeBaseInit                         0x08001641   Thumb Code   122  stm32f10x_tim.o(.text)
    TIM_OC1Init                              0x080016bb   Thumb Code   132  stm32f10x_tim.o(.text)
    TIM_OC2Init                              0x0800173f   Thumb Code   154  stm32f10x_tim.o(.text)
    TIM_OC3Init                              0x080017d9   Thumb Code   150  stm32f10x_tim.o(.text)
    TIM_OC4Init                              0x0800186f   Thumb Code   182  stm32f10x_tim.o(.text)
    TIM_SetIC4Prescaler                      0x08001925   Thumb Code    26  stm32f10x_tim.o(.text)
    TIM_SetIC3Prescaler                      0x080019c1   Thumb Code    18  stm32f10x_tim.o(.text)
    TIM_SetIC2Prescaler                      0x08001a4d   Thumb Code    26  stm32f10x_tim.o(.text)
    TIM_SetIC1Prescaler                      0x08001ae9   Thumb Code    18  stm32f10x_tim.o(.text)
    TIM_ICInit                               0x08001b67   Thumb Code   150  stm32f10x_tim.o(.text)
    TIM_PWMIConfig                           0x08001bfd   Thumb Code   124  stm32f10x_tim.o(.text)
    TIM_BDTRConfig                           0x08001c79   Thumb Code    32  stm32f10x_tim.o(.text)
    TIM_TimeBaseStructInit                   0x08001c99   Thumb Code    18  stm32f10x_tim.o(.text)
    TIM_OCStructInit                         0x08001cab   Thumb Code    20  stm32f10x_tim.o(.text)
    TIM_ICStructInit                         0x08001cbf   Thumb Code    18  stm32f10x_tim.o(.text)
    TIM_BDTRStructInit                       0x08001cd1   Thumb Code    40  stm32f10x_tim.o(.text)
    TIM_Cmd                                  0x08001cf9   Thumb Code    24  stm32f10x_tim.o(.text)
    TIM_CtrlPWMOutputs                       0x08001d11   Thumb Code    30  stm32f10x_tim.o(.text)
    TIM_ITConfig                             0x08001d2f   Thumb Code    18  stm32f10x_tim.o(.text)
    TIM_GenerateEvent                        0x08001d41   Thumb Code     4  stm32f10x_tim.o(.text)
    TIM_DMAConfig                            0x08001d45   Thumb Code    10  stm32f10x_tim.o(.text)
    TIM_DMACmd                               0x08001d4f   Thumb Code    18  stm32f10x_tim.o(.text)
    TIM_InternalClockConfig                  0x08001d61   Thumb Code    12  stm32f10x_tim.o(.text)
    TIM_SelectInputTrigger                   0x08001d6d   Thumb Code    18  stm32f10x_tim.o(.text)
    TIM_ITRxExternalClockConfig              0x08001d7f   Thumb Code    24  stm32f10x_tim.o(.text)
    TIM_TIxExternalClockConfig               0x08001d97   Thumb Code    62  stm32f10x_tim.o(.text)
    TIM_ETRConfig                            0x08001dd5   Thumb Code    28  stm32f10x_tim.o(.text)
    TIM_ETRClockMode1Config                  0x08001df1   Thumb Code    54  stm32f10x_tim.o(.text)
    TIM_ETRClockMode2Config                  0x08001e27   Thumb Code    32  stm32f10x_tim.o(.text)
    TIM_PrescalerConfig                      0x08001e47   Thumb Code     6  stm32f10x_tim.o(.text)
    TIM_CounterModeConfig                    0x08001e4d   Thumb Code    18  stm32f10x_tim.o(.text)
    TIM_EncoderInterfaceConfig               0x08001e5f   Thumb Code    66  stm32f10x_tim.o(.text)
    TIM_ForcedOC1Config                      0x08001ea1   Thumb Code    18  stm32f10x_tim.o(.text)
    TIM_ForcedOC2Config                      0x08001eb3   Thumb Code    26  stm32f10x_tim.o(.text)
    TIM_ForcedOC3Config                      0x08001ecd   Thumb Code    18  stm32f10x_tim.o(.text)
    TIM_ForcedOC4Config                      0x08001edf   Thumb Code    26  stm32f10x_tim.o(.text)
    TIM_ARRPreloadConfig                     0x08001ef9   Thumb Code    24  stm32f10x_tim.o(.text)
    TIM_SelectCOM                            0x08001f11   Thumb Code    24  stm32f10x_tim.o(.text)
    TIM_SelectCCDMA                          0x08001f29   Thumb Code    24  stm32f10x_tim.o(.text)
    TIM_CCPreloadControl                     0x08001f41   Thumb Code    24  stm32f10x_tim.o(.text)
    TIM_OC1PreloadConfig                     0x08001f59   Thumb Code    18  stm32f10x_tim.o(.text)
    TIM_OC2PreloadConfig                     0x08001f6b   Thumb Code    26  stm32f10x_tim.o(.text)
    TIM_OC3PreloadConfig                     0x08001f85   Thumb Code    18  stm32f10x_tim.o(.text)
    TIM_OC4PreloadConfig                     0x08001f97   Thumb Code    26  stm32f10x_tim.o(.text)
    TIM_OC1FastConfig                        0x08001fb1   Thumb Code    18  stm32f10x_tim.o(.text)
    TIM_OC2FastConfig                        0x08001fc3   Thumb Code    26  stm32f10x_tim.o(.text)
    TIM_OC3FastConfig                        0x08001fdd   Thumb Code    18  stm32f10x_tim.o(.text)
    TIM_OC4FastConfig                        0x08001fef   Thumb Code    26  stm32f10x_tim.o(.text)
    TIM_ClearOC1Ref                          0x08002009   Thumb Code    18  stm32f10x_tim.o(.text)
    TIM_ClearOC2Ref                          0x0800201b   Thumb Code    24  stm32f10x_tim.o(.text)
    TIM_ClearOC3Ref                          0x08002033   Thumb Code    18  stm32f10x_tim.o(.text)
    TIM_ClearOC4Ref                          0x08002045   Thumb Code    24  stm32f10x_tim.o(.text)
    TIM_OC1PolarityConfig                    0x0800205d   Thumb Code    18  stm32f10x_tim.o(.text)
    TIM_OC1NPolarityConfig                   0x0800206f   Thumb Code    18  stm32f10x_tim.o(.text)
    TIM_OC2PolarityConfig                    0x08002081   Thumb Code    26  stm32f10x_tim.o(.text)
    TIM_OC2NPolarityConfig                   0x0800209b   Thumb Code    26  stm32f10x_tim.o(.text)
    TIM_OC3PolarityConfig                    0x080020b5   Thumb Code    26  stm32f10x_tim.o(.text)
    TIM_OC3NPolarityConfig                   0x080020cf   Thumb Code    26  stm32f10x_tim.o(.text)
    TIM_OC4PolarityConfig                    0x080020e9   Thumb Code    26  stm32f10x_tim.o(.text)
    TIM_CCxCmd                               0x08002103   Thumb Code    30  stm32f10x_tim.o(.text)
    TIM_CCxNCmd                              0x08002121   Thumb Code    30  stm32f10x_tim.o(.text)
    TIM_SelectOCxM                           0x0800213f   Thumb Code    82  stm32f10x_tim.o(.text)
    TIM_UpdateDisableConfig                  0x08002191   Thumb Code    24  stm32f10x_tim.o(.text)
    TIM_UpdateRequestConfig                  0x080021a9   Thumb Code    24  stm32f10x_tim.o(.text)
    TIM_SelectHallSensor                     0x080021c1   Thumb Code    24  stm32f10x_tim.o(.text)
    TIM_SelectOnePulseMode                   0x080021d9   Thumb Code    18  stm32f10x_tim.o(.text)
    TIM_SelectOutputTrigger                  0x080021eb   Thumb Code    18  stm32f10x_tim.o(.text)
    TIM_SelectSlaveMode                      0x080021fd   Thumb Code    18  stm32f10x_tim.o(.text)
    TIM_SelectMasterSlaveMode                0x0800220f   Thumb Code    18  stm32f10x_tim.o(.text)
    TIM_SetCounter                           0x08002221   Thumb Code     4  stm32f10x_tim.o(.text)
    TIM_SetAutoreload                        0x08002225   Thumb Code     4  stm32f10x_tim.o(.text)
    TIM_SetCompare1                          0x08002229   Thumb Code     4  stm32f10x_tim.o(.text)
    TIM_SetCompare2                          0x0800222d   Thumb Code     4  stm32f10x_tim.o(.text)
    TIM_SetCompare3                          0x08002231   Thumb Code     4  stm32f10x_tim.o(.text)
    TIM_SetCompare4                          0x08002235   Thumb Code     6  stm32f10x_tim.o(.text)
    TIM_SetClockDivision                     0x0800223b   Thumb Code    18  stm32f10x_tim.o(.text)
    TIM_GetCapture1                          0x0800224d   Thumb Code     6  stm32f10x_tim.o(.text)
    TIM_GetCapture2                          0x08002253   Thumb Code     6  stm32f10x_tim.o(.text)
    TIM_GetCapture3                          0x08002259   Thumb Code     6  stm32f10x_tim.o(.text)
    TIM_GetCapture4                          0x0800225f   Thumb Code     8  stm32f10x_tim.o(.text)
    TIM_GetCounter                           0x08002267   Thumb Code     6  stm32f10x_tim.o(.text)
    TIM_GetPrescaler                         0x0800226d   Thumb Code     6  stm32f10x_tim.o(.text)
    TIM_GetFlagStatus                        0x08002273   Thumb Code    18  stm32f10x_tim.o(.text)
    TIM_ClearFlag                            0x08002285   Thumb Code     6  stm32f10x_tim.o(.text)
    TIM_GetITStatus                          0x0800228b   Thumb Code    34  stm32f10x_tim.o(.text)
    TIM_ClearITPendingBit                    0x080022ad   Thumb Code     6  stm32f10x_tim.o(.text)
    USART_DeInit                             0x080022b5   Thumb Code   134  stm32f10x_usart.o(.text)
    USART_Init                               0x0800233b   Thumb Code   210  stm32f10x_usart.o(.text)
    USART_StructInit                         0x0800240d   Thumb Code    24  stm32f10x_usart.o(.text)
    USART_ClockInit                          0x08002425   Thumb Code    34  stm32f10x_usart.o(.text)
    USART_ClockStructInit                    0x08002447   Thumb Code    12  stm32f10x_usart.o(.text)
    USART_Cmd                                0x08002453   Thumb Code    24  stm32f10x_usart.o(.text)
    USART_ITConfig                           0x0800246b   Thumb Code    74  stm32f10x_usart.o(.text)
    USART_DMACmd                             0x080024b5   Thumb Code    18  stm32f10x_usart.o(.text)
    USART_SetAddress                         0x080024c7   Thumb Code    18  stm32f10x_usart.o(.text)
    USART_WakeUpConfig                       0x080024d9   Thumb Code    18  stm32f10x_usart.o(.text)
    USART_ReceiverWakeUpCmd                  0x080024eb   Thumb Code    24  stm32f10x_usart.o(.text)
    USART_LINBreakDetectLengthConfig         0x08002503   Thumb Code    18  stm32f10x_usart.o(.text)
    USART_LINCmd                             0x08002515   Thumb Code    24  stm32f10x_usart.o(.text)
    USART_SendData                           0x0800252d   Thumb Code     8  stm32f10x_usart.o(.text)
    USART_ReceiveData                        0x08002535   Thumb Code    10  stm32f10x_usart.o(.text)
    USART_SendBreak                          0x0800253f   Thumb Code    10  stm32f10x_usart.o(.text)
    USART_SetGuardTime                       0x08002549   Thumb Code    16  stm32f10x_usart.o(.text)
    USART_SetPrescaler                       0x08002559   Thumb Code    16  stm32f10x_usart.o(.text)
    USART_SmartCardCmd                       0x08002569   Thumb Code    24  stm32f10x_usart.o(.text)
    USART_SmartCardNACKCmd                   0x08002581   Thumb Code    24  stm32f10x_usart.o(.text)
    USART_HalfDuplexCmd                      0x08002599   Thumb Code    24  stm32f10x_usart.o(.text)
    USART_OverSampling8Cmd                   0x080025b1   Thumb Code    22  stm32f10x_usart.o(.text)
    USART_OneBitMethodCmd                    0x080025c7   Thumb Code    24  stm32f10x_usart.o(.text)
    USART_IrDAConfig                         0x080025df   Thumb Code    18  stm32f10x_usart.o(.text)
    USART_IrDACmd                            0x080025f1   Thumb Code    24  stm32f10x_usart.o(.text)
    USART_GetFlagStatus                      0x08002609   Thumb Code    26  stm32f10x_usart.o(.text)
    USART_ClearFlag                          0x08002623   Thumb Code    18  stm32f10x_usart.o(.text)
    USART_GetITStatus                        0x08002635   Thumb Code    84  stm32f10x_usart.o(.text)
    USART_ClearITPendingBit                  0x08002689   Thumb Code    52  stm32f10x_usart.o(.text)
    FSMC_NORSRAMDeInit                       0x080026bd   Thumb Code    54  stm32f10x_fsmc.o(.text)
    FSMC_NANDDeInit                          0x080026f3   Thumb Code    62  stm32f10x_fsmc.o(.text)
    FSMC_PCCARDDeInit                        0x08002731   Thumb Code    36  stm32f10x_fsmc.o(.text)
    FSMC_NORSRAMInit                         0x08002755   Thumb Code   230  stm32f10x_fsmc.o(.text)
    FSMC_NANDInit                            0x0800283b   Thumb Code   132  stm32f10x_fsmc.o(.text)
    FSMC_PCCARDInit                          0x080028bf   Thumb Code   130  stm32f10x_fsmc.o(.text)
    FSMC_NORSRAMStructInit                   0x08002941   Thumb Code   114  stm32f10x_fsmc.o(.text)
    FSMC_NANDStructInit                      0x080029b3   Thumb Code    54  stm32f10x_fsmc.o(.text)
    FSMC_PCCARDStructInit                    0x080029e9   Thumb Code    60  stm32f10x_fsmc.o(.text)
    FSMC_NORSRAMCmd                          0x08002a25   Thumb Code    46  stm32f10x_fsmc.o(.text)
    FSMC_NANDCmd                             0x08002a53   Thumb Code    86  stm32f10x_fsmc.o(.text)
    FSMC_PCCARDCmd                           0x08002aa9   Thumb Code    44  stm32f10x_fsmc.o(.text)
    FSMC_NANDECCCmd                          0x08002ad5   Thumb Code    90  stm32f10x_fsmc.o(.text)
    FSMC_GetECC                              0x08002b2f   Thumb Code    24  stm32f10x_fsmc.o(.text)
    FSMC_ITConfig                            0x08002b47   Thumb Code   128  stm32f10x_fsmc.o(.text)
    FSMC_GetFlagStatus                       0x08002bc7   Thumb Code    54  stm32f10x_fsmc.o(.text)
    FSMC_ClearFlag                           0x08002bfd   Thumb Code    62  stm32f10x_fsmc.o(.text)
    FSMC_GetITStatus                         0x08002c3b   Thumb Code    64  stm32f10x_fsmc.o(.text)
    FSMC_ClearITPendingBit                   0x08002c7b   Thumb Code    68  stm32f10x_fsmc.o(.text)
    usmart_sys_cmd_exe                       0x08002cc9   Thumb Code  1554  usmart.o(.text)
    usmart_reset_runtime                     0x080032db   Thumb Code    38  usmart.o(.text)
    usmart_get_runtime                       0x08003301   Thumb Code    60  usmart.o(.text)
    TIM4_IRQHandler                          0x0800333d   Thumb Code    46  usmart.o(.text)
    Timer4_Init                              0x0800336b   Thumb Code    88  usmart.o(.text)
    usmart_init                              0x080033c3   Thumb Code    36  usmart.o(.text)
    usmart_cmd_rec                           0x080033e7   Thumb Code   170  usmart.o(.text)
    usmart_exe                               0x08003491   Thumb Code   870  usmart.o(.text)
    usmart_scan                              0x080037f7   Thumb Code   120  usmart.o(.text)
    read_addr                                0x0800386f   Thumb Code     6  usmart.o(.text)
    write_addr                               0x08003875   Thumb Code     4  usmart.o(.text)
    usmart_strcmp                            0x08003901   Thumb Code    34  usmart_str.o(.text)
    usmart_strcopy                           0x08003923   Thumb Code    22  usmart_str.o(.text)
    usmart_strlen                            0x08003939   Thumb Code    24  usmart_str.o(.text)
    usmart_pow                               0x08003951   Thumb Code    22  usmart_str.o(.text)
    usmart_str2num                           0x08003967   Thumb Code   202  usmart_str.o(.text)
    usmart_get_cmdname                       0x08003a31   Thumb Code    54  usmart_str.o(.text)
    usmart_search_nextc                      0x08003a67   Thumb Code    22  usmart_str.o(.text)
    usmart_get_fname                         0x08003a7d   Thumb Code   440  usmart_str.o(.text)
    usmart_get_aparm                         0x08003c35   Thumb Code   200  usmart_str.o(.text)
    usmart_get_parmpos                       0x08003cfd   Thumb Code    26  usmart_str.o(.text)
    usmart_get_fparam                        0x08003d17   Thumb Code   262  usmart_str.o(.text)
    mymemcpy                                 0x08003e29   Thumb Code    26  malloc.o(.text)
    mymemset                                 0x08003e43   Thumb Code    20  malloc.o(.text)
    my_mem_init                              0x08003e57   Thumb Code    54  malloc.o(.text)
    my_mem_perused                           0x08003e8d   Thumb Code    54  malloc.o(.text)
    my_mem_malloc                            0x08003ec3   Thumb Code   154  malloc.o(.text)
    my_mem_free                              0x08003f5d   Thumb Code    94  malloc.o(.text)
    myfree                                   0x08003fbb   Thumb Code    32  malloc.o(.text)
    mymalloc                                 0x08003fdb   Thumb Code    36  malloc.o(.text)
    myrealloc                                0x08003fff   Thumb Code    68  malloc.o(.text)
    __use_no_semihosting                     0x08004055   Thumb Code     2  use_no_semi_2.o(.text)
    __2printf                                0x08004059   Thumb Code    20  noretval__2printf.o(.text)
    _printf_pre_padding                      0x08004071   Thumb Code    44  _printf_pad.o(.text)
    _printf_post_padding                     0x0800409d   Thumb Code    34  _printf_pad.o(.text)
    _printf_str                              0x080040bf   Thumb Code    82  _printf_str.o(.text)
    _printf_int_dec                          0x08004111   Thumb Code   104  _printf_dec.o(.text)
    _printf_int_hex                          0x08004189   Thumb Code    84  _printf_hex_int.o(.text)
    _printf_longlong_hex                     0x08004189   Thumb Code     0  _printf_hex_int.o(.text)
    __printf                                 0x080041e1   Thumb Code   388  __printf_flags_ss_wp.o(.text)
    __use_two_region_memory                  0x08004369   Thumb Code     2  heapauxi.o(.text)
    __rt_heap_escrow$2region                 0x0800436b   Thumb Code     2  heapauxi.o(.text)
    __rt_heap_expand$2region                 0x0800436d   Thumb Code     2  heapauxi.o(.text)
    __I$use$semihosting                      0x0800436f   Thumb Code     0  use_no_semi.o(.text)
    __use_no_semihosting_swi                 0x0800436f   Thumb Code     2  use_no_semi.o(.text)
    __read_errno                             0x08004371   Thumb Code    10  _rserrno.o(.text)
    __set_errno                              0x0800437b   Thumb Code    12  _rserrno.o(.text)
    _printf_int_common                       0x08004387   Thumb Code   178  _printf_intcommon.o(.text)
    _printf_cs_common                        0x08004439   Thumb Code    20  _printf_char.o(.text)
    _printf_char                             0x0800444d   Thumb Code    16  _printf_char.o(.text)
    _printf_string                           0x0800445d   Thumb Code     8  _printf_char.o(.text)
    _printf_char_file                        0x08004465   Thumb Code    32  _printf_char_file.o(.text)
    __aeabi_errno_addr                       0x08004489   Thumb Code     8  rt_errno_addr_intlibspace.o(.text)
    __errno$intlibspace                      0x08004489   Thumb Code     0  rt_errno_addr_intlibspace.o(.text)
    __rt_errno_addr$intlibspace              0x08004489   Thumb Code     0  rt_errno_addr_intlibspace.o(.text)
    _printf_char_common                      0x0800449b   Thumb Code    32  _printf_char_common.o(.text)
    ferror                                   0x080044c1   Thumb Code     8  ferror.o(.text)
    __user_libspace                          0x080044c9   Thumb Code     8  libspace.o(.text)
    __user_perproc_libspace                  0x080044c9   Thumb Code     0  libspace.o(.text)
    __user_perthread_libspace                0x080044c9   Thumb Code     0  libspace.o(.text)
    __user_setup_stackheap                   0x080044d1   Thumb Code    74  sys_stackheap_outer.o(.text)
    exit                                     0x0800451b   Thumb Code    18  exit.o(.text)
    _is_digit                                0x0800452d   Thumb Code    14  __printf_wp.o(i._is_digit)
    sqrt                                     0x0800453b   Thumb Code    76  sqrt.o(i.sqrt)
    __aeabi_dadd                             0x08004589   Thumb Code     0  daddsub_clz.o(x$fpl$dadd)
    _dadd                                    0x08004589   Thumb Code   332  daddsub_clz.o(x$fpl$dadd)
    __fpl_dcmp_Inf                           0x080046d9   Thumb Code    24  dcmpi.o(x$fpl$dcmpinf)
    __aeabi_ddiv                             0x080046f1   Thumb Code     0  ddiv.o(x$fpl$ddiv)
    _ddiv                                    0x080046f1   Thumb Code   552  ddiv.o(x$fpl$ddiv)
    __aeabi_d2iz                             0x080049a1   Thumb Code     0  dfix.o(x$fpl$dfix)
    _dfix                                    0x080049a1   Thumb Code    94  dfix.o(x$fpl$dfix)
    __aeabi_i2d                              0x080049ff   Thumb Code     0  dflt_clz.o(x$fpl$dflt)
    _dflt                                    0x080049ff   Thumb Code    46  dflt_clz.o(x$fpl$dflt)
    __aeabi_cdcmple                          0x08004a2d   Thumb Code     0  dleqf.o(x$fpl$dleqf)
    _dcmple                                  0x08004a2d   Thumb Code   120  dleqf.o(x$fpl$dleqf)
    __fpl_dcmple_InfNaN                      0x08004a8f   Thumb Code     0  dleqf.o(x$fpl$dleqf)
    __aeabi_dmul                             0x08004aa5   Thumb Code     0  dmul.o(x$fpl$dmul)
    _dmul                                    0x08004aa5   Thumb Code   332  dmul.o(x$fpl$dmul)
    __fpl_dnaninf                            0x08004bf9   Thumb Code   156  dnaninf.o(x$fpl$dnaninf)
    __fpl_dretinf                            0x08004c95   Thumb Code    12  dretinf.o(x$fpl$dretinf)
    _dsqrt                                   0x08004ca1   Thumb Code   456  dsqrt_noumaal.o(x$fpl$dsqrt)
    __aeabi_dsub                             0x08004e6d   Thumb Code     0  daddsub_clz.o(x$fpl$dsub)
    _dsub                                    0x08004e6d   Thumb Code   464  daddsub_clz.o(x$fpl$dsub)
    __I$use$fp                               0x08005040   Number         0  usenofp.o(x$fpl$usenofp)
    memtblsize                               0x08005040   Data           8  malloc.o(.constdata)
    memblksize                               0x08005048   Data           8  malloc.o(.constdata)
    memsize                                  0x08005050   Data           8  malloc.o(.constdata)
    Region$$Table$$Base                      0x08005170   Number         0  anon$$obj.o(Region$$Table)
    Region$$Table$$Limit                     0x08005190   Number         0  anon$$obj.o(Region$$Table)
    now_f                                    0x20000000   Data           4  main.o(.data)
    now_d                                    0x20000004   Data           4  main.o(.data)
    T                                        0x20000008   Data           8  main.o(.data)
    c                                        0x20000010   Data           4  main.o(.data)
    St                                       0x20000018   Data           8  main.o(.data)
    infF                                     0x20000020   Data           4  main.o(.data)
    infT                                     0x20000028   Data           8  main.o(.data)
    StaF                                     0x20000030   Data           4  main.o(.data)
    MovF                                     0x20000034   Data           4  main.o(.data)
    t                                        0x20000038   Data           2  main.o(.data)
    p                                        0x2000003c   Data           4  main.o(.data)
    Rt                                       0x20000040   Data           8  main.o(.data)
    SystemCoreClock                          0x20000048   Data           4  system_stm32f10x.o(.data)
    AHBPrescTable                            0x2000004c   Data          16  system_stm32f10x.o(.data)
    count                                    0x2000005c   Data           2  timer.o(.data)
    display                                  0x2000005e   Data           2  timer.o(.data)
    __stdout                                 0x20000064   Data           4  usart.o(.data)
    USART_RX_STA                             0x20000068   Data           2  usart.o(.data)
    sys_cmd_tab                              0x20000080   Data          28  usmart.o(.data)
    usmart_nametab                           0x2000009c   Data          56  usmart_config.o(.data)
    usmart_dev                               0x200000d4   Data         244  usmart_config.o(.data)
    mallco_dev                               0x200001c8   Data          28  malloc.o(.data)
    buffer                                   0x200001e4   Data        4000  main.o(.bss)
    USART_RX_BUF                             0x20001184   Data         200  usart.o(.bss)
    mem1base                                 0x20001260   Data       40960  malloc.o(.bss)
    mem1mapbase                              0x2000b260   Data        2560  malloc.o(.bss)
    __libspace_start                         0x2000bc60   Data          96  libspace.o(.bss)
    __temporary_stack_top$libspace           0x2000bcc0   Data           0  libspace.o(.bss)
    mem2base                                 0x68000000   Data       983040  malloc.o(.ARM.__AT_0x68000000)
    mem2mapbase                              0x680f0000   Data       61440  malloc.o(.ARM.__AT_0x680F0000)



==============================================================================

Memory Map of the image

  Image Entry point : 0x08000131

  Load Region LR_IROM1 (Base: 0x08000000, Size: 0x00005374, Max: 0x00080000, ABSOLUTE, COMPRESSED[0x00005224])

    Execution Region ER_IROM1 (Base: 0x08000000, Size: 0x00005190, Max: 0x00080000, ABSOLUTE)

    Base Addr    Size         Type   Attr      Idx    E Section Name        Object

    0x08000000   0x00000130   Data   RO          330    RESET               startup_stm32f10x_hd.o
    0x08000130   0x00000008   Code   RO          537  * !!!main             c_w.l(__main.o)
    0x08000138   0x00000034   Code   RO          757    !!!scatter          c_w.l(__scatter.o)
    0x0800016c   0x0000005a   Code   RO          755    !!dczerorl2         c_w.l(__dczerorl2.o)
    0x080001c6   0x00000002   PAD
    0x080001c8   0x0000001c   Code   RO          759    !!handler_zi        c_w.l(__scatter_zi.o)
    0x080001e4   0x00000000   Code   RO          534    .ARM.Collect$$_printf_percent$$00000000  c_w.l(_printf_percent.o)
    0x080001e4   0x00000006   Code   RO          532    .ARM.Collect$$_printf_percent$$00000009  c_w.l(_printf_d.o)
    0x080001ea   0x00000006   Code   RO          533    .ARM.Collect$$_printf_percent$$0000000A  c_w.l(_printf_u.o)
    0x080001f0   0x00000006   Code   RO          531    .ARM.Collect$$_printf_percent$$0000000C  c_w.l(_printf_x.o)
    0x080001f6   0x00000006   Code   RO          529    .ARM.Collect$$_printf_percent$$00000013  c_w.l(_printf_c.o)
    0x080001fc   0x00000006   Code   RO          530    .ARM.Collect$$_printf_percent$$00000014  c_w.l(_printf_s.o)
    0x08000202   0x00000004   Code   RO          582    .ARM.Collect$$_printf_percent$$00000017  c_w.l(_printf_percent_end.o)
    0x08000206   0x00000002   Code   RO          632    .ARM.Collect$$libinit$$00000000  c_w.l(libinit.o)
    0x08000208   0x00000000   Code   RO          636    .ARM.Collect$$libinit$$00000002  c_w.l(libinit2.o)
    0x08000208   0x00000000   Code   RO          638    .ARM.Collect$$libinit$$00000004  c_w.l(libinit2.o)
    0x08000208   0x00000000   Code   RO          641    .ARM.Collect$$libinit$$0000000A  c_w.l(libinit2.o)
    0x08000208   0x00000000   Code   RO          643    .ARM.Collect$$libinit$$0000000C  c_w.l(libinit2.o)
    0x08000208   0x00000000   Code   RO          645    .ARM.Collect$$libinit$$0000000E  c_w.l(libinit2.o)
    0x08000208   0x00000000   Code   RO          648    .ARM.Collect$$libinit$$00000011  c_w.l(libinit2.o)
    0x08000208   0x00000000   Code   RO          650    .ARM.Collect$$libinit$$00000013  c_w.l(libinit2.o)
    0x08000208   0x00000000   Code   RO          652    .ARM.Collect$$libinit$$00000015  c_w.l(libinit2.o)
    0x08000208   0x00000000   Code   RO          654    .ARM.Collect$$libinit$$00000017  c_w.l(libinit2.o)
    0x08000208   0x00000000   Code   RO          656    .ARM.Collect$$libinit$$00000019  c_w.l(libinit2.o)
    0x08000208   0x00000000   Code   RO          658    .ARM.Collect$$libinit$$0000001B  c_w.l(libinit2.o)
    0x08000208   0x00000000   Code   RO          660    .ARM.Collect$$libinit$$0000001D  c_w.l(libinit2.o)
    0x08000208   0x00000000   Code   RO          662    .ARM.Collect$$libinit$$0000001F  c_w.l(libinit2.o)
    0x08000208   0x00000000   Code   RO          664    .ARM.Collect$$libinit$$00000021  c_w.l(libinit2.o)
    0x08000208   0x00000000   Code   RO          666    .ARM.Collect$$libinit$$00000023  c_w.l(libinit2.o)
    0x08000208   0x00000000   Code   RO          668    .ARM.Collect$$libinit$$00000025  c_w.l(libinit2.o)
    0x08000208   0x00000000   Code   RO          672    .ARM.Collect$$libinit$$0000002C  c_w.l(libinit2.o)
    0x08000208   0x00000000   Code   RO          674    .ARM.Collect$$libinit$$0000002E  c_w.l(libinit2.o)
    0x08000208   0x00000000   Code   RO          676    .ARM.Collect$$libinit$$00000030  c_w.l(libinit2.o)
    0x08000208   0x00000000   Code   RO          678    .ARM.Collect$$libinit$$00000032  c_w.l(libinit2.o)
    0x08000208   0x00000002   Code   RO          679    .ARM.Collect$$libinit$$00000033  c_w.l(libinit2.o)
    0x0800020a   0x00000002   Code   RO          697    .ARM.Collect$$libshutdown$$00000000  c_w.l(libshutdown.o)
    0x0800020c   0x00000000   Code   RO          707    .ARM.Collect$$libshutdown$$00000002  c_w.l(libshutdown2.o)
    0x0800020c   0x00000000   Code   RO          709    .ARM.Collect$$libshutdown$$00000004  c_w.l(libshutdown2.o)
    0x0800020c   0x00000000   Code   RO          712    .ARM.Collect$$libshutdown$$00000007  c_w.l(libshutdown2.o)
    0x0800020c   0x00000000   Code   RO          715    .ARM.Collect$$libshutdown$$0000000A  c_w.l(libshutdown2.o)
    0x0800020c   0x00000000   Code   RO          717    .ARM.Collect$$libshutdown$$0000000C  c_w.l(libshutdown2.o)
    0x0800020c   0x00000000   Code   RO          720    .ARM.Collect$$libshutdown$$0000000F  c_w.l(libshutdown2.o)
    0x0800020c   0x00000002   Code   RO          721    .ARM.Collect$$libshutdown$$00000010  c_w.l(libshutdown2.o)
    0x0800020e   0x00000000   Code   RO          573    .ARM.Collect$$rtentry$$00000000  c_w.l(__rtentry.o)
    0x0800020e   0x00000000   Code   RO          593    .ARM.Collect$$rtentry$$00000002  c_w.l(__rtentry2.o)
    0x0800020e   0x00000006   Code   RO          605    .ARM.Collect$$rtentry$$00000004  c_w.l(__rtentry4.o)
    0x08000214   0x00000000   Code   RO          595    .ARM.Collect$$rtentry$$00000009  c_w.l(__rtentry2.o)
    0x08000214   0x00000004   Code   RO          596    .ARM.Collect$$rtentry$$0000000A  c_w.l(__rtentry2.o)
    0x08000218   0x00000000   Code   RO          598    .ARM.Collect$$rtentry$$0000000C  c_w.l(__rtentry2.o)
    0x08000218   0x00000008   Code   RO          599    .ARM.Collect$$rtentry$$0000000D  c_w.l(__rtentry2.o)
    0x08000220   0x00000002   Code   RO          633    .ARM.Collect$$rtexit$$00000000  c_w.l(rtexit.o)
    0x08000222   0x00000000   Code   RO          681    .ARM.Collect$$rtexit$$00000002  c_w.l(rtexit2.o)
    0x08000222   0x00000004   Code   RO          682    .ARM.Collect$$rtexit$$00000003  c_w.l(rtexit2.o)
    0x08000226   0x00000006   Code   RO          683    .ARM.Collect$$rtexit$$00000004  c_w.l(rtexit2.o)
    0x0800022c   0x00000310   Code   RO            1    .text               main.o
    0x0800053c   0x0000001a   Code   RO          152    .text               stm32f10x_it.o
    0x08000556   0x00000002   PAD
    0x08000558   0x000001e0   Code   RO          193    .text               system_stm32f10x.o
    0x08000738   0x00000088   Code   RO          211    .text               led.o
    0x080007c0   0x00000190   Code   RO          236    .text               timer.o
    0x08000950   0x00000118   Code   RO          252    .text               sram.o
    0x08000a68   0x000000d4   Code   RO          264    .text               delay.o
    0x08000b3c   0x00000140   Code   RO          295    .text               usart.o
    0x08000c7c   0x00000040   Code   RO          331    .text               startup_stm32f10x_hd.o
    0x08000cbc   0x000000dc   Code   RO          335    .text               misc.o
    0x08000d98   0x0000035c   Code   RO          347    .text               stm32f10x_gpio.o
    0x080010f4   0x000003a4   Code   RO          359    .text               stm32f10x_rcc.o
    0x08001498   0x00000e1a   Code   RO          373    .text               stm32f10x_tim.o
    0x080022b2   0x00000002   PAD
    0x080022b4   0x00000408   Code   RO          385    .text               stm32f10x_usart.o
    0x080026bc   0x0000060c   Code   RO          397    .text               stm32f10x_fsmc.o
    0x08002cc8   0x00000c38   Code   RO          409    .text               usmart.o
    0x08003900   0x00000528   Code   RO          438    .text               usmart_str.o
    0x08003e28   0x0000022c   Code   RO          450    .text               malloc.o
    0x08004054   0x00000002   Code   RO          474    .text               c_w.l(use_no_semi_2.o)
    0x08004056   0x00000002   PAD
    0x08004058   0x00000018   Code   RO          478    .text               c_w.l(noretval__2printf.o)
    0x08004070   0x0000004e   Code   RO          482    .text               c_w.l(_printf_pad.o)
    0x080040be   0x00000052   Code   RO          484    .text               c_w.l(_printf_str.o)
    0x08004110   0x00000078   Code   RO          486    .text               c_w.l(_printf_dec.o)
    0x08004188   0x00000058   Code   RO          491    .text               c_w.l(_printf_hex_int.o)
    0x080041e0   0x00000188   Code   RO          526    .text               c_w.l(__printf_flags_ss_wp.o)
    0x08004368   0x00000006   Code   RO          535    .text               c_w.l(heapauxi.o)
    0x0800436e   0x00000002   Code   RO          571    .text               c_w.l(use_no_semi.o)
    0x08004370   0x00000016   Code   RO          574    .text               c_w.l(_rserrno.o)
    0x08004386   0x000000b2   Code   RO          576    .text               c_w.l(_printf_intcommon.o)
    0x08004438   0x0000002c   Code   RO          578    .text               c_w.l(_printf_char.o)
    0x08004464   0x00000024   Code   RO          580    .text               c_w.l(_printf_char_file.o)
    0x08004488   0x00000008   Code   RO          610    .text               c_w.l(rt_errno_addr_intlibspace.o)
    0x08004490   0x00000030   Code   RO          612    .text               c_w.l(_printf_char_common.o)
    0x080044c0   0x00000008   Code   RO          614    .text               c_w.l(ferror.o)
    0x080044c8   0x00000008   Code   RO          618    .text               c_w.l(libspace.o)
    0x080044d0   0x0000004a   Code   RO          621    .text               c_w.l(sys_stackheap_outer.o)
    0x0800451a   0x00000012   Code   RO          625    .text               c_w.l(exit.o)
    0x0800452c   0x0000000e   Code   RO          519    i._is_digit         c_w.l(__printf_wp.o)
    0x0800453a   0x0000004c   Code   RO          564    i.sqrt              m_ws.l(sqrt.o)
    0x08004586   0x00000002   PAD
    0x08004588   0x00000150   Code   RO          539    x$fpl$dadd          fz_ws.l(daddsub_clz.o)
    0x080046d8   0x00000018   Code   RO          583    x$fpl$dcmpinf       fz_ws.l(dcmpi.o)
    0x080046f0   0x000002b0   Code   RO          546    x$fpl$ddiv          fz_ws.l(ddiv.o)
    0x080049a0   0x0000005e   Code   RO          549    x$fpl$dfix          fz_ws.l(dfix.o)
    0x080049fe   0x0000002e   Code   RO          554    x$fpl$dflt          fz_ws.l(dflt_clz.o)
    0x08004a2c   0x00000078   Code   RO          559    x$fpl$dleqf         fz_ws.l(dleqf.o)
    0x08004aa4   0x00000154   Code   RO          561    x$fpl$dmul          fz_ws.l(dmul.o)
    0x08004bf8   0x0000009c   Code   RO          585    x$fpl$dnaninf       fz_ws.l(dnaninf.o)
    0x08004c94   0x0000000c   Code   RO          587    x$fpl$dretinf       fz_ws.l(dretinf.o)
    0x08004ca0   0x000001cc   Code   RO          589    x$fpl$dsqrt         fz_ws.l(dsqrt_noumaal.o)
    0x08004e6c   0x000001d4   Code   RO          541    x$fpl$dsub          fz_ws.l(daddsub_clz.o)
    0x08005040   0x00000000   Code   RO          591    x$fpl$usenofp       fz_ws.l(usenofp.o)
    0x08005040   0x00000018   Data   RO          454    .constdata          malloc.o
    0x08005058   0x00000028   Data   RO          492    .constdata          c_w.l(_printf_hex_int.o)
    0x08005080   0x00000011   Data   RO          527    .constdata          c_w.l(__printf_flags_ss_wp.o)
    0x08005091   0x00000003   PAD
    0x08005094   0x00000028   Data   RO          410    .conststring        usmart.o
    0x080050bc   0x000000b3   Data   RO          425    .conststring        usmart_config.o
    0x0800516f   0x00000001   PAD
    0x08005170   0x00000020   Data   RO          753    Region$$Table       anon$$obj.o


    Execution Region RW_IRAM1 (Base: 0x20000000, Size: 0x0000c2c0, Max: 0x00010000, ABSOLUTE, COMPRESSED[0x00000094])

    Base Addr    Size         Type   Attr      Idx    E Section Name        Object

    0x20000000   0x00000048   Data   RW            3    .data               main.o
    0x20000048   0x00000014   Data   RW          194    .data               system_stm32f10x.o
    0x2000005c   0x00000004   Data   RW          237    .data               timer.o
    0x20000060   0x00000004   Data   RW          265    .data               delay.o
    0x20000064   0x00000006   Data   RW          297    .data               usart.o
    0x2000006a   0x00000014   Data   RW          360    .data               stm32f10x_rcc.o
    0x2000007e   0x00000002   PAD
    0x20000080   0x0000001c   Data   RW          411    .data               usmart.o
    0x2000009c   0x0000012c   Data   RW          426    .data               usmart_config.o
    0x200001c8   0x0000001c   Data   RW          455    .data               malloc.o
    0x200001e4   0x00000fa0   Zero   RW            2    .bss                main.o
    0x20001184   0x000000c8   Zero   RW          296    .bss                usart.o
    0x2000124c   0x00000014   PAD
    0x20001260   0x0000aa00   Zero   RW          453    .bss                malloc.o
    0x2000bc60   0x00000060   Zero   RW          619    .bss                c_w.l(libspace.o)
    0x2000bcc0   0x00000200   Zero   RW          329    HEAP                startup_stm32f10x_hd.o
    0x2000bec0   0x00000400   Zero   RW          328    STACK               startup_stm32f10x_hd.o



  Load Region LR$$.ARM.__AT_0x68000000 (Base: 0x68000000, Size: 0x00000000, Max: 0x000f0000, ABSOLUTE)

    Execution Region ER$$.ARM.__AT_0x68000000 (Base: 0x68000000, Size: 0x000f0000, Max: 0x000f0000, ABSOLUTE, UNINIT)

    Base Addr    Size         Type   Attr      Idx    E Section Name        Object

    0x68000000   0x000f0000   Zero   RW          451    .ARM.__AT_0x68000000  malloc.o



  Load Region LR$$.ARM.__AT_0x680F0000 (Base: 0x680f0000, Size: 0x00000000, Max: 0x0000f000, ABSOLUTE)

    Execution Region ER$$.ARM.__AT_0x680F0000 (Base: 0x680f0000, Size: 0x0000f000, Max: 0x0000f000, ABSOLUTE, UNINIT)

    Base Addr    Size         Type   Attr      Idx    E Section Name        Object

    0x680f0000   0x0000f000   Zero   RW          452    .ARM.__AT_0x680F0000  malloc.o


==============================================================================

Image component sizes


      Code (inc. data)   RO Data    RW Data    ZI Data      Debug   Object Name

       212         18          0          4          0       1015   delay.o
       136         16          0          0          0        515   led.o
       784         78          0         72       4000     263007   main.o
       556         18         24         28    1088000       4640   malloc.o
       220         22          0          0          0       1773   misc.o
       280         16          0          0          0       1957   sram.o
        64         26        304          0       1536        776   startup_stm32f10x_hd.o
      1548         18          0          0          0       5351   stm32f10x_fsmc.o
       860         38          0          0          0       5705   stm32f10x_gpio.o
        26          0          0          0          0       1166   stm32f10x_it.o
       932         36          0         20          0       8872   stm32f10x_rcc.o
      3610         88          0          0          0      22816   stm32f10x_tim.o
      1032         22          0          0          0       8432   stm32f10x_usart.o
         0          0          0          0          0         32   sys.o
       480         38          0         20          0       1695   system_stm32f10x.o
       400         42          0          4          0       1370   timer.o
       320         16          0          6        200       3134   usart.o
      3128       1288         40         28          0       4330   usmart.o
         0          0        179        300          0       1500   usmart_config.o
      1320         12          0          0          0       5201   usmart_str.o

    ----------------------------------------------------------------------
     15912       1792        580        484    1093756     343287   Object Totals
         0          0         32          0          0          0   (incl. Generated)
         4          0          1          2         20          0   (incl. Padding)

    ----------------------------------------------------------------------

      Code (inc. data)   RO Data    RW Data    ZI Data      Debug   Library Member Name

        90          0          0          0          0          0   __dczerorl2.o
         8          0          0          0          0         68   __main.o
       392          4         17          0          0         92   __printf_flags_ss_wp.o
        14          0          0          0          0         68   __printf_wp.o
         0          0          0          0          0          0   __rtentry.o
        12          0          0          0          0          0   __rtentry2.o
         6          0          0          0          0          0   __rtentry4.o
        52          8          0          0          0          0   __scatter.o
        28          0          0          0          0          0   __scatter_zi.o
         6          0          0          0          0          0   _printf_c.o
        44          0          0          0          0        108   _printf_char.o
        48          6          0          0          0         96   _printf_char_common.o
        36          4          0          0          0         80   _printf_char_file.o
         6          0          0          0          0          0   _printf_d.o
       120         16          0          0          0         92   _printf_dec.o
        88          4         40          0          0         88   _printf_hex_int.o
       178          0          0          0          0         88   _printf_intcommon.o
        78          0          0          0          0        108   _printf_pad.o
         0          0          0          0          0          0   _printf_percent.o
         4          0          0          0          0          0   _printf_percent_end.o
         6          0          0          0          0          0   _printf_s.o
        82          0          0          0          0         80   _printf_str.o
         6          0          0          0          0          0   _printf_u.o
         6          0          0          0          0          0   _printf_x.o
        22          0          0          0          0        100   _rserrno.o
        18          0          0          0          0         80   exit.o
         8          0          0          0          0         68   ferror.o
         6          0          0          0          0        152   heapauxi.o
         2          0          0          0          0          0   libinit.o
         2          0          0          0          0          0   libinit2.o
         2          0          0          0          0          0   libshutdown.o
         2          0          0          0          0          0   libshutdown2.o
         8          4          0          0         96         68   libspace.o
        24          4          0          0          0         84   noretval__2printf.o
         8          4          0          0          0         68   rt_errno_addr_intlibspace.o
         2          0          0          0          0          0   rtexit.o
        10          0          0          0          0          0   rtexit2.o
        74          0          0          0          0         80   sys_stackheap_outer.o
         2          0          0          0          0         68   use_no_semi.o
         2          0          0          0          0         68   use_no_semi_2.o
       804         16          0          0          0        272   daddsub_clz.o
        24          0          0          0          0         68   dcmpi.o
       688        140          0          0          0        208   ddiv.o
        94          4          0          0          0         92   dfix.o
        46          0          0          0          0         68   dflt_clz.o
       120          4          0          0          0         92   dleqf.o
       340         12          0          0          0        104   dmul.o
       156          4          0          0          0         92   dnaninf.o
        12          0          0          0          0         68   dretinf.o
       460         56          0          0          0        120   dsqrt_noumaal.o
         0          0          0          0          0          0   usenofp.o
        76          0          0          0          0         84   sqrt.o

    ----------------------------------------------------------------------
      4328        290         60          0         96       3072   Library Totals
         6          0          3          0          0          0   (incl. Padding)

    ----------------------------------------------------------------------

      Code (inc. data)   RO Data    RW Data    ZI Data      Debug   Library Name

      1502         54         57          0         96       1804   c_w.l
      2744        236          0          0          0       1184   fz_ws.l
        76          0          0          0          0         84   m_ws.l

    ----------------------------------------------------------------------
      4328        290         60          0         96       3072   Library Totals

    ----------------------------------------------------------------------

==============================================================================


      Code (inc. data)   RO Data    RW Data    ZI Data      Debug   

     20240       2082        640        484    1093852     343339   Grand Totals
     20240       2082        640        148    1093852     343339   ELF Image Totals (compressed)
     20240       2082        640        148          0          0   ROM Totals

==============================================================================

    Total RO  Size (Code + RO Data)                20880 (  20.39kB)
    Total RW  Size (RW Data + ZI Data)           1094336 (1068.69kB)
    Total ROM Size (Code + RO Data + RW Data)      21028 (  20.54kB)

==============================================================================

