<html>
<body>
<pre>
<h1>礦ision Build Log</h1>
<h2>Tool Versions:</h2>
IDE-Version: μVision V5.20.0.0
Copyright (C) 2016 ARM Ltd and ARM Germany GmbH. All rights reserved.
License Information: a AutoBVT, Microsoft, LIC=DSNVE-5SHD4-LU04M-XU4GP-FV8YK-LB1B2
 
Tool Versions:
Toolchain:       MDK-ARM Professional  Version: 5.20
Toolchain Path:  C:\Keil_v5\ARM\ARMCC\Bin
C Compiler:      Armcc.exe V5.06 update 2 (build 183)
Assembler:       Armasm.exe V5.06 update 2 (build 183)
Linker/Locator:  ArmLink.exe V5.06 update 2 (build 183)
Library Manager: ArmAr.exe V5.06 update 2 (build 183)
Hex Converter:   FromElf.exe V5.06 update 2 (build 183)
CPU DLL:         SARMCM3.DLL V5.20
Dialog DLL:      DARMSTM.DLL V1.66.0.0
Target DLL:      Segger\JL2CM3.dll V2.99.20.0
Dialog DLL:      TARMSTM.DLL V1.65.0.0
 
<h2>Project:</h2>
C:\Users\Administrator\Desktop\WIFI作业\WIFI代码\USER\ATK_ESP8266.uvprojx
Project File Date:  09/18/2018

<h2>Output:</h2>
*** Using Compiler 'V5.06 update 2 (build 183)', folder: 'C:\Keil_v5\ARM\ARMCC\Bin'
Build target 'Target 1'
compiling main.c...
compiling wifiap.c...
..\ATK-ESP8266\wifiap.c(81): warning:  #111-D: statement is unreachable
        return res;             
..\ATK-ESP8266\wifiap.c(25): warning:  #177-D: variable "key" was declared but never referenced
        u8 key;
..\ATK-ESP8266\wifiap.c(26): warning:  #177-D: variable "netpro" was declared but never referenced
        u8 netpro=0;    //????模式
..\ATK-ESP8266\wifiap.c: 3 warnings, 0 errors
linking...
Program Size: Code=16424 RO-data=1244 RW-data=480 ZI-data=1091744  
FromELF: creating hex file...
"..\OBJ\ATK_ESP8266.axf" - 0 Error(s), 3 Warning(s).

<h2>Collection of Component include folders:</h2>
  C:\Users\Administrator\Desktop\WIFI作业\WIFI代码\USER\RTE
  D:\kile5\Keil\STM32F1xx_DFP\2.2.0\Device\Include

<h2>Collection of Component Files used:</h2>
Build Time Elapsed:  00:00:07
</pre>
</body>
</html>
