Component: ARM Compiler 5.06 update 2 (build 183) Tool: armlink [4d35b7]

==============================================================================

Section Cross References

    main.o(i.main) refers to delay.o(i.delay_init) for delay_init
    main.o(i.main) refers to misc.o(i.NVIC_PriorityGroupConfig) for NVIC_PriorityGroupConfig
    main.o(i.main) refers to usart.o(i.uart_init) for uart_init
    main.o(i.main) refers to led.o(i.LED_Init) for LED_Init
    main.o(i.main) refers to key.o(i.KEY_Init) for KEY_Init
    main.o(i.main) refers to usart3.o(i.usart3_init) for usart3_init
    main.o(i.main) refers to dht11.o(i.DHT11_Init) for DHT11_Init
    main.o(i.main) refers to wifiap.o(i.atk_8266_wifiap_test) for atk_8266_wifiap_test
    system_stm32f10x.o(i.SetSysClock) refers to system_stm32f10x.o(i.SetSysClockTo72) for SetSysClockTo72
    system_stm32f10x.o(i.SystemCoreClockUpdate) refers to system_stm32f10x.o(.data) for SystemCoreClock
    system_stm32f10x.o(i.SystemInit) refers to system_stm32f10x.o(i.SetSysClock) for SetSysClock
    startup_stm32f10x_hd.o(STACK) refers (Special) to heapauxi.o(.text) for __use_two_region_memory
    startup_stm32f10x_hd.o(HEAP) refers (Special) to heapauxi.o(.text) for __use_two_region_memory
    startup_stm32f10x_hd.o(RESET) refers (Special) to heapauxi.o(.text) for __use_two_region_memory
    startup_stm32f10x_hd.o(RESET) refers to startup_stm32f10x_hd.o(STACK) for __initial_sp
    startup_stm32f10x_hd.o(RESET) refers to startup_stm32f10x_hd.o(.text) for Reset_Handler
    startup_stm32f10x_hd.o(RESET) refers to stm32f10x_it.o(i.NMI_Handler) for NMI_Handler
    startup_stm32f10x_hd.o(RESET) refers to stm32f10x_it.o(i.HardFault_Handler) for HardFault_Handler
    startup_stm32f10x_hd.o(RESET) refers to stm32f10x_it.o(i.MemManage_Handler) for MemManage_Handler
    startup_stm32f10x_hd.o(RESET) refers to stm32f10x_it.o(i.BusFault_Handler) for BusFault_Handler
    startup_stm32f10x_hd.o(RESET) refers to stm32f10x_it.o(i.UsageFault_Handler) for UsageFault_Handler
    startup_stm32f10x_hd.o(RESET) refers to stm32f10x_it.o(i.SVC_Handler) for SVC_Handler
    startup_stm32f10x_hd.o(RESET) refers to stm32f10x_it.o(i.DebugMon_Handler) for DebugMon_Handler
    startup_stm32f10x_hd.o(RESET) refers to stm32f10x_it.o(i.PendSV_Handler) for PendSV_Handler
    startup_stm32f10x_hd.o(RESET) refers to stm32f10x_it.o(i.SysTick_Handler) for SysTick_Handler
    startup_stm32f10x_hd.o(RESET) refers to usmart.o(i.TIM4_IRQHandler) for TIM4_IRQHandler
    startup_stm32f10x_hd.o(RESET) refers to usart.o(i.USART1_IRQHandler) for USART1_IRQHandler
    startup_stm32f10x_hd.o(RESET) refers to usart3.o(i.USART3_IRQHandler) for USART3_IRQHandler
    startup_stm32f10x_hd.o(RESET) refers to sdio_sdcard.o(i.SDIO_IRQHandler) for SDIO_IRQHandler
    startup_stm32f10x_hd.o(RESET) refers to timer.o(i.TIM7_IRQHandler) for TIM7_IRQHandler
    startup_stm32f10x_hd.o(.text) refers (Special) to heapauxi.o(.text) for __use_two_region_memory
    startup_stm32f10x_hd.o(.text) refers to system_stm32f10x.o(i.SystemInit) for SystemInit
    startup_stm32f10x_hd.o(.text) refers to __main.o(!!!main) for __main
    startup_stm32f10x_hd.o(.text) refers to startup_stm32f10x_hd.o(HEAP) for Heap_Mem
    startup_stm32f10x_hd.o(.text) refers to startup_stm32f10x_hd.o(STACK) for Stack_Mem
    delay.o(i.delay_init) refers to misc.o(i.SysTick_CLKSourceConfig) for SysTick_CLKSourceConfig
    delay.o(i.delay_init) refers to system_stm32f10x.o(.data) for SystemCoreClock
    delay.o(i.delay_init) refers to delay.o(.data) for fac_us
    delay.o(i.delay_ms) refers to delay.o(.data) for fac_ms
    delay.o(i.delay_us) refers to delay.o(.data) for fac_us
    usart.o(i.USART1_IRQHandler) refers (Special) to use_no_semi_2.o(.text) for __use_no_semihosting
    usart.o(i.USART1_IRQHandler) refers to stm32f10x_usart.o(i.USART_GetITStatus) for USART_GetITStatus
    usart.o(i.USART1_IRQHandler) refers to stm32f10x_usart.o(i.USART_ReceiveData) for USART_ReceiveData
    usart.o(i.USART1_IRQHandler) refers to usart.o(.data) for USART_RX_STA
    usart.o(i.USART1_IRQHandler) refers to usart.o(.bss) for USART_RX_BUF
    usart.o(i._sys_exit) refers (Special) to use_no_semi_2.o(.text) for __use_no_semihosting
    usart.o(i.fputc) refers (Special) to use_no_semi_2.o(.text) for __use_no_semihosting
    usart.o(i.uart_init) refers (Special) to use_no_semi_2.o(.text) for __use_no_semihosting
    usart.o(i.uart_init) refers to stm32f10x_rcc.o(i.RCC_APB2PeriphClockCmd) for RCC_APB2PeriphClockCmd
    usart.o(i.uart_init) refers to stm32f10x_gpio.o(i.GPIO_Init) for GPIO_Init
    usart.o(i.uart_init) refers to misc.o(i.NVIC_Init) for NVIC_Init
    usart.o(i.uart_init) refers to stm32f10x_usart.o(i.USART_Init) for USART_Init
    usart.o(i.uart_init) refers to stm32f10x_usart.o(i.USART_ITConfig) for USART_ITConfig
    usart.o(i.uart_init) refers to stm32f10x_usart.o(i.USART_Cmd) for USART_Cmd
[...]
    i.DHT11_Check                            0x08001984   Section        0  dht11.o(i.DHT11_Check)
    i.DHT11_Init                             0x080019e8   Section        0  dht11.o(i.DHT11_Init)
    i.DHT11_Read_Bit                         0x08001a28   Section        0  dht11.o(i.DHT11_Read_Bit)
    i.DHT11_Read_Byte                        0x08001a74   Section        0  dht11.o(i.DHT11_Read_Byte)
    i.DHT11_Read_Data                        0x08001a92   Section        0  dht11.o(i.DHT11_Read_Data)
    i.DHT11_Rst                              0x08001aec   Section        0  dht11.o(i.DHT11_Rst)
    i.DebugMon_Handler                       0x08001b2c   Section        0  stm32f10x_it.o(i.DebugMon_Handler)
    i.GPIO_Init                              0x08001b2e   Section        0  stm32f10x_gpio.o(i.GPIO_Init)
    i.GPIO_SetBits                           0x08001c44   Section        0  stm32f10x_gpio.o(i.GPIO_SetBits)
    i.HardFault_Handler                      0x08001c48   Section        0  stm32f10x_it.o(i.HardFault_Handler)
    i.KEY_Init                               0x08001c4c   Section        0  key.o(i.KEY_Init)
    i.LED_Init                               0x08001c88   Section        0  led.o(i.LED_Init)
    i.MemManage_Handler                      0x08001cd4   Section        0  stm32f10x_it.o(i.MemManage_Handler)
    i.NMI_Handler                            0x08001cd8   Section        0  stm32f10x_it.o(i.NMI_Handler)
    i.NVIC_Init                              0x08001cdc   Section        0  misc.o(i.NVIC_Init)
    i.NVIC_PriorityGroupConfig               0x08001d4c   Section        0  misc.o(i.NVIC_PriorityGroupConfig)
    i.PendSV_Handler                         0x08001d60   Section        0  stm32f10x_it.o(i.PendSV_Handler)
    i.RCC_APB1PeriphClockCmd                 0x08001d64   Section        0  stm32f10x_rcc.o(i.RCC_APB1PeriphClockCmd)
    i.RCC_APB1PeriphResetCmd                 0x08001d84   Section        0  stm32f10x_rcc.o(i.RCC_APB1PeriphResetCmd)
    i.RCC_APB2PeriphClockCmd                 0x08001da4   Section        0  stm32f10x_rcc.o(i.RCC_APB2PeriphClockCmd)
    i.RCC_APB2PeriphResetCmd                 0x08001dc4   Section        0  stm32f10x_rcc.o(i.RCC_APB2PeriphResetCmd)
    i.RCC_GetClocksFreq                      0x08001de4   Section        0  stm32f10x_rcc.o(i.RCC_GetClocksFreq)
    i.SDIO_ClearFlag                         0x08001eb8   Section        0  stm32f10x_sdio.o(i.SDIO_ClearFlag)
    i.SDIO_GetFlagStatus                     0x08001ec4   Section        0  stm32f10x_sdio.o(i.SDIO_GetFlagStatus)
    i.SDIO_IRQHandler                        0x08001edc   Section        0  sdio_sdcard.o(i.SDIO_IRQHandler)
    i.SDIO_SendCommand                       0x08001ee4   Section        0  stm32f10x_sdio.o(i.SDIO_SendCommand)
    i.SD_ProcessIRQSrc                       0x08001f10   Section        0  sdio_sdcard.o(i.SD_ProcessIRQSrc)
    i.SVC_Handler                            0x0800204c   Section        0  stm32f10x_it.o(i.SVC_Handler)
    i.SetSysClock                            0x0800204e   Section        0  system_stm32f10x.o(i.SetSysClock)
    SetSysClock                              0x0800204f   Thumb Code     8  system_stm32f10x.o(i.SetSysClock)
    i.SetSysClockTo72                        0x08002058   Section        0  system_stm32f10x.o(i.SetSysClockTo72)
    SetSysClockTo72                          0x08002059   Thumb Code   214  system_stm32f10x.o(i.SetSysClockTo72)
    i.SysTick_CLKSourceConfig                0x08002138   Section        0  misc.o(i.SysTick_CLKSourceConfig)
    i.SysTick_Handler                        0x08002160   Section        0  stm32f10x_it.o(i.SysTick_Handler)
    i.SystemInit                             0x08002164   Section        0  system_stm32f10x.o(i.SystemInit)
    i.TIM4_IRQHandler                        0x080021c4   Section        0  usmart.o(i.TIM4_IRQHandler)
    i.TIM7_IRQHandler                        0x080021fc   Section        0  timer.o(i.TIM7_IRQHandler)
    i.TIM7_Int_Init                          0x08002230   Section        0  timer.o(i.TIM7_Int_Init)
    i.TIM_ClearFlag                          0x08002290   Section        0  stm32f10x_tim.o(i.TIM_ClearFlag)
    i.TIM_ClearITPendingBit                  0x08002296   Section        0  stm32f10x_tim.o(i.TIM_ClearITPendingBit)
    i.TIM_Cmd                                0x0800229c   Section        0  stm32f10x_tim.o(i.TIM_Cmd)
    i.TIM_GetCounter                         0x080022b4   Section        0  stm32f10x_tim.o(i.TIM_GetCounter)
    i.TIM_GetFlagStatus                      0x080022ba   Section        0  stm32f10x_tim.o(i.TIM_GetFlagStatus)
    i.TIM_GetITStatus                        0x080022cc   Section        0  stm32f10x_tim.o(i.TIM_GetITStatus)
    i.TIM_ITConfig                           0x080022ee   Section        0  stm32f10x_tim.o(i.TIM_ITConfig)
    i.TIM_SetAutoreload                      0x08002300   Section        0  stm32f10x_tim.o(i.TIM_SetAutoreload)
    i.TIM_SetCounter                         0x08002304   Section        0  stm32f10x_tim.o(i.TIM_SetCounter)
    i.TIM_TimeBaseInit                       0x08002308   Section        0  stm32f10x_tim.o(i.TIM_TimeBaseInit)
    i.Timer4_Init                            0x080023ac   Section        0  usmart.o(i.Timer4_Init)
    i.USART1_IRQHandler                      0x08002408   Section        0  usart.o(i.USART1_IRQHandler)
    i.USART3_IRQHandler                      0x08002490   Section        0  usart3.o(i.USART3_IRQHandler)
    i.USART_Cmd                              0x08002500   Section        0  stm32f10x_usart.o(i.USART_Cmd)
    i.USART_DeInit                           0x08002518   Section        0  stm32f10x_usart.o(i.USART_DeInit)
    i.USART_GetFlagStatus                    0x080025b4   Section        0  stm32f10x_usart.o(i.USART_GetFlagStatus)
    i.USART_GetITStatus                      0x080025ce   Section        0  stm32f10x_usart.o(i.USART_GetITStatus)
    i.USART_ITConfig                         0x08002622   Section        0  stm32f10x_usart.o(i.USART_ITConfig)
    i.USART_Init                             0x0800266c   Section        0  stm32f10x_usart.o(i.USART_Init)
    i.USART_ReceiveData                      0x08002744   Section        0  stm32f10x_usart.o(i.USART_ReceiveData)
    i.USART_SendData                         0x0800274e   Section        0  stm32f10x_usart.o(i.USART_SendData)
    i.UsageFault_Handler                     0x08002756   Section        0  stm32f10x_it.o(i.UsageFault_Handler)
    i.__ARM_fpclassify                       0x0800275a   Section        0  fpclassify.o(i.__ARM_fpclassify)
    i._is_digit                              0x08002782   Section        0  __printf_wp.o(i._is_digit)
    i._sys_exit                              0x08002790   Section        0  usart.o(i._sys_exit)
    i.atk_8266_at_response                   0x08002798   Section        0  common.o(i.atk_8266_at_response)
    i.atk_8266_check_cmd                     0x080027d4   Section        0  common.o(i.atk_8266_check_cmd)
    i.atk_8266_consta_check                  0x08002808   Section        0  common.o(i.atk_8266_consta_check)
    i.atk_8266_quit_trans                    0x0800284c   Section        0  common.o(i.atk_8266_quit_trans)
    i.atk_8266_send_cmd                      0x080028bc   Section        0  common.o(i.atk_8266_send_cmd)
    i.atk_8266_send_data                     0x08002930   Section        0  common.o(i.atk_8266_send_data)
    i.atk_8266_wifiap_test                   0x0800298c   Section        0  wifiap.o(i.atk_8266_wifiap_test)
    i.delay_init                             0x08002bac   Section        0  delay.o(i.delay_init)
    i.delay_ms                               0x08002bf0   Section        0  delay.o(i.delay_ms)
    i.delay_us                               0x08002c3c   Section        0  delay.o(i.delay_us)
    i.fputc                                  0x08002c88   Section        0  usart.o(i.fputc)
    i.main                                   0x08002ca4   Section        0  main.o(i.main)
    i.my_mem_init                            0x08002cd4   Section        0  malloc.o(i.my_mem_init)
    i.my_mem_malloc                          0x08002d18   Section        0  malloc.o(i.my_mem_malloc)
    i.my_mem_perused                         0x08002dc0   Section        0  malloc.o(i.my_mem_perused)
    i.mymalloc                               0x08002e00   Section        0  malloc.o(i.mymalloc)
    i.mymemset                               0x08002e28   Section        0  malloc.o(i.mymemset)
    i.read_addr                              0x08002e3c   Section        0  usmart.o(i.read_addr)
    i.u3_printf                              0x08002e44   Section        0  usart3.o(i.u3_printf)
    i.uart_init                              0x08002e94   Section        0  usart.o(i.uart_init)
    i.usart3_init                            0x08002f34   Section        0  usart3.o(i.usart3_init)
    i.usmart_cmd_rec                         0x08003004   Section        0  usmart.o(i.usmart_cmd_rec)
    i.usmart_exe                             0x080030b4   Section        0  usmart.o(i.usmart_exe)
    i.usmart_get_aparm                       0x08003388   Section        0  usmart_str.o(i.usmart_get_aparm)
    i.usmart_get_cmdname                     0x08003450   Section        0  usmart_str.o(i.usmart_get_cmdname)
    i.usmart_get_fname                       0x08003488   Section        0  usmart_str.o(i.usmart_get_fname)
    i.usmart_get_fparam                      0x08003648   Section        0  usmart_str.o(i.usmart_get_fparam)
    i.usmart_get_parmpos                     0x08003754   Section        0  usmart_str.o(i.usmart_get_parmpos)
    i.usmart_get_runtime                     0x08003774   Section        0  usmart.o(i.usmart_get_runtime)
    i.usmart_init                            0x080037b8   Section        0  usmart.o(i.usmart_init)
    i.usmart_pow                             0x080037e0   Section        0  usmart_str.o(i.usmart_pow)
    i.usmart_reset_runtime                   0x080037f8   Section        0  usmart.o(i.usmart_reset_runtime)
    i.usmart_scan                            0x08003828   Section        0  usmart.o(i.usmart_scan)
    i.usmart_search_nextc                    0x080038e4   Section        0  usmart_str.o(i.usmart_search_nextc)
    i.usmart_str2num                         0x080038fa   Section        0  usmart_str.o(i.usmart_str2num)
    i.usmart_strcmp                          0x080039c4   Section        0  usmart_str.o(i.usmart_strcmp)
    i.usmart_strcopy                         0x080039e6   Section        0  usmart_str.o(i.usmart_strcopy)
    i.usmart_strlen                          0x080039fc   Section        0  usmart_str.o(i.usmart_strlen)
    i.usmart_sys_cmd_exe                     0x08003a14   Section        0  usmart.o(i.usmart_sys_cmd_exe)
    i.write_addr                             0x080040f8   Section        0  usmart.o(i.write_addr)
    locale$$code                             0x080040fc   Section       44  lc_numeric_c.o(locale$$code)
    locale$$code                             0x08004128   Section       44  lc_ctype_c.o(locale$$code)
    x$fpl$printf1                            0x08004154   Section        4  printf1.o(x$fpl$printf1)
    .constdata                               0x08004158   Section       24  malloc.o(.constdata)
    x$fpl$usenofp                            0x08004158   Section        0  usenofp.o(x$fpl$usenofp)
    .constdata                               0x08004170   Section       40  _printf_hex_int_ll_ptr.o(.constdata)
    uc_hextab                                0x08004170   Data          20  _printf_hex_int_ll_ptr.o(.constdata)
    lc_hextab                                0x08004184   Data          20  _printf_hex_int_ll_ptr.o(.constdata)
    .constdata                               0x08004198   Section       17  __printf_flags_ss_wp.o(.constdata)
    maptable                                 0x08004198   Data          17  __printf_flags_ss_wp.o(.constdata)
    .constdata                               0x080041ac   Section        8  _printf_wctomb.o(.constdata)
    initial_mbstate                          0x080041ac   Data           8  _printf_wctomb.o(.constdata)
    .constdata                               0x080041b4   Section      148  bigflt0.o(.constdata)
    tenpwrs_x                                0x080041b4   Data          60  bigflt0.o(.constdata)
    tenpwrs_i                                0x080041f0   Data          64  bigflt0.o(.constdata)
    .conststring                             0x08004248   Section       40  usmart.o(.conststring)
    .conststring                             0x08004270   Section      144  usmart_config.o(.conststring)
    .conststring                             0x08004300   Section      182  common.o(.conststring)
    locale$$data                             0x080043d8   Section       28  lc_numeric_c.o(locale$$data)
    __lcnum_c_name                           0x080043dc   Data           2  lc_numeric_c.o(locale$$data)
    __lcnum_c_start                          0x080043e4   Data           0  lc_numeric_c.o(locale$$data)
    __lcnum_c_point                          0x080043f0   Data           0  lc_numeric_c.o(locale$$data)
    __lcnum_c_thousands                      0x080043f2   Data           0  lc_numeric_c.o(locale$$data)
    __lcnum_c_grouping                       0x080043f3   Data           0  lc_numeric_c.o(locale$$data)
    locale$$data                             0x080043f4   Section      272  lc_ctype_c.o(locale$$data)
    __lcnum_c_end                            0x080043f4   Data           0  lc_numeric_c.o(locale$$data)
    __lcctype_c_name                         0x080043f8   Data           2  lc_ctype_c.o(locale$$data)
    __lcctype_c_start                        0x08004400   Data           0  lc_ctype_c.o(locale$$data)
    __lcctype_c_end                          0x08004504   Data           0  lc_ctype_c.o(locale$$data)
    .data                                    0x20000000   Section        2  main.o(.data)
    .data                                    0x20000004   Section       20  system_stm32f10x.o(.data)
    .data                                    0x20000018   Section        4  delay.o(.data)
    fac_us                                   0x20000018   Data           1  delay.o(.data)
    fac_ms                                   0x2000001a   Data           2  delay.o(.data)
    .data                                    0x2000001c   Section        6  usart.o(.data)
    .data                                    0x20000024   Section       16  sdio_sdcard.o(.data)
    CardType                                 0x20000024   Data           1  sdio_sdcard.o(.data)
    RCA                                      0x20000028   Data           4  sdio_sdcard.o(.data)
    DeviceMode                               0x2000002c   Data           1  sdio_sdcard.o(.data)
    StopCondition                            0x2000002d   Data           1  sdio_sdcard.o(.data)
    .data                                    0x20000034   Section        2  usart3.o(.data)
    .data                                    0x20000036   Section       20  stm32f10x_rcc.o(.data)
    APBAHBPrescTable                         0x20000036   Data          16  stm32f10x_rcc.o(.data)
    ADCPrescTable                            0x20000046   Data           4  stm32f10x_rcc.o(.data)
    .data                                    0x2000004c   Section       28  malloc.o(.data)
    .data                                    0x20000068   Section       28  usmart.o(.data)
    .data                                    0x20000084   Section      276  usmart_config.o(.data)
    .data                                    0x20000198   Section       72  common.o(.data)
    .bss                                     0x200001e0   Section      200  usart.o(.bss)
    .bss                                     0x200002a8   Section      704  sdio_sdcard.o(.bss)
    CSD_Tab                                  0x200002ec   Data          16  sdio_sdcard.o(.bss)
    CID_Tab                                  0x200002fc   Data          16  sdio_sdcard.o(.bss)
    .bss                                     0x20000568   Section     1200  usart3.o(.bss)
    .bss                                     0x20000a20   Section    43520  malloc.o(.bss)
    .bss                                     0x2000b420   Section       96  libspace.o(.bss)
    HEAP                                     0x2000b480   Section      512  startup_stm32f10x_hd.o(HEAP)
    Heap_Mem                                 0x2000b480   Data         512  startup_stm32f10x_hd.o(HEAP)
    STACK                                    0x2000b680   Section     1024  startup_stm32f10x_hd.o(STACK)
    Stack_Mem                                0x2000b680   Data        1024  startup_stm32f10x_hd.o(STACK)
    __initial_sp                             0x2000ba80   Data           0  startup_stm32f10x_hd.o(STACK)
    .ARM.__AT_0x68000000                     0x68000000   Section    983040  malloc.o(.ARM.__AT_0x68000000)
    .ARM.__AT_0x680F0000                     0x680f0000   Section    61440  malloc.o(.ARM.__AT_0x680F0000)

    Global Symbols

    Symbol Name                              Value     Ov Type        Size  Object(Section)

    BuildAttributes$$THM_ISAv4$P$D$K$B$S$PE$A:L22UL41UL21$X:L11$S22US41US21$IEEE1$IW$USESV6$~STKCKD$USESV7$~SHL$OTIME$ROPI$IEEEJ$EBA8$UX$STANDARDLIB$REQ8$PRES8$EABIv2 0x00000000   Number         0  anon$$obj.o ABSOLUTE
    __ARM_use_no_argv                        0x00000000   Number         0  main.o ABSOLUTE
    _printf_flags                            0x00000000   Number         0  printf_stubs.o ABSOLUTE
    _printf_return_value                     0x00000000   Number         0  printf_stubs.o ABSOLUTE
    _printf_sizespec                         0x00000000   Number         0  printf_stubs.o ABSOLUTE
    _printf_widthprec                        0x00000000   Number         0  printf_stubs.o ABSOLUTE
    __ARM_exceptions_init                     - Undefined Weak Reference
    __alloca_initialize                       - Undefined Weak Reference
    __arm_preinit_                            - Undefined Weak Reference
    __cpp_initialize__aeabi_                  - Undefined Weak Reference
    __cxa_finalize                            - Undefined Weak Reference
    __sigvec_lookup                           - Undefined Weak Reference
    _atexit_init                              - Undefined Weak Reference
    _call_atexit_fns                          - Undefined Weak Reference
    _clock_init                               - Undefined Weak Reference
    _fp_trap_init                             - Undefined Weak Reference
    _fp_trap_shutdown                         - Undefined Weak Reference
    _get_lc_collate                           - Undefined Weak Reference
    _get_lc_monetary                          - Undefined Weak Reference
    _get_lc_time                              - Undefined Weak Reference
    _getenv_init                              - Undefined Weak Reference
    _handle_redirection                       - Undefined Weak Reference
    _init_alloc                               - Undefined Weak Reference
    _init_user_alloc                          - Undefined Weak Reference
    _initio                                   - Undefined Weak Reference
    _mutex_acquire                            - Undefined Weak Reference
    _mutex_release                            - Undefined Weak Reference
    _printf_fp_hex                            - Undefined Weak Reference
    _printf_mbtowc                            - Undefined Weak Reference
    _printf_wc                                - Undefined Weak Reference
    _rand_init                                - Undefined Weak Reference
    _signal_finish                            - Undefined Weak Reference
    _signal_init                              - Undefined Weak Reference
    _terminate_alloc                          - Undefined Weak Reference
    _terminate_user_alloc                     - Undefined Weak Reference
    _terminateio                              - Undefined Weak Reference
    __Vectors_Size                           0x00000130   Number         0  startup_stm32f10x_hd.o ABSOLUTE
    __Vectors                                0x08000000   Data           4  startup_stm32f10x_hd.o(RESET)
    __Vectors_End                            0x08000130   Data           0  startup_stm32f10x_hd.o(RESET)
    __main                                   0x08000131   Thumb Code     8  __main.o(!!!main)
    __scatterload                            0x08000139   Thumb Code     0  __scatter.o(!!!scatter)
    __scatterload_rt2                        0x08000139   Thumb Code    44  __scatter.o(!!!scatter)
    __scatterload_rt2_thumb_only             0x08000139   Thumb Code     0  __scatter.o(!!!scatter)
    __scatterload_null                       0x08000147   Thumb Code     0  __scatter.o(!!!scatter)
    __decompress                             0x0800016d   Thumb Code    90  __dczerorl2.o(!!dczerorl2)
    __decompress1                            0x0800016d   Thumb Code     0  __dczerorl2.o(!!dczerorl2)
    __scatterload_zeroinit                   0x080001c9   Thumb Code    28  __scatter_zi.o(!!handler_zi)
    _printf_n                                0x080001e5   Thumb Code     0  _printf_n.o(.ARM.Collect$$_printf_percent$$00000001)
    _printf_percent                          0x080001e5   Thumb Code     0  _printf_percent.o(.ARM.Collect$$_printf_percent$$00000000)
    _printf_p                                0x080001eb   Thumb Code     0  _printf_p.o(.ARM.Collect$$_printf_percent$$00000002)
    _printf_f                                0x080001f1   Thumb Code     0  _printf_f.o(.ARM.Collect$$_printf_percent$$00000003)
    _printf_e                                0x080001f7   Thumb Code     0  _printf_e.o(.ARM.Collect$$_printf_percent$$00000004)
    _printf_g                                0x080001fd   Thumb Code     0  _printf_g.o(.ARM.Collect$$_printf_percent$$00000005)
    _printf_a                                0x08000203   Thumb Code     0  _printf_a.o(.ARM.Collect$$_printf_percent$$00000006)
    _printf_ll                               0x08000209   Thumb Code     0  _printf_ll.o(.ARM.Collect$$_printf_percent$$00000007)
    _printf_i                                0x08000213   Thumb Code     0  _printf_i.o(.ARM.Collect$$_printf_percent$$00000008)
    _printf_d                                0x08000219   Thumb Code     0  _printf_d.o(.ARM.Collect$$_printf_percent$$00000009)
    _printf_u                                0x0800021f   Thumb Code     0  _printf_u.o(.ARM.Collect$$_printf_percent$$0000000A)
    _printf_o                                0x08000225   Thumb Code     0  _printf_o.o(.ARM.Collect$$_printf_percent$$0000000B)
    _printf_x                                0x0800022b   Thumb Code     0  _printf_x.o(.ARM.Collect$$_printf_percent$$0000000C)
    _printf_lli                              0x08000231   Thumb Code     0  _printf_lli.o(.ARM.Collect$$_printf_percent$$0000000D)
    _printf_lld                              0x08000237   Thumb Code     0  _printf_lld.o(.ARM.Collect$$_printf_percent$$0000000E)
    _printf_llu                              0x0800023d   Thumb Code     0  _printf_llu.o(.ARM.Collect$$_printf_percent$$0000000F)
    _printf_llo                              0x08000243   Thumb Code     0  _printf_llo.o(.ARM.Collect$$_printf_percent$$00000010)
    _printf_llx                              0x08000249   Thumb Code     0  _printf_llx.o(.ARM.Collect$$_printf_percent$$00000011)
    _printf_l                                0x0800024f   Thumb Code     0  _printf_l.o(.ARM.Collect$$_printf_percent$$00000012)
    _printf_c                                0x08000259   Thumb Code     0  _printf_c.o(.ARM.Collect$$_printf_percent$$00000013)
    _printf_s                                0x0800025f   Thumb Code     0  _printf_s.o(.ARM.Collect$$_printf_percent$$00000014)
    _printf_lc                               0x08000265   Thumb Code     0  _printf_lc.o(.ARM.Collect$$_printf_percent$$00000015)
    _printf_ls                               0x0800026b   Thumb Code     0  _printf_ls.o(.ARM.Collect$$_printf_percent$$00000016)
    _printf_percent_end                      0x08000271   Thumb Code     0  _printf_percent_end.o(.ARM.Collect$$_printf_percent$$00000017)
    __rt_lib_init                            0x08000275   Thumb Code     0  libinit.o(.ARM.Collect$$libinit$$00000000)
    __rt_lib_init_fp_1                       0x08000277   Thumb Code     0  libinit2.o(.ARM.Collect$$libinit$$00000002)
    __rt_lib_init_heap_1                     0x08000277   Thumb Code     0  libinit2.o(.ARM.Collect$$libinit$$0000000A)
    __rt_lib_init_lc_common                  0x08000277   Thumb Code     0  libinit2.o(.ARM.Collect$$libinit$$0000000F)
    __rt_lib_init_preinit_1                  0x08000277   Thumb Code     0  libinit2.o(.ARM.Collect$$libinit$$00000004)
    __rt_lib_init_rand_1                     0x08000277   Thumb Code     0  libinit2.o(.ARM.Collect$$libinit$$0000000E)
    __rt_lib_init_user_alloc_1               0x08000277   Thumb Code     0  libinit2.o(.ARM.Collect$$libinit$$0000000C)
    __rt_lib_init_lc_collate_1               0x0800027d   Thumb Code     0  libinit2.o(.ARM.Collect$$libinit$$00000011)
    __rt_lib_init_lc_ctype_2                 0x0800027d   Thumb Code     0  libinit2.o(.ARM.Collect$$libinit$$00000012)
    __rt_lib_init_lc_ctype_1                 0x08000289   Thumb Code     0  libinit2.o(.ARM.Collect$$libinit$$00000013)
    __rt_lib_init_lc_monetary_1              0x08000289   Thumb Code     0  libinit2.o(.ARM.Collect$$libinit$$00000015)
    __rt_lib_init_lc_numeric_2               0x08000289   Thumb Code     0  libinit2.o(.ARM.Collect$$libinit$$00000016)
    __rt_lib_init_alloca_1                   0x08000293   Thumb Code     0  libinit2.o(.ARM.Collect$$libinit$$0000002E)
    __rt_lib_init_argv_1                     0x08000293   Thumb Code     0  libinit2.o(.ARM.Collect$$libinit$$0000002C)
    __rt_lib_init_atexit_1                   0x08000293   Thumb Code     0  libinit2.o(.ARM.Collect$$libinit$$0000001B)
    __rt_lib_init_clock_1                    0x08000293   Thumb Code     0  libinit2.o(.ARM.Collect$$libinit$$00000021)
    __rt_lib_init_cpp_1                      0x08000293   Thumb Code     0  libinit2.o(.ARM.Collect$$libinit$$00000032)
    __rt_lib_init_exceptions_1               0x08000293   Thumb Code     0  libinit2.o(.ARM.Collect$$libinit$$00000030)
    __rt_lib_init_fp_trap_1                  0x08000293   Thumb Code     0  libinit2.o(.ARM.Collect$$libinit$$0000001F)
    __rt_lib_init_getenv_1                   0x08000293   Thumb Code     0  libinit2.o(.ARM.Collect$$libinit$$00000023)
    __rt_lib_init_lc_numeric_1               0x08000293   Thumb Code     0  libinit2.o(.ARM.Collect$$libinit$$00000017)
    __rt_lib_init_lc_time_1                  0x08000293   Thumb Code     0  libinit2.o(.ARM.Collect$$libinit$$00000019)
    __rt_lib_init_return                     0x08000293   Thumb Code     0  libinit2.o(.ARM.Collect$$libinit$$00000033)
    __rt_lib_init_signal_1                   0x08000293   Thumb Code     0  libinit2.o(.ARM.Collect$$libinit$$0000001D)
    __rt_lib_init_stdio_1                    0x08000293   Thumb Code     0  libinit2.o(.ARM.Collect$$libinit$$00000025)
    __rt_lib_shutdown                        0x08000295   Thumb Code     0  libshutdown.o(.ARM.Collect$$libshutdown$$00000000)
    __rt_lib_shutdown_cpp_1                  0x08000297   Thumb Code     0  libshutdown2.o(.ARM.Collect$$libshutdown$$00000002)
    __rt_lib_shutdown_fp_trap_1              0x08000297   Thumb Code     0  libshutdown2.o(.ARM.Collect$$libshutdown$$00000007)
    __rt_lib_shutdown_heap_1                 0x08000297   Thumb Code     0  libshutdown2.o(.ARM.Collect$$libshutdown$$0000000F)
    __rt_lib_shutdown_return                 0x08000297   Thumb Code     0  libshutdown2.o(.ARM.Collect$$libshutdown$$00000010)
    __rt_lib_shutdown_signal_1               0x08000297   Thumb Code     0  libshutdown2.o(.ARM.Collect$$libshutdown$$0000000A)
    __rt_lib_shutdown_stdio_1                0x08000297   Thumb Code     0  libshutdown2.o(.ARM.Collect$$libshutdown$$00000004)
    __rt_lib_shutdown_user_alloc_1           0x08000297   Thumb Code     0  libshutdown2.o(.ARM.Collect$$libshutdown$$0000000C)
    __rt_entry                               0x08000299   Thumb Code     0  __rtentry.o(.ARM.Collect$$rtentry$$00000000)
    __rt_entry_presh_1                       0x08000299   Thumb Code     0  __rtentry2.o(.ARM.Collect$$rtentry$$00000002)
    __rt_entry_sh                            0x08000299   Thumb Code     0  __rtentry4.o(.ARM.Collect$$rtentry$$00000004)
    __rt_entry_li                            0x0800029f   Thumb Code     0  __rtentry2.o(.ARM.Collect$$rtentry$$0000000A)
    __rt_entry_postsh_1                      0x0800029f   Thumb Code     0  __rtentry2.o(.ARM.Collect$$rtentry$$00000009)
    __rt_entry_main                          0x080002a3   Thumb Code     0  __rtentry2.o(.ARM.Collect$$rtentry$$0000000D)
    __rt_entry_postli_1                      0x080002a3   Thumb Code     0  __rtentry2.o(.ARM.Collect$$rtentry$$0000000C)
    __rt_exit                                0x080002ab   Thumb Code     0  rtexit.o(.ARM.Collect$$rtexit$$00000000)
    __rt_exit_ls                             0x080002ad   Thumb Code     0  rtexit2.o(.ARM.Collect$$rtexit$$00000003)
    __rt_exit_prels_1                        0x080002ad   Thumb Code     0  rtexit2.o(.ARM.Collect$$rtexit$$00000002)
    __rt_exit_exit                           0x080002b1   Thumb Code     0  rtexit2.o(.ARM.Collect$$rtexit$$00000004)
    Reset_Handler                            0x080002b9   Thumb Code     8  startup_stm32f10x_hd.o(.text)
    ADC1_2_IRQHandler                        0x080002d3   Thumb Code     0  startup_stm32f10x_hd.o(.text)
    ADC3_IRQHandler                          0x080002d3   Thumb Code     0  startup_stm32f10x_hd.o(.text)
    CAN1_RX1_IRQHandler                      0x080002d3   Thumb Code     0  startup_stm32f10x_hd.o(.text)
    CAN1_SCE_IRQHandler                      0x080002d3   Thumb Code     0  startup_stm32f10x_hd.o(.text)
    DMA1_Channel1_IRQHandler                 0x080002d3   Thumb Code     0  startup_stm32f10x_hd.o(.text)
    DMA1_Channel2_IRQHandler                 0x080002d3   Thumb Code     0  startup_stm32f10x_hd.o(.text)
    DMA1_Channel3_IRQHandler                 0x080002d3   Thumb Code     0  startup_stm32f10x_hd.o(.text)
    DMA1_Channel4_IRQHandler                 0x080002d3   Thumb Code     0  startup_stm32f10x_hd.o(.text)
    DMA1_Channel5_IRQHandler                 0x080002d3   Thumb Code     0  startup_stm32f10x_hd.o(.text)
    DMA1_Channel6_IRQHandler                 0x080002d3   Thumb Code     0  startup_stm32f10x_hd.o(.text)
    DMA1_Channel7_IRQHandler                 0x080002d3   Thumb Code     0  startup_stm32f10x_hd.o(.text)
    DMA2_Channel1_IRQHandler                 0x080002d3   Thumb Code     0  startup_stm32f10x_hd.o(.text)
    DMA2_Channel2_IRQHandler                 0x080002d3   Thumb Code     0  startup_stm32f10x_hd.o(.text)
    DMA2_Channel3_IRQHandler                 0x080002d3   Thumb Code     0  startup_stm32f10x_hd.o(.text)
    DMA2_Channel4_5_IRQHandler               0x080002d3   Thumb Code     0  startup_stm32f10x_hd.o(.text)
    EXTI0_IRQHandler                         0x080002d3   Thumb Code     0  startup_stm32f10x_hd.o(.text)
    EXTI15_10_IRQHandler                     0x080002d3   Thumb Code     0  startup_stm32f10x_hd.o(.text)
    EXTI1_IRQHandler                         0x080002d3   Thumb Code     0  startup_stm32f10x_hd.o(.text)
    EXTI2_IRQHandler                         0x080002d3   Thumb Code     0  startup_stm32f10x_hd.o(.text)
    EXTI3_IRQHandler                         0x080002d3   Thumb Code     0  startup_stm32f10x_hd.o(.text)
    EXTI4_IRQHandler                         0x080002d3   Thumb Code     0  startup_stm32f10x_hd.o(.text)
    EXTI9_5_IRQHandler                       0x080002d3   Thumb Code     0  startup_stm32f10x_hd.o(.text)
    FLASH_IRQHandler                         0x080002d3   Thumb Code     0  startup_stm32f10x_hd.o(.text)
    FSMC_IRQHandler                          0x080002d3   Thumb Code     0  startup_stm32f10x_hd.o(.text)
    I2C1_ER_IRQHandler                       0x080002d3   Thumb Code     0  startup_stm32f10x_hd.o(.text)
    I2C1_EV_IRQHandler                       0x080002d3   Thumb Code     0  startup_stm32f10x_hd.o(.text)
    I2C2_ER_IRQHandler                       0x080002d3   Thumb Code     0  startup_stm32f10x_hd.o(.text)
    I2C2_EV_IRQHandler                       0x080002d3   Thumb Code     0  startup_stm32f10x_hd.o(.text)
    PVD_IRQHandler                           0x080002d3   Thumb Code     0  startup_stm32f10x_hd.o(.text)
    RCC_IRQHandler                           0x080002d3   Thumb Code     0  startup_stm32f10x_hd.o(.text)
    RTCAlarm_IRQHandler                      0x080002d3   Thumb Code     0  startup_stm32f10x_hd.o(.text)
    RTC_IRQHandler                           0x080002d3   Thumb Code     0  startup_stm32f10x_hd.o(.text)
    SPI1_IRQHandler                          0x080002d3   Thumb Code     0  startup_stm32f10x_hd.o(.text)
    SPI2_IRQHandler                          0x080002d3   Thumb Code     0  startup_stm32f10x_hd.o(.text)
    SPI3_IRQHandler                          0x080002d3   Thumb Code     0  startup_stm32f10x_hd.o(.text)
    TAMPER_IRQHandler                        0x080002d3   Thumb Code     0  startup_stm32f10x_hd.o(.text)
    TIM1_BRK_IRQHandler                      0x080002d3   Thumb Code     0  startup_stm32f10x_hd.o(.text)
    TIM1_CC_IRQHandler                       0x080002d3   Thumb Code     0  startup_stm32f10x_hd.o(.text)
    TIM1_TRG_COM_IRQHandler                  0x080002d3   Thumb Code     0  startup_stm32f10x_hd.o(.text)
    TIM1_UP_IRQHandler                       0x080002d3   Thumb Code     0  startup_stm32f10x_hd.o(.text)
    TIM2_IRQHandler                          0x080002d3   Thumb Code     0  startup_stm32f10x_hd.o(.text)
    TIM3_IRQHandler                          0x080002d3   Thumb Code     0  startup_stm32f10x_hd.o(.text)
    TIM5_IRQHandler                          0x080002d3   Thumb Code     0  startup_stm32f10x_hd.o(.text)
    TIM6_IRQHandler                          0x080002d3   Thumb Code     0  startup_stm32f10x_hd.o(.text)
    TIM8_BRK_IRQHandler                      0x080002d3   Thumb Code     0  startup_stm32f10x_hd.o(.text)
    TIM8_CC_IRQHandler                       0x080002d3   Thumb Code     0  startup_stm32f10x_hd.o(.text)
    TIM8_TRG_COM_IRQHandler                  0x080002d3   Thumb Code     0  startup_stm32f10x_hd.o(.text)
    TIM8_UP_IRQHandler                       0x080002d3   Thumb Code     0  startup_stm32f10x_hd.o(.text)
    UART4_IRQHandler                         0x080002d3   Thumb Code     0  startup_stm32f10x_hd.o(.text)
    UART5_IRQHandler                         0x080002d3   Thumb Code     0  startup_stm32f10x_hd.o(.text)
    USART2_IRQHandler                        0x080002d3   Thumb Code     0  startup_stm32f10x_hd.o(.text)
    USBWakeUp_IRQHandler                     0x080002d3   Thumb Code     0  startup_stm32f10x_hd.o(.text)
    USB_HP_CAN1_TX_IRQHandler                0x080002d3   Thumb Code     0  startup_stm32f10x_hd.o(.text)
    USB_LP_CAN1_RX0_IRQHandler               0x080002d3   Thumb Code     0  startup_stm32f10x_hd.o(.text)
    WWDG_IRQHandler                          0x080002d3   Thumb Code     0  startup_stm32f10x_hd.o(.text)
    __user_initial_stackheap                 0x080002d5   Thumb Code     0  startup_stm32f10x_hd.o(.text)
    __use_no_semihosting                     0x080002f9   Thumb Code     2  use_no_semi_2.o(.text)
    __c89vsprintf                            0x080002fd   Thumb Code    32  c89vsprintf.o(.text)
    __2printf                                0x08000321   Thumb Code    20  __2printf.o(.text)
    __2sprintf                               0x08000339   Thumb Code    38  __2sprintf.o(.text)
    _printf_pre_padding                      0x08000365   Thumb Code    44  _printf_pad.o(.text)
    _printf_post_padding                     0x08000391   Thumb Code    34  _printf_pad.o(.text)
    _printf_str                              0x080003b3   Thumb Code    82  _printf_str.o(.text)
    _printf_int_dec                          0x08000405   Thumb Code   104  _printf_dec.o(.text)
    _printf_longlong_hex                     0x0800047d   Thumb Code    86  _printf_hex_int_ll_ptr.o(.text)
    _printf_int_hex                          0x080004d3   Thumb Code    28  _printf_hex_int_ll_ptr.o(.text)
    _printf_ll_hex                           0x080004ef   Thumb Code    12  _printf_hex_int_ll_ptr.o(.text)
    _printf_hex_ptr                          0x080004fb   Thumb Code    18  _printf_hex_int_ll_ptr.o(.text)
    __printf                                 0x08000511   Thumb Code   388  __printf_flags_ss_wp.o(.text)
    strstr                                   0x08000699   Thumb Code    36  strstr.o(.text)
    strlen                                   0x080006bd   Thumb Code    62  strlen.o(.text)
    strcmp                                   0x080006fd   Thumb Code   128  strcmpv7m.o(.text)
    __use_two_region_memory                  0x0800077d   Thumb Code     2  heapauxi.o(.text)
    __rt_heap_escrow$2region                 0x0800077f   Thumb Code     2  heapauxi.o(.text)
    __rt_heap_expand$2region                 0x08000781   Thumb Code     2  heapauxi.o(.text)
    __I$use$semihosting                      0x08000783   Thumb Code     0  use_no_semi.o(.text)
    __use_no_semihosting_swi                 0x08000783   Thumb Code     2  use_no_semi.o(.text)
    _printf_truncate_signed                  0x08000785   Thumb Code    18  _printf_truncate.o(.text)
    _printf_truncate_unsigned                0x08000797   Thumb Code    18  _printf_truncate.o(.text)
    _printf_int_common                       0x080007a9   Thumb Code   178  _printf_intcommon.o(.text)
    _printf_charcount                        0x0800085b   Thumb Code    40  _printf_charcount.o(.text)
    _printf_char_common                      0x0800088f   Thumb Code    32  _printf_char_common.o(.text)
    _sputc                                   0x080008b5   Thumb Code    10  _sputc.o(.text)
    _printf_cs_common                        0x080008bf   Thumb Code    20  _printf_char.o(.text)
    _printf_char                             0x080008d3   Thumb Code    16  _printf_char.o(.text)
    _printf_string                           0x080008e3   Thumb Code     8  _printf_char.o(.text)
    _printf_char_file                        0x080008ed   Thumb Code    32  _printf_char_file.o(.text)
    _printf_wctomb                           0x08000911   Thumb Code   182  _printf_wctomb.o(.text)
    _printf_longlong_dec                     0x080009cd   Thumb Code   108  _printf_longlong_dec.o(.text)
    _printf_longlong_oct                     0x08000a49   Thumb Code    68  _printf_oct_int_ll.o(.text)
    _printf_int_oct                          0x08000a8d   Thumb Code    24  _printf_oct_int_ll.o(.text)
    _printf_ll_oct                           0x08000aa5   Thumb Code    12  _printf_oct_int_ll.o(.text)
    _ll_udiv10                               0x08000ab9   Thumb Code   138  lludiv10.o(.text)
    __lib_sel_fp_printf                      0x08000b43   Thumb Code     2  _printf_fp_dec.o(.text)
    _printf_fp_dec_real                      0x08000cf1   Thumb Code   620  _printf_fp_dec.o(.text)
    _printf_lcs_common                       0x08000f5d   Thumb Code    20  _printf_wchar.o(.text)
    _printf_wchar                            0x08000f71   Thumb Code    16  _printf_wchar.o(.text)
    _printf_wstring                          0x08000f81   Thumb Code     8  _printf_wchar.o(.text)
    ferror                                   0x08000f89   Thumb Code     8  ferror.o(.text)
    _wcrtomb                                 0x08000f91   Thumb Code    64  _wcrtomb.o(.text)
    __user_libspace                          0x08000fd1   Thumb Code     8  libspace.o(.text)
    __user_perproc_libspace                  0x08000fd1   Thumb Code     0  libspace.o(.text)
    __user_perthread_libspace                0x08000fd1   Thumb Code     0  libspace.o(.text)
    __user_setup_stackheap                   0x08000fd9   Thumb Code    74  sys_stackheap_outer.o(.text)
    __rt_ctype_table                         0x08001025   Thumb Code    16  rt_ctype_table.o(.text)
    __rt_locale                              0x08001035   Thumb Code     8  rt_locale_intlibspace.o(.text)
    _printf_fp_infnan                        0x0800103d   Thumb Code   112  _printf_fp_infnan.o(.text)
    _btod_etento                             0x080010bd   Thumb Code   216  bigflt0.o(.text)
    exit                                     0x08001199   Thumb Code    18  exit.o(.text)
    _btod_d2e                                0x080011ab   Thumb Code    62  btod.o(CL$$btod_d2e)
    _d2e_denorm_low                          0x080011e9   Thumb Code    70  btod.o(CL$$btod_d2e_denorm_low)
    _d2e_norm_op1                            0x0800122f   Thumb Code    96  btod.o(CL$$btod_d2e_norm_op1)
    __btod_div_common                        0x0800128f   Thumb Code   696  btod.o(CL$$btod_div_common)
    _e2e                                     0x080015c7   Thumb Code   198  btod.o(CL$$btod_e2e)
    _btod_ediv                               0x0800168d   Thumb Code    40  btod.o(CL$$btod_ediv)
    _btod_emul                               0x080016b5   Thumb Code    40  btod.o(CL$$btod_emul)
    __btod_mult_common                       0x080016dd   Thumb Code   580  btod.o(CL$$btod_mult_common)
    BusFault_Handler                         0x08001921   Thumb Code     4  stm32f10x_it.o(i.BusFault_Handler)
    CmdResp1Error                            0x08001925   Thumb Code    90  sdio_sdcard.o(i.CmdResp1Error)
    DHT11_Check                              0x08001985   Thumb Code    92  dht11.o(i.DHT11_Check)
    DHT11_Init                               0x080019e9   Thumb Code    58  dht11.o(i.DHT11_Init)
    DHT11_Read_Bit                           0x08001a29   Thumb Code    70  dht11.o(i.DHT11_Read_Bit)
    DHT11_Read_Byte                          0x08001a75   Thumb Code    30  dht11.o(i.DHT11_Read_Byte)
    DHT11_Read_Data                          0x08001a93   Thumb Code    88  dht11.o(i.DHT11_Read_Data)
    DHT11_Rst                                0x08001aed   Thumb Code    52  dht11.o(i.DHT11_Rst)
    DebugMon_Handler                         0x08001b2d   Thumb Code     2  stm32f10x_it.o(i.DebugMon_Handler)
    GPIO_Init                                0x08001b2f   Thumb Code   278  stm32f10x_gpio.o(i.GPIO_Init)
    GPIO_SetBits                             0x08001c45   Thumb Code     4  stm32f10x_gpio.o(i.GPIO_SetBits)
    HardFault_Handler                        0x08001c49   Thumb Code     4  stm32f10x_it.o(i.HardFault_Handler)
    KEY_Init                                 0x08001c4d   Thumb Code    52  key.o(i.KEY_Init)
    LED_Init                                 0x08001c89   Thumb Code    68  led.o(i.LED_Init)
    MemManage_Handler                        0x08001cd5   Thumb Code     4  stm32f10x_it.o(i.MemManage_Handler)
    NMI_Handler                              0x08001cd9   Thumb Code     2  stm32f10x_it.o(i.NMI_Handler)
    NVIC_Init                                0x08001cdd   Thumb Code   100  misc.o(i.NVIC_Init)
    NVIC_PriorityGroupConfig                 0x08001d4d   Thumb Code    10  misc.o(i.NVIC_PriorityGroupConfig)
    PendSV_Handler                           0x08001d61   Thumb Code     2  stm32f10x_it.o(i.PendSV_Handler)
    RCC_APB1PeriphClockCmd                   0x08001d65   Thumb Code    26  stm32f10x_rcc.o(i.RCC_APB1PeriphClockCmd)
    RCC_APB1PeriphResetCmd                   0x08001d85   Thumb Code    26  stm32f10x_rcc.o(i.RCC_APB1PeriphResetCmd)
    RCC_APB2PeriphClockCmd                   0x08001da5   Thumb Code    26  stm32f10x_rcc.o(i.RCC_APB2PeriphClockCmd)
    RCC_APB2PeriphResetCmd                   0x08001dc5   Thumb Code    26  stm32f10x_rcc.o(i.RCC_APB2PeriphResetCmd)
    RCC_GetClocksFreq                        0x08001de5   Thumb Code   192  stm32f10x_rcc.o(i.RCC_GetClocksFreq)
    SDIO_ClearFlag                           0x08001eb9   Thumb Code     6  stm32f10x_sdio.o(i.SDIO_ClearFlag)
    SDIO_GetFlagStatus                       0x08001ec5   Thumb Code    20  stm32f10x_sdio.o(i.SDIO_GetFlagStatus)
    SDIO_IRQHandler                          0x08001edd   Thumb Code     8  sdio_sdcard.o(i.SDIO_IRQHandler)
    SDIO_SendCommand                         0x08001ee5   Thumb Code    38  stm32f10x_sdio.o(i.SDIO_SendCommand)
    SD_ProcessIRQSrc                         0x08001f11   Thumb Code   296  sdio_sdcard.o(i.SD_ProcessIRQSrc)
    SVC_Handler                              0x0800204d   Thumb Code     2  stm32f10x_it.o(i.SVC_Handler)
    SysTick_CLKSourceConfig                  0x08002139   Thumb Code    40  misc.o(i.SysTick_CLKSourceConfig)
    SysTick_Handler                          0x08002161   Thumb Code     2  stm32f10x_it.o(i.SysTick_Handler)
    SystemInit                               0x08002165   Thumb Code    78  system_stm32f10x.o(i.SystemInit)
    TIM4_IRQHandler                          0x080021c5   Thumb Code    46  usmart.o(i.TIM4_IRQHandler)
    TIM7_IRQHandler                          0x080021fd   Thumb Code    42  timer.o(i.TIM7_IRQHandler)
    TIM7_Int_Init                            0x08002231   Thumb Code    90  timer.o(i.TIM7_Int_Init)
    TIM_ClearFlag                            0x08002291   Thumb Code     6  stm32f10x_tim.o(i.TIM_ClearFlag)
    TIM_ClearITPendingBit                    0x08002297   Thumb Code     6  stm32f10x_tim.o(i.TIM_ClearITPendingBit)
    TIM_Cmd                                  0x0800229d   Thumb Code    24  stm32f10x_tim.o(i.TIM_Cmd)
    TIM_GetCounter                           0x080022b5   Thumb Code     6  stm32f10x_tim.o(i.TIM_GetCounter)
    TIM_GetFlagStatus                        0x080022bb   Thumb Code    18  stm32f10x_tim.o(i.TIM_GetFlagStatus)
    TIM_GetITStatus                          0x080022cd   Thumb Code    34  stm32f10x_tim.o(i.TIM_GetITStatus)
    TIM_ITConfig                             0x080022ef   Thumb Code    18  stm32f10x_tim.o(i.TIM_ITConfig)
    TIM_SetAutoreload                        0x08002301   Thumb Code     4  stm32f10x_tim.o(i.TIM_SetAutoreload)
    TIM_SetCounter                           0x08002305   Thumb Code     4  stm32f10x_tim.o(i.TIM_SetCounter)
    TIM_TimeBaseInit                         0x08002309   Thumb Code   122  stm32f10x_tim.o(i.TIM_TimeBaseInit)
    Timer4_Init                              0x080023ad   Thumb Code    88  usmart.o(i.Timer4_Init)
    USART1_IRQHandler                        0x08002409   Thumb Code   122  usart.o(i.USART1_IRQHandler)
    USART3_IRQHandler                        0x08002491   Thumb Code    94  usart3.o(i.USART3_IRQHandler)
    USART_Cmd                                0x08002501   Thumb Code    24  stm32f10x_usart.o(i.USART_Cmd)
    USART_DeInit                             0x08002519   Thumb Code   134  stm32f10x_usart.o(i.USART_DeInit)
    USART_GetFlagStatus                      0x080025b5   Thumb Code    26  stm32f10x_usart.o(i.USART_GetFlagStatus)
    USART_GetITStatus                        0x080025cf   Thumb Code    84  stm32f10x_usart.o(i.USART_GetITStatus)
    USART_ITConfig                           0x08002623   Thumb Code    74  stm32f10x_usart.o(i.USART_ITConfig)
    USART_Init                               0x0800266d   Thumb Code   210  stm32f10x_usart.o(i.USART_Init)
    USART_ReceiveData                        0x08002745   Thumb Code    10  stm32f10x_usart.o(i.USART_ReceiveData)
    USART_SendData                           0x0800274f   Thumb Code     8  stm32f10x_usart.o(i.USART_SendData)
    UsageFault_Handler                       0x08002757   Thumb Code     4  stm32f10x_it.o(i.UsageFault_Handler)
    __ARM_fpclassify                         0x0800275b   Thumb Code    40  fpclassify.o(i.__ARM_fpclassify)
    _is_digit                                0x08002783   Thumb Code    14  __printf_wp.o(i._is_digit)
    _sys_exit                                0x08002791   Thumb Code     6  usart.o(i._sys_exit)
    atk_8266_at_response                     0x08002799   Thumb Code    46  common.o(i.atk_8266_at_response)
    atk_8266_check_cmd                       0x080027d5   Thumb Code    44  common.o(i.atk_8266_check_cmd)
    atk_8266_consta_check                    0x08002809   Thumb Code    36  common.o(i.atk_8266_consta_check)
    atk_8266_quit_trans                      0x0800284d   Thumb Code   100  common.o(i.atk_8266_quit_trans)
    atk_8266_send_cmd                        0x080028bd   Thumb Code    92  common.o(i.atk_8266_send_cmd)
    atk_8266_send_data                       0x08002931   Thumb Code    84  common.o(i.atk_8266_send_data)
    atk_8266_wifiap_test                     0x0800298d   Thumb Code   320  wifiap.o(i.atk_8266_wifiap_test)
    delay_init                               0x08002bad   Thumb Code    50  delay.o(i.delay_init)
    delay_ms                                 0x08002bf1   Thumb Code    72  delay.o(i.delay_ms)
    delay_us                                 0x08002c3d   Thumb Code    72  delay.o(i.delay_us)
    fputc                                    0x08002c89   Thumb Code    24  usart.o(i.fputc)
    main                                     0x08002ca5   Thumb Code    48  main.o(i.main)
    my_mem_init                              0x08002cd5   Thumb Code    54  malloc.o(i.my_mem_init)
    my_mem_malloc                            0x08002d19   Thumb Code   156  malloc.o(i.my_mem_malloc)
    my_mem_perused                           0x08002dc1   Thumb Code    54  malloc.o(i.my_mem_perused)
    mymalloc                                 0x08002e01   Thumb Code    34  malloc.o(i.mymalloc)
    mymemset                                 0x08002e29   Thumb Code    20  malloc.o(i.mymemset)
    read_addr                                0x08002e3d   Thumb Code     6  usmart.o(i.read_addr)
    u3_printf                                0x08002e45   Thumb Code    72  usart3.o(i.u3_printf)
    uart_init                                0x08002e95   Thumb Code   152  usart.o(i.uart_init)
    usart3_init                              0x08002f35   Thumb Code   192  usart3.o(i.usart3_init)
    usmart_cmd_rec                           0x08003005   Thumb Code   170  usmart.o(i.usmart_cmd_rec)
    usmart_exe                               0x080030b5   Thumb Code   632  usmart.o(i.usmart_exe)
    usmart_get_aparm                         0x08003389   Thumb Code   200  usmart_str.o(i.usmart_get_aparm)
    usmart_get_cmdname                       0x08003451   Thumb Code    54  usmart_str.o(i.usmart_get_cmdname)
    usmart_get_fname                         0x08003489   Thumb Code   440  usmart_str.o(i.usmart_get_fname)
    usmart_get_fparam                        0x08003649   Thumb Code   262  usmart_str.o(i.usmart_get_fparam)
    usmart_get_parmpos                       0x08003755   Thumb Code    26  usmart_str.o(i.usmart_get_parmpos)
    usmart_get_runtime                       0x08003775   Thumb Code    60  usmart.o(i.usmart_get_runtime)
    usmart_init                              0x080037b9   Thumb Code    36  usmart.o(i.usmart_init)
    usmart_pow                               0x080037e1   Thumb Code    22  usmart_str.o(i.usmart_pow)
    usmart_reset_runtime                     0x080037f9   Thumb Code    38  usmart.o(i.usmart_reset_runtime)
    usmart_scan                              0x08003829   Thumb Code   120  usmart.o(i.usmart_scan)
    usmart_search_nextc                      0x080038e5   Thumb Code    22  usmart_str.o(i.usmart_search_nextc)
    usmart_str2num                           0x080038fb   Thumb Code   202  usmart_str.o(i.usmart_str2num)
    usmart_strcmp                            0x080039c5   Thumb Code    34  usmart_str.o(i.usmart_strcmp)
    usmart_strcopy                           0x080039e7   Thumb Code    22  usmart_str.o(i.usmart_strcopy)
    usmart_strlen                            0x080039fd   Thumb Code    24  usmart_str.o(i.usmart_strlen)
    usmart_sys_cmd_exe                       0x08003a15   Thumb Code  1554  usmart.o(i.usmart_sys_cmd_exe)
    write_addr                               0x080040f9   Thumb Code     4  usmart.o(i.write_addr)
    _get_lc_numeric                          0x080040fd   Thumb Code    44  lc_numeric_c.o(locale$$code)
    _get_lc_ctype                            0x08004129   Thumb Code    44  lc_ctype_c.o(locale$$code)
    _printf_fp_dec                           0x08004155   Thumb Code     4  printf1.o(x$fpl$printf1)
    __I$use$fp                               0x08004158   Number         0  usenofp.o(x$fpl$usenofp)
    memtblsize                               0x08004158   Data           8  malloc.o(.constdata)
    memblksize                               0x08004160   Data           8  malloc.o(.constdata)
    memsize                                  0x08004168   Data           8  malloc.o(.constdata)
    Region$$Table$$Base                      0x080043b8   Number         0  anon$$obj.o(Region$$Table)
    Region$$Table$$Limit                     0x080043d8   Number         0  anon$$obj.o(Region$$Table)
    __ctype                                  0x08004401   Data           0  lc_ctype_c.o(locale$$data)
    temperature                              0x20000000   Data           1  main.o(.data)
    humidity                                 0x20000001   Data           1  main.o(.data)
    SystemCoreClock                          0x20000004   Data           4  system_stm32f10x.o(.data)
    AHBPrescTable                            0x20000008   Data          16  system_stm32f10x.o(.data)
    __stdout                                 0x2000001c   Data           4  usart.o(.data)
    USART_RX_STA                             0x20000020   Data           2  usart.o(.data)
    TransferError                            0x2000002e   Data           1  sdio_sdcard.o(.data)
    TransferEnd                              0x2000002f   Data           1  sdio_sdcard.o(.data)
    tempbuff                                 0x20000030   Data           4  sdio_sdcard.o(.data)
    USART3_RX_STA                            0x20000034   Data           2  usart3.o(.data)
    mallco_dev                               0x2000004c   Data          28  malloc.o(.data)
    sys_cmd_tab                              0x20000068   Data          28  usmart.o(.data)
    usmart_nametab                           0x20000084   Data          32  usmart_config.o(.data)
    usmart_dev                               0x200000a4   Data         244  usmart_config.o(.data)
    portnum                                  0x20000198   Data           4  common.o(.data)
    wifista_ssid                             0x2000019c   Data           4  common.o(.data)
    wifista_encryption                       0x200001a0   Data           4  common.o(.data)
    wifista_password                         0x200001a4   Data           4  common.o(.data)
    wifiap_ssid                              0x200001a8   Data           4  common.o(.data)
    wifiap_encryption                        0x200001ac   Data           4  common.o(.data)
    wifiap_password                          0x200001b0   Data           4  common.o(.data)
    ATK_ESP8266_CWMODE_TBL                   0x200001b4   Data          12  common.o(.data)
    ATK_ESP8266_WORKMODE_TBL                 0x200001c0   Data          12  common.o(.data)
    ATK_ESP8266_ECN_TBL                      0x200001cc   Data          20  common.o(.data)
    USART_RX_BUF                             0x200001e0   Data         200  usart.o(.bss)
    SDIO_InitStructure                       0x200002a8   Data          24  sdio_sdcard.o(.bss)
    SDIO_CmdInitStructure                    0x200002c0   Data          20  sdio_sdcard.o(.bss)
    SDIO_DataInitStructure                   0x200002d4   Data          24  sdio_sdcard.o(.bss)
    SDCardInfo                               0x20000310   Data          88  sdio_sdcard.o(.bss)
    SDIO_DATA_BUFFER                         0x20000368   Data         512  sdio_sdcard.o(.bss)
    USART3_RX_BUF                            0x20000568   Data         600  usart3.o(.bss)
    USART3_TX_BUF                            0x200007c0   Data         600  usart3.o(.bss)
    mem1base                                 0x20000a20   Data       40960  malloc.o(.bss)
    mem1mapbase                              0x2000aa20   Data        2560  malloc.o(.bss)
    __libspace_start                         0x2000b420   Data          96  libspace.o(.bss)
    __temporary_stack_top$libspace           0x2000b480   Data           0  libspace.o(.bss)
    mem2base                                 0x68000000   Data       983040  malloc.o(.ARM.__AT_0x68000000)
    mem2mapbase                              0x680f0000   Data       61440  malloc.o(.ARM.__AT_0x680F0000)



==============================================================================

Memory Map of the image

  Image Entry point : 0x08000131

  Load Region LR_IROM1 (Base: 0x08000000, Size: 0x000046e4, Max: 0x00080000, ABSOLUTE, COMPRESSED[0x000045b4])

    Execution Region ER_IROM1 (Base: 0x08000000, Size: 0x00004504, Max: 0x00080000, ABSOLUTE)

    Base Addr    Size         Type   Attr      Idx    E Section Name        Object

    0x08000000   0x00000130   Data   RO          318    RESET               startup_stm32f10x_hd.o
    0x08000130   0x00000008   Code   RO         4210  * !!!main             c_w.l(__main.o)
    0x08000138   0x00000034   Code   RO         4566    !!!scatter          c_w.l(__scatter.o)
    0x0800016c   0x0000005a   Code   RO         4564    !!dczerorl2         c_w.l(__dczerorl2.o)
    0x080001c6   0x00000002   PAD
    0x080001c8   0x0000001c   Code   RO         4568    !!handler_zi        c_w.l(__scatter_zi.o)
    0x080001e4   0x00000000   Code   RO         4195    .ARM.Collect$$_printf_percent$$00000000  c_w.l(_printf_percent.o)
    0x080001e4   0x00000006   Code   RO         4304    .ARM.Collect$$_printf_percent$$00000001  c_w.l(_printf_n.o)
    0x080001ea   0x00000006   Code   RO         4305    .ARM.Collect$$_printf_percent$$00000002  c_w.l(_printf_p.o)
    0x080001f0   0x00000006   Code   RO         4308    .ARM.Collect$$_printf_percent$$00000003  c_w.l(_printf_f.o)
    0x080001f6   0x00000006   Code   RO         4309    .ARM.Collect$$_printf_percent$$00000004  c_w.l(_printf_e.o)
    0x080001fc   0x00000006   Code   RO         4310    .ARM.Collect$$_printf_percent$$00000005  c_w.l(_printf_g.o)
    0x08000202   0x00000006   Code   RO         4311    .ARM.Collect$$_printf_percent$$00000006  c_w.l(_printf_a.o)
    0x08000208   0x0000000a   Code   RO         4316    .ARM.Collect$$_printf_percent$$00000007  c_w.l(_printf_ll.o)
    0x08000212   0x00000006   Code   RO         4307    .ARM.Collect$$_printf_percent$$00000008  c_w.l(_printf_i.o)
    0x08000218   0x00000006   Code   RO         4193    .ARM.Collect$$_printf_percent$$00000009  c_w.l(_printf_d.o)
    0x0800021e   0x00000006   Code   RO         4194    .ARM.Collect$$_printf_percent$$0000000A  c_w.l(_printf_u.o)
    0x08000224   0x00000006   Code   RO         4306    .ARM.Collect$$_printf_percent$$0000000B  c_w.l(_printf_o.o)
    0x0800022a   0x00000006   Code   RO         4192    .ARM.Collect$$_printf_percent$$0000000C  c_w.l(_printf_x.o)
    0x08000230   0x00000006   Code   RO         4313    .ARM.Collect$$_printf_percent$$0000000D  c_w.l(_printf_lli.o)
    0x08000236   0x00000006   Code   RO         4314    .ARM.Collect$$_printf_percent$$0000000E  c_w.l(_printf_lld.o)
    0x0800023c   0x00000006   Code   RO         4315    .ARM.Collect$$_printf_percent$$0000000F  c_w.l(_printf_llu.o)
    0x08000242   0x00000006   Code   RO         4320    .ARM.Collect$$_printf_percent$$00000010  c_w.l(_printf_llo.o)
    0x08000248   0x00000006   Code   RO         4321    .ARM.Collect$$_printf_percent$$00000011  c_w.l(_printf_llx.o)
    0x0800024e   0x0000000a   Code   RO         4317    .ARM.Collect$$_printf_percent$$00000012  c_w.l(_printf_l.o)
    0x08000258   0x00000006   Code   RO         4190    .ARM.Collect$$_printf_percent$$00000013  c_w.l(_printf_c.o)
    0x0800025e   0x00000006   Code   RO         4191    .ARM.Collect$$_printf_percent$$00000014  c_w.l(_printf_s.o)
    0x08000264   0x00000006   Code   RO         4318    .ARM.Collect$$_printf_percent$$00000015  c_w.l(_printf_lc.o)
    0x0800026a   0x00000006   Code   RO         4319    .ARM.Collect$$_printf_percent$$00000016  c_w.l(_printf_ls.o)
    0x08000270   0x00000004   Code   RO         4312    .ARM.Collect$$_printf_percent$$00000017  c_w.l(_printf_percent_end.o)
    0x08000274   0x00000002   Code   RO         4430    .ARM.Collect$$libinit$$00000000  c_w.l(libinit.o)
    0x08000276   0x00000000   Code   RO         4445    .ARM.Collect$$libinit$$00000002  c_w.l(libinit2.o)
    0x08000276   0x00000000   Code   RO         4447    .ARM.Collect$$libinit$$00000004  c_w.l(libinit2.o)
    0x08000276   0x00000000   Code   RO         4450    .ARM.Collect$$libinit$$0000000A  c_w.l(libinit2.o)
    0x08000276   0x00000000   Code   RO         4452    .ARM.Collect$$libinit$$0000000C  c_w.l(libinit2.o)
    0x08000276   0x00000000   Code   RO         4454    .ARM.Collect$$libinit$$0000000E  c_w.l(libinit2.o)
    0x08000276   0x00000006   Code   RO         4455    .ARM.Collect$$libinit$$0000000F  c_w.l(libinit2.o)
    0x0800027c   0x00000000   Code   RO         4457    .ARM.Collect$$libinit$$00000011  c_w.l(libinit2.o)
    0x0800027c   0x0000000c   Code   RO         4458    .ARM.Collect$$libinit$$00000012  c_w.l(libinit2.o)
    0x08000288   0x00000000   Code   RO         4459    .ARM.Collect$$libinit$$00000013  c_w.l(libinit2.o)
    0x08000288   0x00000000   Code   RO         4461    .ARM.Collect$$libinit$$00000015  c_w.l(libinit2.o)
    0x08000288   0x0000000a   Code   RO         4462    .ARM.Collect$$libinit$$00000016  c_w.l(libinit2.o)
    0x08000292   0x00000000   Code   RO         4463    .ARM.Collect$$libinit$$00000017  c_w.l(libinit2.o)
    0x08000292   0x00000000   Code   RO         4465    .ARM.Collect$$libinit$$00000019  c_w.l(libinit2.o)
    0x08000292   0x00000000   Code   RO         4467    .ARM.Collect$$libinit$$0000001B  c_w.l(libinit2.o)
    0x08000292   0x00000000   Code   RO         4469    .ARM.Collect$$libinit$$0000001D  c_w.l(libinit2.o)
    0x08000292   0x00000000   Code   RO         4471    .ARM.Collect$$libinit$$0000001F  c_w.l(libinit2.o)
    0x08000292   0x00000000   Code   RO         4473    .ARM.Collect$$libinit$$00000021  c_w.l(libinit2.o)
    0x08000292   0x00000000   Code   RO         4475    .ARM.Collect$$libinit$$00000023  c_w.l(libinit2.o)
    0x08000292   0x00000000   Code   RO         4477    .ARM.Collect$$libinit$$00000025  c_w.l(libinit2.o)
    0x08000292   0x00000000   Code   RO         4481    .ARM.Collect$$libinit$$0000002C  c_w.l(libinit2.o)
    0x08000292   0x00000000   Code   RO         4483    .ARM.Collect$$libinit$$0000002E  c_w.l(libinit2.o)
    0x08000292   0x00000000   Code   RO         4485    .ARM.Collect$$libinit$$00000030  c_w.l(libinit2.o)
    0x08000292   0x00000000   Code   RO         4487    .ARM.Collect$$libinit$$00000032  c_w.l(libinit2.o)
    0x08000292   0x00000002   Code   RO         4488    .ARM.Collect$$libinit$$00000033  c_w.l(libinit2.o)
    0x08000294   0x00000002   Code   RO         4516    .ARM.Collect$$libshutdown$$00000000  c_w.l(libshutdown.o)
    0x08000296   0x00000000   Code   RO         4530    .ARM.Collect$$libshutdown$$00000002  c_w.l(libshutdown2.o)
    0x08000296   0x00000000   Code   RO         4532    .ARM.Collect$$libshutdown$$00000004  c_w.l(libshutdown2.o)
    0x08000296   0x00000000   Code   RO         4535    .ARM.Collect$$libshutdown$$00000007  c_w.l(libshutdown2.o)
    0x08000296   0x00000000   Code   RO         4538    .ARM.Collect$$libshutdown$$0000000A  c_w.l(libshutdown2.o)
    0x08000296   0x00000000   Code   RO         4540    .ARM.Collect$$libshutdown$$0000000C  c_w.l(libshutdown2.o)
    0x08000296   0x00000000   Code   RO         4543    .ARM.Collect$$libshutdown$$0000000F  c_w.l(libshutdown2.o)
    0x08000296   0x00000002   Code   RO         4544    .ARM.Collect$$libshutdown$$00000010  c_w.l(libshutdown2.o)
    0x08000298   0x00000000   Code   RO         4274    .ARM.Collect$$rtentry$$00000000  c_w.l(__rtentry.o)
    0x08000298   0x00000000   Code   RO         4342    .ARM.Collect$$rtentry$$00000002  c_w.l(__rtentry2.o)
    0x08000298   0x00000006   Code   RO         4354    .ARM.Collect$$rtentry$$00000004  c_w.l(__rtentry4.o)
    0x0800029e   0x00000000   Code   RO         4344    .ARM.Collect$$rtentry$$00000009  c_w.l(__rtentry2.o)
    0x0800029e   0x00000004   Code   RO         4345    .ARM.Collect$$rtentry$$0000000A  c_w.l(__rtentry2.o)
    0x080002a2   0x00000000   Code   RO         4347    .ARM.Collect$$rtentry$$0000000C  c_w.l(__rtentry2.o)
    0x080002a2   0x00000008   Code   RO         4348    .ARM.Collect$$rtentry$$0000000D  c_w.l(__rtentry2.o)
    0x080002aa   0x00000002   Code   RO         4435    .ARM.Collect$$rtexit$$00000000  c_w.l(rtexit.o)
    0x080002ac   0x00000000   Code   RO         4490    .ARM.Collect$$rtexit$$00000002  c_w.l(rtexit2.o)
    0x080002ac   0x00000004   Code   RO         4491    .ARM.Collect$$rtexit$$00000003  c_w.l(rtexit2.o)
    0x080002b0   0x00000006   Code   RO         4492    .ARM.Collect$$rtexit$$00000004  c_w.l(rtexit2.o)
    0x080002b6   0x00000002   PAD
    0x080002b8   0x00000040   Code   RO          319    .text               startup_stm32f10x_hd.o
    0x080002f8   0x00000002   Code   RO         4127    .text               c_w.l(use_no_semi_2.o)
    0x080002fa   0x00000002   PAD
    0x080002fc   0x00000024   Code   RO         4131    .text               c_w.l(c89vsprintf.o)
    0x08000320   0x00000018   Code   RO         4133    .text               c_w.l(__2printf.o)
    0x08000338   0x0000002c   Code   RO         4135    .text               c_w.l(__2sprintf.o)
    0x08000364   0x0000004e   Code   RO         4143    .text               c_w.l(_printf_pad.o)
    0x080003b2   0x00000052   Code   RO         4145    .text               c_w.l(_printf_str.o)
    0x08000404   0x00000078   Code   RO         4147    .text               c_w.l(_printf_dec.o)
    0x0800047c   0x00000094   Code   RO         4167    .text               c_w.l(_printf_hex_int_ll_ptr.o)
    0x08000510   0x00000188   Code   RO         4187    .text               c_w.l(__printf_flags_ss_wp.o)
    0x08000698   0x00000024   Code   RO         4196    .text               c_w.l(strstr.o)
    0x080006bc   0x0000003e   Code   RO         4200    .text               c_w.l(strlen.o)
    0x080006fa   0x00000002   PAD
    0x080006fc   0x00000080   Code   RO         4206    .text               c_w.l(strcmpv7m.o)
    0x0800077c   0x00000006   Code   RO         4208    .text               c_w.l(heapauxi.o)
    0x08000782   0x00000002   Code   RO         4272    .text               c_w.l(use_no_semi.o)
    0x08000784   0x00000024   Code   RO         4279    .text               c_w.l(_printf_truncate.o)
    0x080007a8   0x000000b2   Code   RO         4281    .text               c_w.l(_printf_intcommon.o)
    0x0800085a   0x00000028   Code   RO         4283    .text               c_w.l(_printf_charcount.o)
    0x08000882   0x00000002   PAD
    0x08000884   0x00000030   Code   RO         4285    .text               c_w.l(_printf_char_common.o)
    0x080008b4   0x0000000a   Code   RO         4287    .text               c_w.l(_sputc.o)
    0x080008be   0x0000002c   Code   RO         4289    .text               c_w.l(_printf_char.o)
    0x080008ea   0x00000002   PAD
    0x080008ec   0x00000024   Code   RO         4291    .text               c_w.l(_printf_char_file.o)
    0x08000910   0x000000bc   Code   RO         4293    .text               c_w.l(_printf_wctomb.o)
    0x080009cc   0x0000007c   Code   RO         4296    .text               c_w.l(_printf_longlong_dec.o)
    0x08000a48   0x00000070   Code   RO         4302    .text               c_w.l(_printf_oct_int_ll.o)
    0x08000ab8   0x0000008a   Code   RO         4365    .text               c_w.l(lludiv10.o)
    0x08000b42   0x0000041a   Code   RO         4367    .text               c_w.l(_printf_fp_dec.o)
    0x08000f5c   0x0000002c   Code   RO         4371    .text               c_w.l(_printf_wchar.o)
    0x08000f88   0x00000008   Code   RO         4373    .text               c_w.l(ferror.o)
    0x08000f90   0x00000040   Code   RO         4377    .text               c_w.l(_wcrtomb.o)
    0x08000fd0   0x00000008   Code   RO         4379    .text               c_w.l(libspace.o)
    0x08000fd8   0x0000004a   Code   RO         4382    .text               c_w.l(sys_stackheap_outer.o)
    0x08001022   0x00000002   PAD
    0x08001024   0x00000010   Code   RO         4384    .text               c_w.l(rt_ctype_table.o)
    0x08001034   0x00000008   Code   RO         4391    .text               c_w.l(rt_locale_intlibspace.o)
    0x0800103c   0x00000080   Code   RO         4393    .text               c_w.l(_printf_fp_infnan.o)
    0x080010bc   0x000000dc   Code   RO         4395    .text               c_w.l(bigflt0.o)
    0x08001198   0x00000012   Code   RO         4423    .text               c_w.l(exit.o)
    0x080011aa   0x0000003e   Code   RO         4398    CL$$btod_d2e        c_w.l(btod.o)
    0x080011e8   0x00000046   Code   RO         4400    CL$$btod_d2e_denorm_low  c_w.l(btod.o)
    0x0800122e   0x00000060   Code   RO         4399    CL$$btod_d2e_norm_op1  c_w.l(btod.o)
    0x0800128e   0x00000338   Code   RO         4408    CL$$btod_div_common  c_w.l(btod.o)
    0x080015c6   0x000000c6   Code   RO         4405    CL$$btod_e2e        c_w.l(btod.o)
    0x0800168c   0x00000028   Code   RO         4402    CL$$btod_ediv       c_w.l(btod.o)
    0x080016b4   0x00000028   Code   RO         4401    CL$$btod_emul       c_w.l(btod.o)
    0x080016dc   0x00000244   Code   RO         4407    CL$$btod_mult_common  c_w.l(btod.o)
    0x08001920   0x00000004   Code   RO          182    i.BusFault_Handler  stm32f10x_it.o
    0x08001924   0x00000060   Code   RO          774    i.CmdResp1Error     sdio_sdcard.o
    0x08001984   0x00000064   Code   RO         1436    i.DHT11_Check       dht11.o
    0x080019e8   0x00000040   Code   RO         1437    i.DHT11_Init        dht11.o
    0x08001a28   0x0000004c   Code   RO         1438    i.DHT11_Read_Bit    dht11.o
    0x08001a74   0x0000001e   Code   RO         1439    i.DHT11_Read_Byte   dht11.o
    0x08001a92   0x00000058   Code   RO         1440    i.DHT11_Read_Data   dht11.o
    0x08001aea   0x00000002   PAD
    0x08001aec   0x00000040   Code   RO         1441    i.DHT11_Rst         dht11.o
    0x08001b2c   0x00000002   Code   RO          183    i.DebugMon_Handler  stm32f10x_it.o
    0x08001b2e   0x00000116   Code   RO         1766    i.GPIO_Init         stm32f10x_gpio.o
    0x08001c44   0x00000004   Code   RO         1774    i.GPIO_SetBits      stm32f10x_gpio.o
    0x08001c48   0x00000004   Code   RO          184    i.HardFault_Handler  stm32f10x_it.o
    0x08001c4c   0x0000003c   Code   RO          532    i.KEY_Init          key.o
    0x08001c88   0x0000004c   Code   RO          761    i.LED_Init          led.o
    0x08001cd4   0x00000004   Code   RO          185    i.MemManage_Handler  stm32f10x_it.o
    0x08001cd8   0x00000002   Code   RO          186    i.NMI_Handler       stm32f10x_it.o
    0x08001cda   0x00000002   PAD
    0x08001cdc   0x00000070   Code   RO         1478    i.NVIC_Init         misc.o
    0x08001d4c   0x00000014   Code   RO         1479    i.NVIC_PriorityGroupConfig  misc.o
    0x08001d60   0x00000002   Code   RO          187    i.PendSV_Handler    stm32f10x_it.o
    0x08001d62   0x00000002   PAD
    0x08001d64   0x00000020   Code   RO         1876    i.RCC_APB1PeriphClockCmd  stm32f10x_rcc.o
    0x08001d84   0x00000020   Code   RO         1877    i.RCC_APB1PeriphResetCmd  stm32f10x_rcc.o
    0x08001da4   0x00000020   Code   RO         1878    i.RCC_APB2PeriphClockCmd  stm32f10x_rcc.o
    0x08001dc4   0x00000020   Code   RO         1879    i.RCC_APB2PeriphResetCmd  stm32f10x_rcc.o
    0x08001de4   0x000000d4   Code   RO         1886    i.RCC_GetClocksFreq  stm32f10x_rcc.o
    0x08001eb8   0x0000000c   Code   RO         2075    i.SDIO_ClearFlag    stm32f10x_sdio.o
    0x08001ec4   0x00000018   Code   RO         2087    i.SDIO_GetFlagStatus  stm32f10x_sdio.o
    0x08001edc   0x00000008   Code   RO          783    i.SDIO_IRQHandler   sdio_sdcard.o
    0x08001ee4   0x0000002c   Code   RO         2095    i.SDIO_SendCommand  stm32f10x_sdio.o
    0x08001f10   0x0000013c   Code   RO          792    i.SD_ProcessIRQSrc  sdio_sdcard.o
    0x0800204c   0x00000002   Code   RO          188    i.SVC_Handler       stm32f10x_it.o
    0x0800204e   0x00000008   Code   RO          271    i.SetSysClock       system_stm32f10x.o
    0x08002056   0x00000002   PAD
    0x08002058   0x000000e0   Code   RO          272    i.SetSysClockTo72   system_stm32f10x.o
    0x08002138   0x00000028   Code   RO         1482    i.SysTick_CLKSourceConfig  misc.o
    0x08002160   0x00000002   Code   RO          189    i.SysTick_Handler   stm32f10x_it.o
    0x08002162   0x00000002   PAD
    0x08002164   0x00000060   Code   RO          274    i.SystemInit        system_stm32f10x.o
    0x080021c4   0x00000038   Code   RO         3202    i.TIM4_IRQHandler   usmart.o
    0x080021fc   0x00000034   Code   RO         1000    i.TIM7_IRQHandler   timer.o
    0x08002230   0x00000060   Code   RO         1001    i.TIM7_Int_Init     timer.o
    0x08002290   0x00000006   Code   RO         2414    i.TIM_ClearFlag     stm32f10x_tim.o
    0x08002296   0x00000006   Code   RO         2415    i.TIM_ClearITPendingBit  stm32f10x_tim.o
    0x0800229c   0x00000018   Code   RO         2420    i.TIM_Cmd           stm32f10x_tim.o
    0x080022b4   0x00000006   Code   RO         2439    i.TIM_GetCounter    stm32f10x_tim.o
    0x080022ba   0x00000012   Code   RO         2440    i.TIM_GetFlagStatus  stm32f10x_tim.o
    0x080022cc   0x00000022   Code   RO         2441    i.TIM_GetITStatus   stm32f10x_tim.o
    0x080022ee   0x00000012   Code   RO         2445    i.TIM_ITConfig      stm32f10x_tim.o
    0x08002300   0x00000004   Code   RO         2479    i.TIM_SetAutoreload  stm32f10x_tim.o
    0x08002304   0x00000004   Code   RO         2485    i.TIM_SetCounter    stm32f10x_tim.o
    0x08002308   0x000000a4   Code   RO         2491    i.TIM_TimeBaseInit  stm32f10x_tim.o
    0x080023ac   0x0000005c   Code   RO         3203    i.Timer4_Init       usmart.o
    0x08002408   0x00000088   Code   RO          377    i.USART1_IRQHandler  usart.o
    0x08002490   0x00000070   Code   RO         1295    i.USART3_IRQHandler  usart3.o
    0x08002500   0x00000018   Code   RO         2956    i.USART_Cmd         stm32f10x_usart.o
    0x08002518   0x0000009c   Code   RO         2958    i.USART_DeInit      stm32f10x_usart.o
    0x080025b4   0x0000001a   Code   RO         2959    i.USART_GetFlagStatus  stm32f10x_usart.o
    0x080025ce   0x00000054   Code   RO         2960    i.USART_GetITStatus  stm32f10x_usart.o
    0x08002622   0x0000004a   Code   RO         2962    i.USART_ITConfig    stm32f10x_usart.o
    0x0800266c   0x000000d8   Code   RO         2963    i.USART_Init        stm32f10x_usart.o
    0x08002744   0x0000000a   Code   RO         2970    i.USART_ReceiveData  stm32f10x_usart.o
    0x0800274e   0x00000008   Code   RO         2973    i.USART_SendData    stm32f10x_usart.o
    0x08002756   0x00000004   Code   RO          190    i.UsageFault_Handler  stm32f10x_it.o
    0x0800275a   0x00000028   Code   RO         4433    i.__ARM_fpclassify  m_ws.l(fpclassify.o)
    0x08002782   0x0000000e   Code   RO         4180    i._is_digit         c_w.l(__printf_wp.o)
    0x08002790   0x00000006   Code   RO          378    i._sys_exit         usart.o
    0x08002796   0x00000002   PAD
    0x08002798   0x0000003c   Code   RO         4051    i.atk_8266_at_response  common.o
    0x080027d4   0x00000034   Code   RO         4052    i.atk_8266_check_cmd  common.o
    0x08002808   0x00000044   Code   RO         4053    i.atk_8266_consta_check  common.o
    0x0800284c   0x00000070   Code   RO         4055    i.atk_8266_quit_trans  common.o
    0x080028bc   0x00000074   Code   RO         4056    i.atk_8266_send_cmd  common.o
    0x08002930   0x0000005c   Code   RO         4057    i.atk_8266_send_data  common.o
    0x0800298c   0x00000220   Code   RO         4112    i.atk_8266_wifiap_test  wifiap.o
    0x08002bac   0x00000044   Code   RO          323    i.delay_init        delay.o
    0x08002bf0   0x0000004c   Code   RO          324    i.delay_ms          delay.o
    0x08002c3c   0x0000004c   Code   RO          325    i.delay_us          delay.o
    0x08002c88   0x0000001c   Code   RO          379    i.fputc             usart.o
    0x08002ca4   0x00000030   Code   RO            1    i.main              main.o
    0x08002cd4   0x00000044   Code   RO         3133    i.my_mem_init       malloc.o
    0x08002d18   0x000000a8   Code   RO         3134    i.my_mem_malloc     malloc.o
    0x08002dc0   0x00000040   Code   RO         3135    i.my_mem_perused    malloc.o
    0x08002e00   0x00000028   Code   RO         3137    i.mymalloc          malloc.o
    0x08002e28   0x00000014   Code   RO         3139    i.mymemset          malloc.o
    0x08002e3c   0x00000006   Code   RO         3204    i.read_addr         usmart.o
    0x08002e42   0x00000002   PAD
    0x08002e44   0x00000050   Code   RO         1296    i.u3_printf         usart3.o
    0x08002e94   0x000000a0   Code   RO          380    i.uart_init         usart.o
    0x08002f34   0x000000d0   Code   RO         1297    i.usart3_init       usart3.o
    0x08003004   0x000000b0   Code   RO         3205    i.usmart_cmd_rec    usmart.o
    0x080030b4   0x000002d4   Code   RO         3206    i.usmart_exe        usmart.o
    0x08003388   0x000000c8   Code   RO         3298    i.usmart_get_aparm  usmart_str.o
    0x08003450   0x00000036   Code   RO         3299    i.usmart_get_cmdname  usmart_str.o
    0x08003486   0x00000002   PAD
    0x08003488   0x000001c0   Code   RO         3300    i.usmart_get_fname  usmart_str.o
    0x08003648   0x0000010c   Code   RO         3301    i.usmart_get_fparam  usmart_str.o
    0x08003754   0x00000020   Code   RO         3302    i.usmart_get_parmpos  usmart_str.o
    0x08003774   0x00000044   Code   RO         3207    i.usmart_get_runtime  usmart.o
    0x080037b8   0x00000028   Code   RO         3208    i.usmart_init       usmart.o
    0x080037e0   0x00000016   Code   RO         3303    i.usmart_pow        usmart_str.o
    0x080037f6   0x00000002   PAD
    0x080037f8   0x00000030   Code   RO         3209    i.usmart_reset_runtime  usmart.o
    0x08003828   0x000000bc   Code   RO         3210    i.usmart_scan       usmart.o
    0x080038e4   0x00000016   Code   RO         3304    i.usmart_search_nextc  usmart_str.o
    0x080038fa   0x000000ca   Code   RO         3305    i.usmart_str2num    usmart_str.o
    0x080039c4   0x00000022   Code   RO         3306    i.usmart_strcmp     usmart_str.o
    0x080039e6   0x00000016   Code   RO         3307    i.usmart_strcopy    usmart_str.o
    0x080039fc   0x00000018   Code   RO         3308    i.usmart_strlen     usmart_str.o
    0x08003a14   0x000006e4   Code   RO         3211    i.usmart_sys_cmd_exe  usmart.o
    0x080040f8   0x00000004   Code   RO         3212    i.write_addr        usmart.o
    0x080040fc   0x0000002c   Code   RO         4421    locale$$code        c_w.l(lc_numeric_c.o)
    0x08004128   0x0000002c   Code   RO         4438    locale$$code        c_w.l(lc_ctype_c.o)
    0x08004154   0x00000004   Code   RO         4338    x$fpl$printf1       fz_ws.l(printf1.o)
    0x08004158   0x00000000   Code   RO         4340    x$fpl$usenofp       fz_ws.l(usenofp.o)
    0x08004158   0x00000018   Data   RO         3144    .constdata          malloc.o
    0x08004170   0x00000028   Data   RO         4168    .constdata          c_w.l(_printf_hex_int_ll_ptr.o)
    0x08004198   0x00000011   Data   RO         4188    .constdata          c_w.l(__printf_flags_ss_wp.o)
    0x080041a9   0x00000003   PAD
    0x080041ac   0x00000008   Data   RO         4294    .constdata          c_w.l(_printf_wctomb.o)
    0x080041b4   0x00000094   Data   RO         4396    .constdata          c_w.l(bigflt0.o)
    0x08004248   0x00000028   Data   RO         3213    .conststring        usmart.o
    0x08004270   0x00000090   Data   RO         3285    .conststring        usmart_config.o
    0x08004300   0x000000b6   Data   RO         4058    .conststring        common.o
    0x080043b6   0x00000002   PAD
    0x080043b8   0x00000020   Data   RO         4562    Region$$Table       anon$$obj.o
    0x080043d8   0x0000001c   Data   RO         4420    locale$$data        c_w.l(lc_numeric_c.o)
    0x080043f4   0x00000110   Data   RO         4437    locale$$data        c_w.l(lc_ctype_c.o)


    Execution Region RW_IRAM1 (Base: 0x20000000, Size: 0x0000ba80, Max: 0x00010000, ABSOLUTE, COMPRESSED[0x000000b0])

    Base Addr    Size         Type   Attr      Idx    E Section Name        Object

    0x20000000   0x00000002   Data   RW            2    .data               main.o
    0x20000002   0x00000002   PAD
    0x20000004   0x00000014   Data   RW          275    .data               system_stm32f10x.o
    0x20000018   0x00000004   Data   RW          326    .data               delay.o
    0x2000001c   0x00000006   Data   RW          382    .data               usart.o
    0x20000022   0x00000002   PAD
    0x20000024   0x00000010   Data   RW          804    .data               sdio_sdcard.o
    0x20000034   0x00000002   Data   RW         1299    .data               usart3.o
    0x20000036   0x00000014   Data   RW         1906    .data               stm32f10x_rcc.o
    0x2000004a   0x00000002   PAD
    0x2000004c   0x0000001c   Data   RW         3145    .data               malloc.o
    0x20000068   0x0000001c   Data   RW         3214    .data               usmart.o
    0x20000084   0x00000114   Data   RW         3286    .data               usmart_config.o
    0x20000198   0x00000048   Data   RW         4059    .data               common.o
    0x200001e0   0x000000c8   Zero   RW          381    .bss                usart.o
    0x200002a8   0x000002c0   Zero   RW          803    .bss                sdio_sdcard.o
    0x20000568   0x000004b0   Zero   RW         1298    .bss                usart3.o
    0x20000a18   0x00000008   PAD
    0x20000a20   0x0000aa00   Zero   RW         3143    .bss                malloc.o
    0x2000b420   0x00000060   Zero   RW         4380    .bss                c_w.l(libspace.o)
    0x2000b480   0x00000200   Zero   RW          317    HEAP                startup_stm32f10x_hd.o
    0x2000b680   0x00000400   Zero   RW          316    STACK               startup_stm32f10x_hd.o



  Load Region LR$$.ARM.__AT_0x68000000 (Base: 0x68000000, Size: 0x00000000, Max: 0x000f0000, ABSOLUTE)

    Execution Region ER$$.ARM.__AT_0x68000000 (Base: 0x68000000, Size: 0x000f0000, Max: 0x000f0000, ABSOLUTE, UNINIT)

    Base Addr    Size         Type   Attr      Idx    E Section Name        Object

    0x68000000   0x000f0000   Zero   RW         3141    .ARM.__AT_0x68000000  malloc.o



  Load Region LR$$.ARM.__AT_0x680F0000 (Base: 0x680f0000, Size: 0x00000000, Max: 0x0000f000, ABSOLUTE)

    Execution Region ER$$.ARM.__AT_0x680F0000 (Base: 0x680f0000, Size: 0x0000f000, Max: 0x0000f000, ABSOLUTE, UNINIT)

    Base Addr    Size         Type   Attr      Idx    E Section Name        Object

    0x680f0000   0x0000f000   Zero   RW         3142    .ARM.__AT_0x680F0000  malloc.o


==============================================================================

Image component sizes


      Code (inc. data)   RO Data    RW Data    ZI Data      Debug   Object Name

       500         98        182         72          0       4672   common.o
         0          0          0          0          0         32   core_cm3.o
       220         26          0          4          0       1691   delay.o
       422         32          0          0          0       3788   dht11.o
        60          8          0          0          0        487   key.o
        76          8          0          0          0        491   led.o
        48          0          0          2          0     262694   main.o
       360         42         24         28    1088000       4646   malloc.o
       172         22          0          0          0       2025   misc.o
       420         26          0         16        704      11390   sdio_sdcard.o
        64         26        304          0       1536        792   startup_stm32f10x_hd.o
       282          0          0          0          0       2475   stm32f10x_gpio.o
        26          0          0          0          0       3630   stm32f10x_it.o
       340         44          0         20          0       5512   stm32f10x_rcc.o
        80         16          0          0          0       3413   stm32f10x_sdio.o
       284         42          0          0          0       6224   stm32f10x_tim.o
       598         28          0          0          0       6712   stm32f10x_usart.o
       328         28          0         20          0       2045   system_stm32f10x.o
       148         16          0          0          0       1118   timer.o
       330         26          0          6        200       4100   usart.o
       400         42          0          2       1200       3234   usart3.o
      3166       1330         40         28          0       7474   usmart.o
         0          0        144        276          0       1496   usmart_config.o
      1328         20          0          0          0       8377   usmart_str.o
       544        224          0          0          0       1142   wifiap.o

    ----------------------------------------------------------------------
     10214       2104        728        480    1091648     349660   Object Totals
         0          0         32          0          0          0   (incl. Generated)
        18          0          2          6          8          0   (incl. Padding)

    ----------------------------------------------------------------------

      Code (inc. data)   RO Data    RW Data    ZI Data      Debug   Library Member Name

        24          4          0          0          0         84   __2printf.o
        44          6          0          0          0         84   __2sprintf.o
        90          0          0          0          0          0   __dczerorl2.o
         8          0          0          0          0         68   __main.o
       392          4         17          0          0         92   __printf_flags_ss_wp.o
        14          0          0          0          0         68   __printf_wp.o
         0          0          0          0          0          0   __rtentry.o
        12          0          0          0          0          0   __rtentry2.o
         6          0          0          0          0          0   __rtentry4.o
        52          8          0          0          0          0   __scatter.o
        28          0          0          0          0          0   __scatter_zi.o
         6          0          0          0          0          0   _printf_a.o
         6          0          0          0          0          0   _printf_c.o
        44          0          0          0          0        108   _printf_char.o
        48          6          0          0          0         96   _printf_char_common.o
        36          4          0          0          0         80   _printf_char_file.o
        40          0          0          0          0         68   _printf_charcount.o
         6          0          0          0          0          0   _printf_d.o
       120         16          0          0          0         92   _printf_dec.o
         6          0          0          0          0          0   _printf_e.o
         6          0          0          0          0          0   _printf_f.o
      1050          0          0          0          0        216   _printf_fp_dec.o
       128         16          0          0          0         84   _printf_fp_infnan.o
         6          0          0          0          0          0   _printf_g.o
       148          4         40          0          0        160   _printf_hex_int_ll_ptr.o
         6          0          0          0          0          0   _printf_i.o
       178          0          0          0          0         88   _printf_intcommon.o
        10          0          0          0          0          0   _printf_l.o
         6          0          0          0          0          0   _printf_lc.o
        10          0          0          0          0          0   _printf_ll.o
         6          0          0          0          0          0   _printf_lld.o
         6          0          0          0          0          0   _printf_lli.o
         6          0          0          0          0          0   _printf_llo.o
         6          0          0          0          0          0   _printf_llu.o
         6          0          0          0          0          0   _printf_llx.o
       124         16          0          0          0         92   _printf_longlong_dec.o
         6          0          0          0          0          0   _printf_ls.o
         6          0          0          0          0          0   _printf_n.o
         6          0          0          0          0          0   _printf_o.o
       112          8          0          0          0        124   _printf_oct_int_ll.o
         6          0          0          0          0          0   _printf_p.o
        78          0          0          0          0        108   _printf_pad.o
         0          0          0          0          0          0   _printf_percent.o
         4          0          0          0          0          0   _printf_percent_end.o
         6          0          0          0          0          0   _printf_s.o
        82          0          0          0          0         80   _printf_str.o
        36          0          0          0          0         84   _printf_truncate.o
         6          0          0          0          0          0   _printf_u.o
        44          0          0          0          0        108   _printf_wchar.o
       188          6          8          0          0         92   _printf_wctomb.o
         6          0          0          0          0          0   _printf_x.o
        10          0          0          0          0         68   _sputc.o
        64          0          0          0          0         92   _wcrtomb.o
       220          4        148          0          0         96   bigflt0.o
      1910        128          0          0          0        672   btod.o
        36          4          0          0          0         76   c89vsprintf.o
        18          0          0          0          0         80   exit.o
         8          0          0          0          0         68   ferror.o
         6          0          0          0          0        152   heapauxi.o
        44         10        272          0          0         76   lc_ctype_c.o
        44         10         28          0          0         76   lc_numeric_c.o
         2          0          0          0          0          0   libinit.o
        30          0          0          0          0          0   libinit2.o
         2          0          0          0          0          0   libshutdown.o
         2          0          0          0          0          0   libshutdown2.o
         8          4          0          0         96         68   libspace.o
       138          0          0          0          0         80   lludiv10.o
        16          4          0          0          0         76   rt_ctype_table.o
         8          4          0          0          0         68   rt_locale_intlibspace.o
         2          0          0          0          0          0   rtexit.o
        10          0          0          0          0          0   rtexit2.o
       128          0          0          0          0         68   strcmpv7m.o
        62          0          0          0          0         76   strlen.o
        36          0          0          0          0         80   strstr.o
        74          0          0          0          0         80   sys_stackheap_outer.o
         2          0          0          0          0         68   use_no_semi.o
         2          0          0          0          0         68   use_no_semi_2.o
         4          0          0          0          0         68   printf1.o
         0          0          0          0          0          0   usenofp.o
        40          0          0          0          0         68   fpclassify.o

    ----------------------------------------------------------------------
      6210        266        516          0         96       4400   Library Totals
        14          0          3          0          0          0   (incl. Padding)

    ----------------------------------------------------------------------

      Code (inc. data)   RO Data    RW Data    ZI Data      Debug   Library Name

      6152        266        513          0         96       4264   c_w.l
         4          0          0          0          0         68   fz_ws.l
        40          0          0          0          0         68   m_ws.l

    ----------------------------------------------------------------------
      6210        266        516          0         96       4400   Library Totals

    ----------------------------------------------------------------------

==============================================================================


      Code (inc. data)   RO Data    RW Data    ZI Data      Debug   

     16424       2370       1244        480    1091744     346568   Grand Totals
     16424       2370       1244        176    1091744     346568   ELF Image Totals (compressed)
     16424       2370       1244        176          0          0   ROM Totals

==============================================================================

    Total RO  Size (Code + RO Data)                17668 (  17.25kB)
    Total RW  Size (RW Data + ZI Data)           1092224 (1066.63kB)
    Total ROM Size (Code + RO Data + RW Data)      17844 (  17.43kB)

==============================================================================

